2026-06-26 23:12:52.288 [info] [main] Log level: Info
2026-06-26 23:12:52.288 [info] [main] Validating found git in: "git"
2026-06-26 23:12:52.288 [info] [main] Using git "2.43.0" from "git"
2026-06-26 23:12:52.288 [info] [Model][doInitialScan] Initial repository scan started
2026-06-26 23:12:52.288 [info] > git rev-parse --show-toplevel [13ms]
2026-06-26 23:12:52.288 [info] > git rev-parse --git-dir --git-common-dir --show-superproject-working-tree [37ms]
2026-06-26 23:12:52.288 [info] [Model][openRepository] Opened repository (path): /home/kraddy/homelab
2026-06-26 23:12:52.288 [info] [Model][openRepository] Opened repository (real path): /home/kraddy/homelab
2026-06-26 23:12:52.288 [info] [Model][openRepository] Opened repository (kind): repository
2026-06-26 23:12:52.288 [info] > git rev-parse --show-toplevel [14ms]
2026-06-26 23:12:52.288 [info] > git config --get commit.template [19ms]
2026-06-26 23:12:52.288 [info] > git for-each-ref --format=%(refname)%00%(upstream:short)%00%(objectname)%00%(upstream:track)%00%(upstream:remotename)%00%(upstream:remoteref) refs/heads/master refs/remotes/master [3ms]
2026-06-26 23:12:52.288 [info] > git rev-parse --show-toplevel [10ms]
2026-06-26 23:12:52.288 [info] > git status -z -uall [12ms]
2026-06-26 23:12:52.288 [info] > git rev-parse --show-toplevel [22ms]
2026-06-26 23:12:52.288 [info] [Model][doInitialScan] Initial repository scan completed - repositories (1), closed repositories (0), parent repositories (0), unsafe repositories (0)
2026-06-26 23:12:52.288 [info] > git for-each-ref --sort -committerdate --format %(refname)%00%(objectname)%00%(*objectname) [12ms]
2026-06-26 23:12:52.288 [info] > git for-each-ref --format=%(refname)%00%(upstream:short)%00%(objectname)%00%(upstream:track)%00%(upstream:remotename)%00%(upstream:remoteref) refs/heads/master refs/remotes/master [94ms]
2026-06-26 23:12:52.288 [info] > git config --get commit.template [28ms]
2026-06-26 23:12:52.288 [info] > git config --get --local branch.master.vscode-merge-base [4ms]
2026-06-26 23:12:52.288 [warning] [Git][config] git config failed: Failed to execute git
2026-06-26 23:12:52.288 [info] > git reflog master --grep-reflog=branch: Created from *. [8ms]
2026-06-26 23:12:52.288 [info] > git for-each-ref --format=%(refname)%00%(upstream:short)%00%(objectname)%00%(upstream:track)%00%(upstream:remotename)%00%(upstream:remoteref) refs/heads/master refs/remotes/master [10ms]
2026-06-26 23:12:52.288 [info] > git symbolic-ref --short refs/remotes/origin/HEAD [17ms]
2026-06-26 23:12:52.288 [info] fatal: ref refs/remotes/origin/HEAD is not a symbolic ref
2026-06-26 23:12:52.288 [warning] [Repository][getDefaultBranch] Failed to get default branch details: Failed to execute git.
2026-06-26 23:12:52.288 [info] > git status -z -uall [10ms]
2026-06-26 23:12:52.288 [info] > git merge-base refs/heads/master refs/remotes/origin/master [18ms]
2026-06-26 23:12:52.288 [info] > git for-each-ref --sort -committerdate --format %(refname)%00%(objectname)%00%(*objectname) [14ms]
2026-06-26 23:12:52.288 [info] > git merge-base refs/heads/master refs/remotes/origin/master [5ms]
2026-06-26 23:12:52.288 [info] > git diff --name-status -z --diff-filter=ADMR af56fc5fa72047d9dd5348df51ce47913cef5f54...refs/remotes/origin/master [29ms]
2026-06-26 23:12:52.288 [info] > git diff --name-status -z --diff-filter=ADMR af56fc5fa72047d9dd5348df51ce47913cef5f54...refs/remotes/origin/master [5ms]
2026-06-26 23:12:52.719 [info] > git show --textconv :apps/code-server/docker-compose.yml [22ms]
2026-06-26 23:12:52.720 [info] > git ls-files --stage -- apps/code-server/docker-compose.yml [16ms]
2026-06-26 23:12:52.728 [info] > git cat-file -s 85d5b480d45af3cf6071d676193d78b5ac1cf59d [2ms]
2026-06-26 23:12:52.761 [info] > git blame --root --incremental af56fc5fa72047d9dd5348df51ce47913cef5f54 -- apps/code-server/docker-compose.yml [3ms]
2026-06-26 23:12:52.805 [info] > git check-ignore -v -z --stdin [3ms]
2026-06-26 23:12:56.084 [info] > git config --get commit.template [8ms]
2026-06-26 23:12:56.086 [info] > git for-each-ref --format=%(refname)%00%(upstream:short)%00%(objectname)%00%(upstream:track)%00%(upstream:remotename)%00%(upstream:remoteref) refs/heads/master refs/remotes/master [4ms]
2026-06-26 23:12:56.102 [info] > git for-each-ref --sort -committerdate --format %(refname)%00%(objectname)%00%(*objectname) [3ms]
2026-06-26 23:12:56.103 [info] > git status -z -uall [11ms]
2026-06-26 23:13:01.129 [info] > git config --get commit.template [7ms]
2026-06-26 23:13:01.130 [info] > git for-each-ref --format=%(refname)%00%(upstream:short)%00%(objectname)%00%(upstream:track)%00%(upstream:remotename)%00%(upstream:remoteref) refs/heads/master refs/remotes/master [3ms]
2026-06-26 23:13:01.144 [info] > git status -z -uall [9ms]
2026-06-26 23:13:01.145 [info] > git for-each-ref --sort -committerdate --format %(refname)%00%(objectname)%00%(*objectname) [4ms]
2026-06-26 23:13:06.178 [info] > git config --get commit.template [9ms]
2026-06-26 23:13:06.179 [info] > git for-each-ref --format=%(refname)%00%(upstream:short)%00%(objectname)%00%(upstream:track)%00%(upstream:remotename)%00%(upstream:remoteref) refs/heads/master refs/remotes/master [3ms]
2026-06-26 23:13:06.197 [info] > git status -z -uall [10ms]
2026-06-26 23:13:06.197 [info] > git for-each-ref --sort -committerdate --format %(refname)%00%(objectname)%00%(*objectname) [3ms]
2026-06-26 23:13:11.227 [info] > git config --get commit.template [9ms]
2026-06-26 23:13:11.229 [info] > git for-each-ref --format=%(refname)%00%(upstream:short)%00%(objectname)%00%(upstream:track)%00%(upstream:remotename)%00%(upstream:remoteref) refs/heads/master refs/remotes/master [3ms]
2026-06-26 23:13:11.245 [info] > git status -z -uall [8ms]
2026-06-26 23:13:11.245 [info] > git for-each-ref --sort -committerdate --format %(refname)%00%(objectname)%00%(*objectname) [3ms]
2026-06-26 23:13:12.604 [info] > git show --textconv :.env [9ms]
2026-06-26 23:13:12.612 [info] > git ls-files --stage -- .env [9ms]
2026-06-26 23:13:12.619 [info] > git hash-object -t tree /dev/null [8ms]
2026-06-26 23:13:12.620 [warning] [GitFileSystemProvider][readFile] File not found - git:/home/kraddy/homelab/.env.git?%7B%22path%22%3A%22%2Fhome%2Fkraddy%2Fhomelab%2F.env%22%2C%22ref%22%3A%22%22%7D
2026-06-26 23:13:12.621 [info] > git hash-object -t tree /dev/null [3ms]
2026-06-26 23:13:12.621 [warning] [GitFileSystemProvider][stat] File not found - git:/home/kraddy/homelab/.env.git?%7B%22path%22%3A%22%2Fhome%2Fkraddy%2Fhomelab%2F.env%22%2C%22ref%22%3A%22%22%7D
2026-06-26 23:13:12.640 [info] > git blame --root --incremental af56fc5fa72047d9dd5348df51ce47913cef5f54 -- .env [3ms]
2026-06-26 23:13:12.640 [info] fatal: no such path .env in af56fc5fa72047d9dd5348df51ce47913cef5f54
2026-06-26 23:13:16.269 [info] > git config --get commit.template [3ms]
2026-06-26 23:13:16.280 [info] > git for-each-ref --format=%(refname)%00%(upstream:short)%00%(objectname)%00%(upstream:track)%00%(upstream:remotename)%00%(upstream:remoteref) refs/heads/master refs/remotes/master [2ms]
2026-06-26 23:13:16.295 [info] > git status -z -uall [8ms]
2026-06-26 23:13:16.295 [info] > git for-each-ref --sort -committerdate --format %(refname)%00%(objectname)%00%(*objectname) [3ms]
2026-06-26 23:13:21.329 [info] > git config --get commit.template [10ms]
2026-06-26 23:13:21.330 [info] > git for-each-ref --format=%(refname)%00%(upstream:short)%00%(objectname)%00%(upstream:track)%00%(upstream:remotename)%00%(upstream:remoteref) refs/heads/master refs/remotes/master [2ms]
2026-06-26 23:13:21.345 [info] > git status -z -uall [8ms]
2026-06-26 23:13:21.347 [info] > git for-each-ref --sort -committerdate --format %(refname)%00%(objectname)%00%(*objectname) [5ms]
2026-06-26 23:13:27.099 [info] > git config --get commit.template [9ms]
2026-06-26 23:13:27.101 [info] > git for-each-ref --format=%(refname)%00%(upstream:short)%00%(objectname)%00%(upstream:track)%00%(upstream:remotename)%00%(upstream:remoteref) refs/heads/master refs/remotes/master [3ms]
2026-06-26 23:13:27.116 [info] > git for-each-ref --sort -committerdate --format %(refname)%00%(objectname)%00%(*objectname) [2ms]
2026-06-26 23:13:27.118 [info] > git status -z -uall [11ms]
2026-06-26 23:13:32.144 [info] > git config --get commit.template [9ms]
2026-06-26 23:13:32.146 [info] > git for-each-ref --format=%(refname)%00%(upstream:short)%00%(objectname)%00%(upstream:track)%00%(upstream:remotename)%00%(upstream:remoteref) refs/heads/master refs/remotes/master [3ms]
2026-06-26 23:13:32.166 [info] > git for-each-ref --sort -committerdate --format %(refname)%00%(objectname)%00%(*objectname) [3ms]
2026-06-26 23:13:32.170 [info] > git status -z -uall [15ms]
2026-06-26 23:13:51.517 [info] > git config --get commit.template [9ms]
2026-06-26 23:13:51.519 [info] > git for-each-ref --format=%(refname)%00%(upstream:short)%00%(objectname)%00%(upstream:track)%00%(upstream:remotename)%00%(upstream:remoteref) refs/heads/master refs/remotes/master [3ms]
2026-06-26 23:13:51.534 [info] > git status -z -uall [9ms]
2026-06-26 23:13:51.535 [info] > git for-each-ref --sort -committerdate --format %(refname)%00%(objectname)%00%(*objectname) [4ms]
2026-06-26 23:14:03.199 [info] > git config --get commit.template [7ms]
2026-06-26 23:14:03.200 [info] > git for-each-ref --format=%(refname)%00%(upstream:short)%00%(objectname)%00%(upstream:track)%00%(upstream:remotename)%00%(upstream:remoteref) refs/heads/master refs/remotes/master [2ms]
2026-06-26 23:14:03.214 [info] > git status -z -uall [8ms]
2026-06-26 23:14:03.215 [info] > git for-each-ref --sort -committerdate --format %(refname)%00%(objectname)%00%(*objectname) [3ms]
