2026-06-26 21:33:04.321 [info] Extension host with pid 684 started
2026-06-26 21:33:04.321 [error] Error: EEXIST: file already exists, open '/config/data/User/workspaceStorage/51d7f283/vscode.lock'
2026-06-26 21:33:04.322 [info] Lock '/config/data/User/workspaceStorage/51d7f283/vscode.lock': Could not acquire lock, checking if the file is stale.
2026-06-26 21:33:04.323 [info] Lock '/config/data/User/workspaceStorage/51d7f283/vscode.lock': The pid 786 appears to be gone.
2026-06-26 21:33:04.323 [info] Lock '/config/data/User/workspaceStorage/51d7f283/vscode.lock': Deleting a stale lock.
2026-06-26 21:33:04.366 [info] Lock '/config/data/User/workspaceStorage/51d7f283/vscode.lock': Lock acquired.
2026-06-26 21:33:04.629 [info] ExtensionService#_doActivateExtension vscode.emmet, startup: false, activationEvent: 'onLanguage'
2026-06-26 21:33:04.632 [info] ExtensionService#_doActivateExtension ms-azuretools.vscode-containers, startup: false, activationEvent: 'onLanguage:dockercompose'
2026-06-26 21:33:05.161 [info] ExtensionService#_doActivateExtension vscode.terminal-suggest, startup: false, activationEvent: 'onTerminalShellIntegration:*'
2026-06-26 21:33:05.451 [info] ExtensionService#_doActivateExtension vscode.git-base, startup: true, activationEvent: '*', root cause: vscode.git
2026-06-26 21:33:05.768 [info] ExtensionService#_doActivateExtension vscode.git, startup: true, activationEvent: '*'
2026-06-26 21:33:05.769 [info] ExtensionService#_doActivateExtension vscode.github, startup: true, activationEvent: '*'
2026-06-26 21:33:06.259 [info] Eager extensions activated
2026-06-26 21:33:06.259 [info] ExtensionService#_doActivateExtension vscode.debug-auto-launch, startup: false, activationEvent: 'onStartupFinished'
2026-06-26 21:33:06.260 [info] ExtensionService#_doActivateExtension vscode.merge-conflict, startup: false, activationEvent: 'onStartupFinished'
2026-06-26 21:33:07.067 [info] ExtensionService#_doActivateExtension vscode.github-authentication, startup: false, activationEvent: 'onAuthenticationRequest:github'
2026-06-26 21:48:28.312 [info] ExtensionService#_doActivateExtension vscode.npm, startup: false, activationEvent: 'onTerminalQuickFixRequest:ms-vscode.npm-command'
2026-06-26 21:48:33.504 [info] ExtensionService#_doActivateExtension vscode.configuration-editing, startup: false, activationEvent: 'onLanguage:json'
2026-06-26 21:48:33.505 [info] ExtensionService#_doActivateExtension vscode.extension-editing, startup: false, activationEvent: 'onLanguage:json'
2026-06-26 21:48:33.506 [info] ExtensionService#_doActivateExtension vscode.json-language-features, startup: false, activationEvent: 'onLanguage:json'
2026-06-26 21:49:53.640 [info] Extension host terminating: received terminate message from renderer
2026-06-26 21:49:53.640 [info] Lock '/config/data/User/workspaceStorage/51d7f283/vscode.lock': Marking the lockfile as scheduled to be released in 6000 ms.
2026-06-26 21:49:53.724 [info] Extension host with pid 684 exiting with code 0
