2026-06-26 20:35:24.274 [info] [main] Log level: Info
2026-06-26 20:35:24.274 [info] [main] Validating found git in: "git"
2026-06-26 20:35:24.274 [info] [main] Using git "2.43.0" from "git"
2026-06-26 20:35:24.274 [info] [Model][doInitialScan] Initial repository scan started
2026-06-26 20:35:24.274 [info] > git rev-parse --show-toplevel [3ms]
2026-06-26 20:35:24.274 [info] > git rev-parse --git-dir --git-common-dir --show-superproject-working-tree [5ms]
2026-06-26 20:35:24.274 [info] [Model][openRepository] Opened repository (path): /home/kraddy/homelab
2026-06-26 20:35:24.274 [info] [Model][openRepository] Opened repository (real path): /home/kraddy/homelab
2026-06-26 20:35:24.274 [info] [Model][openRepository] Opened repository (kind): repository
2026-06-26 20:35:24.274 [info] > git config --get commit.template [5ms]
2026-06-26 20:35:24.274 [info] > git rev-parse --show-toplevel [4ms]
2026-06-26 20:35:24.274 [info] > git for-each-ref --format=%(refname)%00%(upstream:short)%00%(objectname)%00%(upstream:track)%00%(upstream:remotename)%00%(upstream:remoteref) refs/heads/master refs/remotes/master [6ms]
2026-06-26 20:35:24.274 [info] > git rev-parse --show-toplevel [2ms]
2026-06-26 20:35:24.274 [info] [Model][doInitialScan] Initial repository scan completed - repositories (1), closed repositories (0), parent repositories (0), unsafe repositories (0)
2026-06-26 20:35:24.274 [info] > git status -z -uall [9ms]
2026-06-26 20:35:24.274 [info] > git for-each-ref --sort -committerdate --format %(refname)%00%(objectname)%00%(*objectname) [4ms]
2026-06-26 20:35:24.274 [info] > git for-each-ref --format=%(refname)%00%(upstream:short)%00%(objectname)%00%(upstream:track)%00%(upstream:remotename)%00%(upstream:remoteref) refs/heads/master refs/remotes/master [36ms]
2026-06-26 20:35:24.274 [info] > git config --get commit.template [7ms]
2026-06-26 20:35:24.274 [info] > git config --get --local branch.master.vscode-merge-base [3ms]
2026-06-26 20:35:24.274 [warning] [Git][config] git config failed: Failed to execute git
2026-06-26 20:35:24.274 [info] > git for-each-ref --format=%(refname)%00%(upstream:short)%00%(objectname)%00%(upstream:track)%00%(upstream:remotename)%00%(upstream:remoteref) refs/heads/master refs/remotes/master [6ms]
2026-06-26 20:35:24.274 [info] > git reflog master --grep-reflog=branch: Created from *. [9ms]
2026-06-26 20:35:24.274 [info] > git symbolic-ref --short refs/remotes/origin/HEAD [5ms]
2026-06-26 20:35:24.274 [info] fatal: ref refs/remotes/origin/HEAD is not a symbolic ref
2026-06-26 20:35:24.274 [warning] [Repository][getDefaultBranch] Failed to get default branch details: Failed to execute git.
2026-06-26 20:35:24.274 [info] > git merge-base refs/heads/master refs/remotes/origin/master [11ms]
2026-06-26 20:35:24.276 [info] > git status -z -uall [12ms]
2026-06-26 20:35:24.277 [info] > git for-each-ref --sort -committerdate --format %(refname)%00%(objectname)%00%(*objectname) [10ms]
2026-06-26 20:35:24.286 [info] > git diff --name-status -z --diff-filter=ADMR af56fc5fa72047d9dd5348df51ce47913cef5f54...refs/remotes/origin/master [13ms]
2026-06-26 20:35:24.287 [info] > git merge-base refs/heads/master refs/remotes/origin/master [3ms]
2026-06-26 20:35:24.294 [info] > git diff --name-status -z --diff-filter=ADMR af56fc5fa72047d9dd5348df51ce47913cef5f54...refs/remotes/origin/master [3ms]
2026-06-26 20:35:24.860 [info] > git check-ignore -v -z --stdin [3ms]
2026-06-26 20:37:04.796 [info] > git config --get commit.template [5ms]
2026-06-26 20:37:04.797 [info] > git for-each-ref --format=%(refname)%00%(upstream:short)%00%(objectname)%00%(upstream:track)%00%(upstream:remotename)%00%(upstream:remoteref) refs/heads/master refs/remotes/master [2ms]
2026-06-26 20:37:04.808 [info] > git for-each-ref --sort -committerdate --format %(refname)%00%(objectname)%00%(*objectname) [3ms]
2026-06-26 20:37:04.810 [info] > git status -z -uall [9ms]
2026-06-26 20:37:09.828 [info] > git config --get commit.template [7ms]
2026-06-26 20:37:09.829 [info] > git for-each-ref --format=%(refname)%00%(upstream:short)%00%(objectname)%00%(upstream:track)%00%(upstream:remotename)%00%(upstream:remoteref) refs/heads/master refs/remotes/master [3ms]
2026-06-26 20:37:09.840 [info] > git for-each-ref --sort -committerdate --format %(refname)%00%(objectname)%00%(*objectname) [2ms]
2026-06-26 20:37:09.842 [info] > git status -z -uall [9ms]
2026-06-26 20:39:14.204 [info] > git config --get commit.template [5ms]
2026-06-26 20:39:14.206 [info] > git for-each-ref --format=%(refname)%00%(upstream:short)%00%(objectname)%00%(upstream:track)%00%(upstream:remotename)%00%(upstream:remoteref) refs/heads/master refs/remotes/master [2ms]
2026-06-26 20:39:14.217 [info] > git for-each-ref --sort -committerdate --format %(refname)%00%(objectname)%00%(*objectname) [3ms]
2026-06-26 20:39:14.218 [info] > git status -z -uall [8ms]
