2026-06-26 17:26:49.433 [info] [main] Log level: Info
2026-06-26 17:26:49.433 [info] [main] Validating found git in: "git"
2026-06-26 17:26:49.433 [info] [main] Using git "2.43.0" from "git"
2026-06-26 17:26:49.433 [info] [Model][doInitialScan] Initial repository scan started
2026-06-26 17:26:49.433 [info] > git rev-parse --show-toplevel [2ms]
2026-06-26 17:26:49.433 [info] fatal: not a git repository (or any parent up to mount point /home)
Stopping at filesystem boundary (GIT_DISCOVERY_ACROSS_FILESYSTEM not set).
2026-06-26 17:26:49.433 [info] > git rev-parse --show-toplevel [2ms]
2026-06-26 17:26:49.433 [info] fatal: not a git repository (or any parent up to mount point /home)
Stopping at filesystem boundary (GIT_DISCOVERY_ACROSS_FILESYSTEM not set).
2026-06-26 17:26:49.433 [info] > git rev-parse --show-toplevel [3ms]
2026-06-26 17:26:49.433 [info] fatal: not a git repository (or any parent up to mount point /home)
Stopping at filesystem boundary (GIT_DISCOVERY_ACROSS_FILESYSTEM not set).
2026-06-26 17:26:49.434 [info] > git rev-parse --show-toplevel [2ms]
2026-06-26 17:26:49.434 [info] fatal: not a git repository (or any parent up to mount point /home)
Stopping at filesystem boundary (GIT_DISCOVERY_ACROSS_FILESYSTEM not set).
2026-06-26 17:26:49.439 [info] > git rev-parse --show-toplevel [2ms]
2026-06-26 17:26:49.439 [info] fatal: not a git repository (or any parent up to mount point /home)
Stopping at filesystem boundary (GIT_DISCOVERY_ACROSS_FILESYSTEM not set).
2026-06-26 17:26:49.445 [info] [Model][doInitialScan] Initial repository scan completed - repositories (0), closed repositories (0), parent repositories (0), unsafe repositories (0)
2026-06-26 17:27:25.981 [info] > git rev-parse --show-toplevel [15ms]
2026-06-26 17:27:25.981 [info] fatal: not a git repository (or any parent up to mount point /home)
Stopping at filesystem boundary (GIT_DISCOVERY_ACROSS_FILESYSTEM not set).
2026-06-26 17:27:28.755 [info] > git rev-parse --show-toplevel [5ms]
2026-06-26 17:27:28.755 [info] fatal: not a git repository (or any parent up to mount point /home)
Stopping at filesystem boundary (GIT_DISCOVERY_ACROSS_FILESYSTEM not set).
2026-06-26 17:27:29.948 [info] > git rev-parse --show-toplevel [3ms]
2026-06-26 17:27:29.948 [info] fatal: not a git repository (or any parent up to mount point /home)
Stopping at filesystem boundary (GIT_DISCOVERY_ACROSS_FILESYSTEM not set).
2026-06-26 17:27:30.655 [info] > git rev-parse --show-toplevel [5ms]
2026-06-26 17:27:30.655 [info] fatal: not a git repository (or any parent up to mount point /home)
Stopping at filesystem boundary (GIT_DISCOVERY_ACROSS_FILESYSTEM not set).
2026-06-26 17:27:32.784 [info] > git rev-parse --show-toplevel [4ms]
2026-06-26 17:27:32.784 [info] fatal: not a git repository (or any parent up to mount point /home)
Stopping at filesystem boundary (GIT_DISCOVERY_ACROSS_FILESYSTEM not set).
2026-06-26 17:27:34.417 [info] > git rev-parse --show-toplevel [3ms]
2026-06-26 17:27:34.417 [info] fatal: not a git repository (or any parent up to mount point /home)
Stopping at filesystem boundary (GIT_DISCOVERY_ACROSS_FILESYSTEM not set).
2026-06-26 17:28:00.960 [info] > git rev-parse --show-toplevel [16ms]
2026-06-26 17:28:00.961 [info] fatal: not a git repository (or any parent up to mount point /home)
Stopping at filesystem boundary (GIT_DISCOVERY_ACROSS_FILESYSTEM not set).
2026-06-26 17:29:36.910 [info] > git rev-parse --show-toplevel [9ms]
2026-06-26 17:29:36.910 [info] fatal: not a git repository (or any parent up to mount point /home)
Stopping at filesystem boundary (GIT_DISCOVERY_ACROSS_FILESYSTEM not set).
2026-06-26 17:29:37.423 [warning] [Model][getRepositoryExact] Failed to get repository realpath for: "/home/kraddy/docker/code-server/config/extensions/.302ef03b-e749-42ff-846d-28622983072a/temp/". Error:Error: ENOENT: no such file or directory, realpath '/home/kraddy/docker/code-server/config/extensions/.302ef03b-e749-42ff-846d-28622983072a/temp/'
2026-06-26 17:29:40.213 [info] > git rev-parse --show-toplevel [4ms]
2026-06-26 17:29:40.213 [info] fatal: not a git repository (or any parent up to mount point /home)
Stopping at filesystem boundary (GIT_DISCOVERY_ACROSS_FILESYSTEM not set).
2026-06-26 17:29:45.977 [info] > git rev-parse --show-toplevel [3ms]
2026-06-26 17:29:45.977 [info] fatal: not a git repository (or any parent up to mount point /home)
Stopping at filesystem boundary (GIT_DISCOVERY_ACROSS_FILESYSTEM not set).
2026-06-26 17:30:36.533 [warning] [Model][getRepositoryExact] Failed to get repository realpath for: "/home/kraddy/docker/code-server/config/extensions/.821ac7e4-f963-4aa3-bbde-1fcb69c7bbc1/". Error:Error: ENOENT: no such file or directory, realpath '/home/kraddy/docker/code-server/config/extensions/.821ac7e4-f963-4aa3-bbde-1fcb69c7bbc1/'
2026-06-26 17:31:27.619 [info] > git rev-parse --show-toplevel [5ms]
2026-06-26 17:31:27.619 [info] fatal: not a git repository (or any parent up to mount point /home)
Stopping at filesystem boundary (GIT_DISCOVERY_ACROSS_FILESYSTEM not set).
2026-06-26 17:31:31.969 [info] > git rev-parse --show-toplevel [2ms]
2026-06-26 17:31:31.969 [info] fatal: not a git repository (or any parent up to mount point /home)
Stopping at filesystem boundary (GIT_DISCOVERY_ACROSS_FILESYSTEM not set).
2026-06-26 17:31:35.785 [info] > git rev-parse --show-toplevel [4ms]
2026-06-26 17:31:35.785 [info] fatal: not a git repository (or any parent up to mount point /home)
Stopping at filesystem boundary (GIT_DISCOVERY_ACROSS_FILESYSTEM not set).
2026-06-26 17:32:35.890 [info] > git rev-parse --show-toplevel [3ms]
2026-06-26 17:32:35.890 [info] fatal: not a git repository (or any parent up to mount point /home)
Stopping at filesystem boundary (GIT_DISCOVERY_ACROSS_FILESYSTEM not set).
2026-06-26 17:32:44.985 [info] > git rev-parse --show-toplevel [4ms]
2026-06-26 17:32:44.985 [info] fatal: not a git repository (or any parent up to mount point /home)
Stopping at filesystem boundary (GIT_DISCOVERY_ACROSS_FILESYSTEM not set).
2026-06-26 17:33:20.056 [info] > git rev-parse --show-toplevel [3ms]
2026-06-26 17:33:20.057 [info] fatal: not a git repository (or any parent up to mount point /home)
Stopping at filesystem boundary (GIT_DISCOVERY_ACROSS_FILESYSTEM not set).
2026-06-26 17:35:01.929 [info] > git rev-parse --show-toplevel [3ms]
2026-06-26 17:35:01.929 [info] fatal: not a git repository (or any parent up to mount point /home)
Stopping at filesystem boundary (GIT_DISCOVERY_ACROSS_FILESYSTEM not set).
2026-06-26 17:35:03.059 [info] > git rev-parse --show-toplevel [3ms]
2026-06-26 17:35:03.059 [info] fatal: not a git repository (or any parent up to mount point /home)
Stopping at filesystem boundary (GIT_DISCOVERY_ACROSS_FILESYSTEM not set).
2026-06-26 17:35:33.383 [info] > git rev-parse --show-toplevel [3ms]
2026-06-26 17:35:33.383 [info] fatal: not a git repository (or any parent up to mount point /home)
Stopping at filesystem boundary (GIT_DISCOVERY_ACROSS_FILESYSTEM not set).
2026-06-26 17:35:36.563 [info] > git rev-parse --show-toplevel [1ms]
2026-06-26 17:35:36.564 [info] fatal: not a git repository (or any parent up to mount point /home)
Stopping at filesystem boundary (GIT_DISCOVERY_ACROSS_FILESYSTEM not set).
