2026-06-26 20:39:23.863 [info] [main] Log level: Info
2026-06-26 20:39:23.863 [info] [main] Validating found git in: "git"
2026-06-26 20:39:23.863 [info] [main] Using git "2.43.0" from "git"
2026-06-26 20:39:23.863 [info] [Model][doInitialScan] Initial repository scan started
2026-06-26 20:39:23.863 [info] > git rev-parse --show-toplevel [3ms]
2026-06-26 20:39:23.863 [info] > git rev-parse --git-dir --git-common-dir --show-superproject-working-tree [5ms]
2026-06-26 20:39:23.863 [info] [Model][openRepository] Opened repository (path): /home/kraddy/homelab
2026-06-26 20:39:23.863 [info] [Model][openRepository] Opened repository (real path): /home/kraddy/homelab
2026-06-26 20:39:23.863 [info] [Model][openRepository] Opened repository (kind): repository
2026-06-26 20:39:23.863 [info] > git config --get commit.template [6ms]
2026-06-26 20:39:23.863 [info] > git rev-parse --show-toplevel [3ms]
2026-06-26 20:39:23.863 [info] > git for-each-ref --format=%(refname)%00%(upstream:short)%00%(objectname)%00%(upstream:track)%00%(upstream:remotename)%00%(upstream:remoteref) refs/heads/master refs/remotes/master [7ms]
2026-06-26 20:39:23.863 [info] > git rev-parse --show-toplevel [2ms]
2026-06-26 20:39:23.863 [info] [Model][doInitialScan] Initial repository scan completed - repositories (1), closed repositories (0), parent repositories (0), unsafe repositories (0)
2026-06-26 20:39:23.863 [info] > git status -z -uall [9ms]
2026-06-26 20:39:23.863 [info] > git for-each-ref --sort -committerdate --format %(refname)%00%(objectname)%00%(*objectname) [4ms]
2026-06-26 20:39:23.863 [info] > git for-each-ref --format=%(refname)%00%(upstream:short)%00%(objectname)%00%(upstream:track)%00%(upstream:remotename)%00%(upstream:remoteref) refs/heads/master refs/remotes/master [45ms]
2026-06-26 20:39:23.863 [info] > git config --get commit.template [11ms]
2026-06-26 20:39:23.863 [info] > git config --get --local branch.master.vscode-merge-base [3ms]
2026-06-26 20:39:23.863 [warning] [Git][config] git config failed: Failed to execute git
2026-06-26 20:39:23.863 [info] > git reflog master --grep-reflog=branch: Created from *. [7ms]
2026-06-26 20:39:23.863 [info] > git for-each-ref --format=%(refname)%00%(upstream:short)%00%(objectname)%00%(upstream:track)%00%(upstream:remotename)%00%(upstream:remoteref) refs/heads/master refs/remotes/master [9ms]
2026-06-26 20:39:23.863 [info] > git symbolic-ref --short refs/remotes/origin/HEAD [2ms]
2026-06-26 20:39:23.863 [info] fatal: ref refs/remotes/origin/HEAD is not a symbolic ref
2026-06-26 20:39:23.863 [warning] [Repository][getDefaultBranch] Failed to get default branch details: Failed to execute git.
2026-06-26 20:39:23.863 [info] > git merge-base refs/heads/master refs/remotes/origin/master [12ms]
2026-06-26 20:39:23.863 [info] > git status -z -uall [15ms]
2026-06-26 20:39:23.863 [info] > git for-each-ref --sort -committerdate --format %(refname)%00%(objectname)%00%(*objectname) [11ms]
2026-06-26 20:39:23.863 [info] > git diff --name-status -z --diff-filter=ADMR af56fc5fa72047d9dd5348df51ce47913cef5f54...refs/remotes/origin/master [13ms]
2026-06-26 20:39:23.863 [info] > git merge-base refs/heads/master refs/remotes/origin/master [4ms]
2026-06-26 20:39:23.864 [info] > git diff --name-status -z --diff-filter=ADMR af56fc5fa72047d9dd5348df51ce47913cef5f54...refs/remotes/origin/master [4ms]
2026-06-26 20:39:24.428 [info] > git check-ignore -v -z --stdin [3ms]
2026-06-26 20:39:36.502 [info] > git config --get commit.template [8ms]
2026-06-26 20:39:36.503 [info] > git for-each-ref --format=%(refname)%00%(upstream:short)%00%(objectname)%00%(upstream:track)%00%(upstream:remotename)%00%(upstream:remoteref) refs/heads/master refs/remotes/master [3ms]
2026-06-26 20:39:36.520 [info] > git status -z -uall [12ms]
2026-06-26 20:39:36.520 [info] > git for-each-ref --sort -committerdate --format %(refname)%00%(objectname)%00%(*objectname) [4ms]
2026-06-26 20:39:41.546 [info] > git config --get commit.template [9ms]
2026-06-26 20:39:41.547 [info] > git for-each-ref --format=%(refname)%00%(upstream:short)%00%(objectname)%00%(upstream:track)%00%(upstream:remotename)%00%(upstream:remoteref) refs/heads/master refs/remotes/master [5ms]
2026-06-26 20:39:41.563 [info] > git for-each-ref --sort -committerdate --format %(refname)%00%(objectname)%00%(*objectname) [3ms]
2026-06-26 20:39:41.565 [info] > git status -z -uall [12ms]
2026-06-26 20:39:46.591 [info] > git config --get commit.template [8ms]
2026-06-26 20:39:46.592 [info] > git for-each-ref --format=%(refname)%00%(upstream:short)%00%(objectname)%00%(upstream:track)%00%(upstream:remotename)%00%(upstream:remoteref) refs/heads/master refs/remotes/master [4ms]
2026-06-26 20:39:46.609 [info] > git status -z -uall [10ms]
2026-06-26 20:39:46.609 [info] > git for-each-ref --sort -committerdate --format %(refname)%00%(objectname)%00%(*objectname) [4ms]
2026-06-26 20:39:51.630 [info] > git config --get commit.template [7ms]
2026-06-26 20:39:51.632 [info] > git for-each-ref --format=%(refname)%00%(upstream:short)%00%(objectname)%00%(upstream:track)%00%(upstream:remotename)%00%(upstream:remoteref) refs/heads/master refs/remotes/master [4ms]
2026-06-26 20:39:51.644 [info] > git for-each-ref --sort -committerdate --format %(refname)%00%(objectname)%00%(*objectname) [3ms]
2026-06-26 20:39:51.645 [info] > git status -z -uall [8ms]
2026-06-26 20:39:56.670 [info] > git config --get commit.template [7ms]
2026-06-26 20:39:56.672 [info] > git for-each-ref --format=%(refname)%00%(upstream:short)%00%(objectname)%00%(upstream:track)%00%(upstream:remotename)%00%(upstream:remoteref) refs/heads/master refs/remotes/master [5ms]
2026-06-26 20:39:56.686 [info] > git for-each-ref --sort -committerdate --format %(refname)%00%(objectname)%00%(*objectname) [3ms]
2026-06-26 20:39:56.688 [info] > git status -z -uall [11ms]
2026-06-26 20:39:58.967 [info] > git check-ignore -v -z --stdin [3ms]
2026-06-26 20:40:01.710 [info] > git config --get commit.template [8ms]
2026-06-26 20:40:01.712 [info] > git for-each-ref --format=%(refname)%00%(upstream:short)%00%(objectname)%00%(upstream:track)%00%(upstream:remotename)%00%(upstream:remoteref) refs/heads/master refs/remotes/master [5ms]
2026-06-26 20:40:01.727 [info] > git for-each-ref --sort -committerdate --format %(refname)%00%(objectname)%00%(*objectname) [4ms]
2026-06-26 20:40:01.734 [info] > git status -z -uall [17ms]
2026-06-26 20:40:02.689 [info] > git check-ignore -v -z --stdin [2ms]
2026-06-26 20:40:05.069 [info] > git show --textconv :infra/portainer/docker-compose.yml [15ms]
2026-06-26 20:40:05.074 [info] > git ls-files --stage -- infra/portainer/docker-compose.yml [6ms]
2026-06-26 20:40:05.096 [info] > git cat-file -s 64f67250757fae0cfa4644dc4e9eac7be858f27b [9ms]
2026-06-26 20:40:06.757 [info] > git config --get commit.template [6ms]
2026-06-26 20:40:06.758 [info] > git for-each-ref --format=%(refname)%00%(upstream:short)%00%(objectname)%00%(upstream:track)%00%(upstream:remotename)%00%(upstream:remoteref) refs/heads/master refs/remotes/master [3ms]
2026-06-26 20:40:06.771 [info] > git status -z -uall [8ms]
2026-06-26 20:40:06.771 [info] > git for-each-ref --sort -committerdate --format %(refname)%00%(objectname)%00%(*objectname) [3ms]
2026-06-26 20:40:11.797 [info] > git config --get commit.template [8ms]
2026-06-26 20:40:11.799 [info] > git for-each-ref --format=%(refname)%00%(upstream:short)%00%(objectname)%00%(upstream:track)%00%(upstream:remotename)%00%(upstream:remoteref) refs/heads/master refs/remotes/master [4ms]
2026-06-26 20:40:11.817 [info] > git for-each-ref --sort -committerdate --format %(refname)%00%(objectname)%00%(*objectname) [4ms]
2026-06-26 20:40:11.818 [info] > git status -z -uall [12ms]
2026-06-26 20:40:16.842 [info] > git config --get commit.template [8ms]
2026-06-26 20:40:16.845 [info] > git for-each-ref --format=%(refname)%00%(upstream:short)%00%(objectname)%00%(upstream:track)%00%(upstream:remotename)%00%(upstream:remoteref) refs/heads/master refs/remotes/master [4ms]
2026-06-26 20:40:16.864 [info] > git for-each-ref --sort -committerdate --format %(refname)%00%(objectname)%00%(*objectname) [4ms]
2026-06-26 20:40:16.865 [info] > git status -z -uall [14ms]
2026-06-26 20:40:21.887 [info] > git config --get commit.template [8ms]
2026-06-26 20:40:21.889 [info] > git for-each-ref --format=%(refname)%00%(upstream:short)%00%(objectname)%00%(upstream:track)%00%(upstream:remotename)%00%(upstream:remoteref) refs/heads/master refs/remotes/master [3ms]
2026-06-26 20:40:21.905 [info] > git for-each-ref --sort -committerdate --format %(refname)%00%(objectname)%00%(*objectname) [3ms]
2026-06-26 20:40:21.906 [info] > git status -z -uall [9ms]
2026-06-26 20:41:54.637 [info] > git config --get commit.template [7ms]
2026-06-26 20:41:54.638 [info] > git for-each-ref --format=%(refname)%00%(upstream:short)%00%(objectname)%00%(upstream:track)%00%(upstream:remotename)%00%(upstream:remoteref) refs/heads/master refs/remotes/master [2ms]
2026-06-26 20:41:54.655 [info] > git for-each-ref --sort -committerdate --format %(refname)%00%(objectname)%00%(*objectname) [4ms]
2026-06-26 20:41:54.656 [info] > git status -z -uall [12ms]
