2026-06-26 21:49:58.939 [info] [main] Log level: Info
2026-06-26 21:49:58.939 [info] [main] Validating found git in: "git"
2026-06-26 21:49:58.939 [info] [main] Using git "2.43.0" from "git"
2026-06-26 21:49:58.939 [info] [Model][doInitialScan] Initial repository scan started
2026-06-26 21:49:58.939 [info] > git rev-parse --show-toplevel [4ms]
2026-06-26 21:49:58.939 [info] > git rev-parse --git-dir --git-common-dir --show-superproject-working-tree [5ms]
2026-06-26 21:49:58.939 [info] [Model][openRepository] Opened repository (path): /home/kraddy/homelab
2026-06-26 21:49:58.939 [info] [Model][openRepository] Opened repository (real path): /home/kraddy/homelab
2026-06-26 21:49:58.939 [info] [Model][openRepository] Opened repository (kind): repository
2026-06-26 21:49:58.939 [info] > git config --get commit.template [7ms]
2026-06-26 21:49:58.939 [info] > git rev-parse --show-toplevel [5ms]
2026-06-26 21:49:58.939 [info] > git for-each-ref --format=%(refname)%00%(upstream:short)%00%(objectname)%00%(upstream:track)%00%(upstream:remotename)%00%(upstream:remoteref) refs/heads/master refs/remotes/master [8ms]
2026-06-26 21:49:58.939 [info] > git rev-parse --show-toplevel [3ms]
2026-06-26 21:49:58.952 [info] > git rev-parse --show-toplevel [12ms]
2026-06-26 21:49:58.958 [info] [Model][doInitialScan] Initial repository scan completed - repositories (1), closed repositories (0), parent repositories (0), unsafe repositories (0)
2026-06-26 21:49:58.959 [info] > git status -z -uall [15ms]
2026-06-26 21:49:58.960 [info] > git for-each-ref --sort -committerdate --format %(refname)%00%(objectname)%00%(*objectname) [10ms]
2026-06-26 21:49:59.083 [info] > git for-each-ref --format=%(refname)%00%(upstream:short)%00%(objectname)%00%(upstream:track)%00%(upstream:remotename)%00%(upstream:remoteref) refs/heads/master refs/remotes/master [78ms]
2026-06-26 21:49:59.089 [info] > git config --get commit.template [10ms]
2026-06-26 21:49:59.091 [info] > git config --get --local branch.master.vscode-merge-base [3ms]
2026-06-26 21:49:59.091 [warning] [Git][config] git config failed: Failed to execute git
2026-06-26 21:49:59.151 [info] > git reflog master --grep-reflog=branch: Created from *. [55ms]
2026-06-26 21:49:59.157 [info] > git for-each-ref --format=%(refname)%00%(upstream:short)%00%(objectname)%00%(upstream:track)%00%(upstream:remotename)%00%(upstream:remoteref) refs/heads/master refs/remotes/master [57ms]
2026-06-26 21:49:59.158 [info] > git symbolic-ref --short refs/remotes/origin/HEAD [3ms]
2026-06-26 21:49:59.158 [info] fatal: ref refs/remotes/origin/HEAD is not a symbolic ref
2026-06-26 21:49:59.159 [warning] [Repository][getDefaultBranch] Failed to get default branch details: Failed to execute git.
2026-06-26 21:49:59.171 [info] > git merge-base refs/heads/master refs/remotes/origin/master [8ms]
2026-06-26 21:49:59.190 [info] > git for-each-ref --sort -committerdate --format %(refname)%00%(objectname)%00%(*objectname) [4ms]
2026-06-26 21:49:59.191 [info] > git diff --name-status -z --diff-filter=ADMR af56fc5fa72047d9dd5348df51ce47913cef5f54...refs/remotes/origin/master [16ms]
2026-06-26 21:49:59.193 [info] > git status -z -uall [11ms]
2026-06-26 21:49:59.693 [info] > git check-ignore -v -z --stdin [4ms]
2026-06-26 21:50:03.467 [info] > git config --get commit.template [6ms]
2026-06-26 21:50:03.467 [info] > git for-each-ref --format=%(refname)%00%(upstream:short)%00%(objectname)%00%(upstream:track)%00%(upstream:remotename)%00%(upstream:remoteref) refs/heads/master refs/remotes/master [2ms]
2026-06-26 21:50:03.480 [info] > git for-each-ref --sort -committerdate --format %(refname)%00%(objectname)%00%(*objectname) [2ms]
2026-06-26 21:50:03.481 [info] > git status -z -uall [9ms]
2026-06-26 21:50:08.501 [info] > git config --get commit.template [3ms]
2026-06-26 21:50:08.508 [info] > git for-each-ref --format=%(refname)%00%(upstream:short)%00%(objectname)%00%(upstream:track)%00%(upstream:remotename)%00%(upstream:remoteref) refs/heads/master refs/remotes/master [2ms]
2026-06-26 21:50:08.525 [info] > git for-each-ref --sort -committerdate --format %(refname)%00%(objectname)%00%(*objectname) [3ms]
2026-06-26 21:50:08.526 [info] > git status -z -uall [11ms]
2026-06-26 21:50:13.550 [info] > git config --get commit.template [8ms]
2026-06-26 21:50:13.552 [info] > git for-each-ref --format=%(refname)%00%(upstream:short)%00%(objectname)%00%(upstream:track)%00%(upstream:remotename)%00%(upstream:remoteref) refs/heads/master refs/remotes/master [4ms]
2026-06-26 21:50:13.572 [info] > git status -z -uall [12ms]
2026-06-26 21:50:13.573 [info] > git for-each-ref --sort -committerdate --format %(refname)%00%(objectname)%00%(*objectname) [7ms]
2026-06-26 21:50:18.599 [info] > git config --get commit.template [8ms]
2026-06-26 21:50:18.600 [info] > git for-each-ref --format=%(refname)%00%(upstream:short)%00%(objectname)%00%(upstream:track)%00%(upstream:remotename)%00%(upstream:remoteref) refs/heads/master refs/remotes/master [3ms]
2026-06-26 21:50:18.615 [info] > git for-each-ref --sort -committerdate --format %(refname)%00%(objectname)%00%(*objectname) [3ms]
2026-06-26 21:50:18.617 [info] > git status -z -uall [11ms]
2026-06-26 21:50:23.644 [info] > git config --get commit.template [4ms]
2026-06-26 21:50:23.653 [info] > git for-each-ref --format=%(refname)%00%(upstream:short)%00%(objectname)%00%(upstream:track)%00%(upstream:remotename)%00%(upstream:remoteref) refs/heads/master refs/remotes/master [3ms]
2026-06-26 21:50:23.668 [info] > git for-each-ref --sort -committerdate --format %(refname)%00%(objectname)%00%(*objectname) [3ms]
2026-06-26 21:50:23.670 [info] > git status -z -uall [11ms]
2026-06-26 21:50:28.698 [info] > git config --get commit.template [8ms]
2026-06-26 21:50:28.699 [info] > git for-each-ref --format=%(refname)%00%(upstream:short)%00%(objectname)%00%(upstream:track)%00%(upstream:remotename)%00%(upstream:remoteref) refs/heads/master refs/remotes/master [3ms]
2026-06-26 21:50:28.715 [info] > git for-each-ref --sort -committerdate --format %(refname)%00%(objectname)%00%(*objectname) [4ms]
2026-06-26 21:50:28.716 [info] > git status -z -uall [11ms]
2026-06-26 21:50:33.740 [info] > git config --get commit.template [8ms]
2026-06-26 21:50:33.742 [info] > git for-each-ref --format=%(refname)%00%(upstream:short)%00%(objectname)%00%(upstream:track)%00%(upstream:remotename)%00%(upstream:remoteref) refs/heads/master refs/remotes/master [3ms]
2026-06-26 21:50:33.755 [info] > git for-each-ref --sort -committerdate --format %(refname)%00%(objectname)%00%(*objectname) [3ms]
2026-06-26 21:50:33.756 [info] > git status -z -uall [9ms]
2026-06-26 21:50:38.782 [info] > git config --get commit.template [6ms]
2026-06-26 21:50:38.784 [info] > git for-each-ref --format=%(refname)%00%(upstream:short)%00%(objectname)%00%(upstream:track)%00%(upstream:remotename)%00%(upstream:remoteref) refs/heads/master refs/remotes/master [2ms]
2026-06-26 21:50:38.797 [info] > git for-each-ref --sort -committerdate --format %(refname)%00%(objectname)%00%(*objectname) [3ms]
2026-06-26 21:50:38.799 [info] > git status -z -uall [10ms]
2026-06-26 21:50:43.820 [info] > git config --get commit.template [7ms]
2026-06-26 21:50:43.821 [info] > git for-each-ref --format=%(refname)%00%(upstream:short)%00%(objectname)%00%(upstream:track)%00%(upstream:remotename)%00%(upstream:remoteref) refs/heads/master refs/remotes/master [3ms]
2026-06-26 21:50:43.833 [info] > git for-each-ref --sort -committerdate --format %(refname)%00%(objectname)%00%(*objectname) [2ms]
2026-06-26 21:50:43.834 [info] > git status -z -uall [8ms]
2026-06-26 21:50:48.853 [info] > git config --get commit.template [6ms]
2026-06-26 21:50:48.854 [info] > git for-each-ref --format=%(refname)%00%(upstream:short)%00%(objectname)%00%(upstream:track)%00%(upstream:remotename)%00%(upstream:remoteref) refs/heads/master refs/remotes/master [2ms]
2026-06-26 21:50:48.869 [info] > git for-each-ref --sort -committerdate --format %(refname)%00%(objectname)%00%(*objectname) [3ms]
2026-06-26 21:50:48.871 [info] > git status -z -uall [11ms]
2026-06-26 22:25:43.936 [info] > git config --get commit.template [8ms]
2026-06-26 22:25:43.938 [info] > git for-each-ref --format=%(refname)%00%(upstream:short)%00%(objectname)%00%(upstream:track)%00%(upstream:remotename)%00%(upstream:remoteref) refs/heads/master refs/remotes/master [3ms]
2026-06-26 22:25:43.952 [info] > git for-each-ref --sort -committerdate --format %(refname)%00%(objectname)%00%(*objectname) [3ms]
2026-06-26 22:25:43.953 [info] > git status -z -uall [9ms]
2026-06-26 22:29:44.504 [info] > git config --get commit.template [8ms]
2026-06-26 22:29:44.506 [info] > git for-each-ref --format=%(refname)%00%(upstream:short)%00%(objectname)%00%(upstream:track)%00%(upstream:remotename)%00%(upstream:remoteref) refs/heads/master refs/remotes/master [3ms]
2026-06-26 22:29:44.519 [info] > git for-each-ref --sort -committerdate --format %(refname)%00%(objectname)%00%(*objectname) [3ms]
2026-06-26 22:29:44.520 [info] > git status -z -uall [9ms]
2026-06-26 22:29:49.543 [info] > git config --get commit.template [6ms]
2026-06-26 22:29:49.544 [info] > git for-each-ref --format=%(refname)%00%(upstream:short)%00%(objectname)%00%(upstream:track)%00%(upstream:remotename)%00%(upstream:remoteref) refs/heads/master refs/remotes/master [3ms]
2026-06-26 22:29:49.556 [info] > git for-each-ref --sort -committerdate --format %(refname)%00%(objectname)%00%(*objectname) [2ms]
2026-06-26 22:29:49.557 [info] > git status -z -uall [8ms]
2026-06-26 22:29:52.648 [info] > git check-ignore -v -z --stdin [2ms]
2026-06-26 22:29:54.575 [info] > git config --get commit.template [1ms]
2026-06-26 22:29:54.589 [info] > git for-each-ref --format=%(refname)%00%(upstream:short)%00%(objectname)%00%(upstream:track)%00%(upstream:remotename)%00%(upstream:remoteref) refs/heads/master refs/remotes/master [7ms]
2026-06-26 22:29:54.608 [info] > git status -z -uall [11ms]
2026-06-26 22:29:54.611 [info] > git for-each-ref --sort -committerdate --format %(refname)%00%(objectname)%00%(*objectname) [9ms]
2026-06-26 22:29:56.291 [info] > git check-ignore -v -z --stdin [3ms]
2026-06-26 22:29:58.962 [info] > git show --textconv :apps/code-server/docker-compose.yml [9ms]
2026-06-26 22:29:58.963 [info] > git ls-files --stage -- apps/code-server/docker-compose.yml [4ms]
2026-06-26 22:29:58.975 [info] > git cat-file -s 85d5b480d45af3cf6071d676193d78b5ac1cf59d [7ms]
2026-06-26 22:29:59.036 [info] > git blame --root --incremental af56fc5fa72047d9dd5348df51ce47913cef5f54 -- apps/code-server/docker-compose.yml [2ms]
2026-06-26 22:29:59.639 [info] > git config --get commit.template [8ms]
2026-06-26 22:29:59.640 [info] > git for-each-ref --format=%(refname)%00%(upstream:short)%00%(objectname)%00%(upstream:track)%00%(upstream:remotename)%00%(upstream:remoteref) refs/heads/master refs/remotes/master [3ms]
2026-06-26 22:29:59.655 [info] > git for-each-ref --sort -committerdate --format %(refname)%00%(objectname)%00%(*objectname) [3ms]
2026-06-26 22:29:59.656 [info] > git status -z -uall [10ms]
2026-06-26 22:30:04.681 [info] > git config --get commit.template [8ms]
2026-06-26 22:30:04.682 [info] > git for-each-ref --format=%(refname)%00%(upstream:short)%00%(objectname)%00%(upstream:track)%00%(upstream:remotename)%00%(upstream:remoteref) refs/heads/master refs/remotes/master [3ms]
2026-06-26 22:30:04.698 [info] > git status -z -uall [9ms]
2026-06-26 22:30:04.698 [info] > git for-each-ref --sort -committerdate --format %(refname)%00%(objectname)%00%(*objectname) [4ms]
2026-06-26 22:30:09.723 [info] > git config --get commit.template [8ms]
2026-06-26 22:30:09.725 [info] > git for-each-ref --format=%(refname)%00%(upstream:short)%00%(objectname)%00%(upstream:track)%00%(upstream:remotename)%00%(upstream:remoteref) refs/heads/master refs/remotes/master [4ms]
2026-06-26 22:30:09.738 [info] > git for-each-ref --sort -committerdate --format %(refname)%00%(objectname)%00%(*objectname) [2ms]
2026-06-26 22:30:09.739 [info] > git status -z -uall [9ms]
2026-06-26 22:30:14.760 [info] > git config --get commit.template [8ms]
2026-06-26 22:30:14.761 [info] > git for-each-ref --format=%(refname)%00%(upstream:short)%00%(objectname)%00%(upstream:track)%00%(upstream:remotename)%00%(upstream:remoteref) refs/heads/master refs/remotes/master [3ms]
2026-06-26 22:30:14.776 [info] > git for-each-ref --sort -committerdate --format %(refname)%00%(objectname)%00%(*objectname) [3ms]
2026-06-26 22:30:14.777 [info] > git status -z -uall [10ms]
2026-06-26 22:31:29.324 [info] > git config --get commit.template [8ms]
2026-06-26 22:31:29.326 [info] > git for-each-ref --format=%(refname)%00%(upstream:short)%00%(objectname)%00%(upstream:track)%00%(upstream:remotename)%00%(upstream:remoteref) refs/heads/master refs/remotes/master [3ms]
2026-06-26 22:31:29.344 [info] > git status -z -uall [10ms]
2026-06-26 22:31:29.345 [info] > git for-each-ref --sort -committerdate --format %(refname)%00%(objectname)%00%(*objectname) [3ms]
2026-06-26 22:33:46.351 [info] > git config --get commit.template [7ms]
2026-06-26 22:33:46.353 [info] > git for-each-ref --format=%(refname)%00%(upstream:short)%00%(objectname)%00%(upstream:track)%00%(upstream:remotename)%00%(upstream:remoteref) refs/heads/master refs/remotes/master [3ms]
2026-06-26 22:33:46.371 [info] > git for-each-ref --sort -committerdate --format %(refname)%00%(objectname)%00%(*objectname) [3ms]
2026-06-26 22:33:46.373 [info] > git status -z -uall [13ms]
2026-06-26 22:34:40.773 [info] > git config --get commit.template [7ms]
2026-06-26 22:34:40.774 [info] > git for-each-ref --format=%(refname)%00%(upstream:short)%00%(objectname)%00%(upstream:track)%00%(upstream:remotename)%00%(upstream:remoteref) refs/heads/master refs/remotes/master [2ms]
2026-06-26 22:34:40.792 [info] > git for-each-ref --sort -committerdate --format %(refname)%00%(objectname)%00%(*objectname) [3ms]
2026-06-26 22:34:40.793 [info] > git status -z -uall [12ms]
2026-06-26 22:34:44.529 [info] > git show --textconv :infra/traefik/certs/origin.crt [8ms]
2026-06-26 22:34:44.537 [info] > git ls-files --stage -- infra/traefik/certs/origin.crt [9ms]
2026-06-26 22:34:44.545 [info] > git hash-object -t tree /dev/null [9ms]
2026-06-26 22:34:44.546 [warning] [GitFileSystemProvider][readFile] File not found - git:/home/kraddy/homelab/infra/traefik/certs/origin.crt.git?%7B%22path%22%3A%22%2Fhome%2Fkraddy%2Fhomelab%2Finfra%2Ftraefik%2Fcerts%2Forigin.crt%22%2C%22ref%22%3A%22%22%7D
2026-06-26 22:34:44.547 [info] > git hash-object -t tree /dev/null [3ms]
2026-06-26 22:34:44.547 [warning] [GitFileSystemProvider][stat] File not found - git:/home/kraddy/homelab/infra/traefik/certs/origin.crt.git?%7B%22path%22%3A%22%2Fhome%2Fkraddy%2Fhomelab%2Finfra%2Ftraefik%2Fcerts%2Forigin.crt%22%2C%22ref%22%3A%22%22%7D
2026-06-26 22:34:44.565 [info] > git blame --root --incremental af56fc5fa72047d9dd5348df51ce47913cef5f54 -- infra/traefik/certs/origin.crt [3ms]
2026-06-26 22:34:44.565 [info] fatal: no such path infra/traefik/certs/origin.crt in af56fc5fa72047d9dd5348df51ce47913cef5f54
2026-06-26 22:34:45.823 [info] > git config --get commit.template [9ms]
2026-06-26 22:34:45.825 [info] > git for-each-ref --format=%(refname)%00%(upstream:short)%00%(objectname)%00%(upstream:track)%00%(upstream:remotename)%00%(upstream:remoteref) refs/heads/master refs/remotes/master [4ms]
2026-06-26 22:34:45.839 [info] > git for-each-ref --sort -committerdate --format %(refname)%00%(objectname)%00%(*objectname) [2ms]
2026-06-26 22:34:45.840 [info] > git status -z -uall [9ms]
2026-06-26 22:34:50.867 [info] > git config --get commit.template [9ms]
2026-06-26 22:34:50.869 [info] > git for-each-ref --format=%(refname)%00%(upstream:short)%00%(objectname)%00%(upstream:track)%00%(upstream:remotename)%00%(upstream:remoteref) refs/heads/master refs/remotes/master [4ms]
2026-06-26 22:34:50.887 [info] > git for-each-ref --sort -committerdate --format %(refname)%00%(objectname)%00%(*objectname) [3ms]
2026-06-26 22:34:50.888 [info] > git status -z -uall [12ms]
2026-06-26 22:34:55.918 [info] > git config --get commit.template [8ms]
2026-06-26 22:34:55.920 [info] > git for-each-ref --format=%(refname)%00%(upstream:short)%00%(objectname)%00%(upstream:track)%00%(upstream:remotename)%00%(upstream:remoteref) refs/heads/master refs/remotes/master [3ms]
2026-06-26 22:34:55.938 [info] > git for-each-ref --sort -committerdate --format %(refname)%00%(objectname)%00%(*objectname) [3ms]
2026-06-26 22:34:55.940 [info] > git status -z -uall [11ms]
2026-06-26 22:34:56.361 [info] > git show --textconv :infra/traefik/certs/origin.key [8ms]
2026-06-26 22:34:56.362 [warning] [GitFileSystemProvider][readFile] File not found - git:/home/kraddy/homelab/infra/traefik/certs/origin.key.git?%7B%22path%22%3A%22%2Fhome%2Fkraddy%2Fhomelab%2Finfra%2Ftraefik%2Fcerts%2Forigin.key%22%2C%22ref%22%3A%22%22%7D
2026-06-26 22:34:56.363 [info] > git ls-files --stage -- infra/traefik/certs/origin.key [3ms]
2026-06-26 22:34:56.363 [warning] [GitFileSystemProvider][stat] File not found - git:/home/kraddy/homelab/infra/traefik/certs/origin.key.git?%7B%22path%22%3A%22%2Fhome%2Fkraddy%2Fhomelab%2Finfra%2Ftraefik%2Fcerts%2Forigin.key%22%2C%22ref%22%3A%22%22%7D
2026-06-26 22:34:56.389 [info] > git blame --root --incremental af56fc5fa72047d9dd5348df51ce47913cef5f54 -- infra/traefik/certs/origin.key [3ms]
2026-06-26 22:34:56.389 [info] fatal: no such path infra/traefik/certs/origin.key in af56fc5fa72047d9dd5348df51ce47913cef5f54
2026-06-26 22:35:00.967 [info] > git config --get commit.template [9ms]
2026-06-26 22:35:00.969 [info] > git for-each-ref --format=%(refname)%00%(upstream:short)%00%(objectname)%00%(upstream:track)%00%(upstream:remotename)%00%(upstream:remoteref) refs/heads/master refs/remotes/master [3ms]
2026-06-26 22:35:00.983 [info] > git for-each-ref --sort -committerdate --format %(refname)%00%(objectname)%00%(*objectname) [2ms]
2026-06-26 22:35:00.984 [info] > git status -z -uall [9ms]
2026-06-26 22:35:33.216 [info] > git config --get commit.template [3ms]
2026-06-26 22:35:33.226 [info] > git for-each-ref --format=%(refname)%00%(upstream:short)%00%(objectname)%00%(upstream:track)%00%(upstream:remotename)%00%(upstream:remoteref) refs/heads/master refs/remotes/master [3ms]
2026-06-26 22:35:33.241 [info] > git status -z -uall [8ms]
2026-06-26 22:35:33.241 [info] > git for-each-ref --sort -committerdate --format %(refname)%00%(objectname)%00%(*objectname) [3ms]
2026-06-26 22:35:38.266 [info] > git config --get commit.template [8ms]
2026-06-26 22:35:38.269 [info] > git for-each-ref --format=%(refname)%00%(upstream:short)%00%(objectname)%00%(upstream:track)%00%(upstream:remotename)%00%(upstream:remoteref) refs/heads/master refs/remotes/master [4ms]
2026-06-26 22:35:38.286 [info] > git status -z -uall [10ms]
2026-06-26 22:35:38.287 [info] > git for-each-ref --sort -committerdate --format %(refname)%00%(objectname)%00%(*objectname) [5ms]
2026-06-26 22:35:43.312 [info] > git config --get commit.template [8ms]
2026-06-26 22:35:43.314 [info] > git for-each-ref --format=%(refname)%00%(upstream:short)%00%(objectname)%00%(upstream:track)%00%(upstream:remotename)%00%(upstream:remoteref) refs/heads/master refs/remotes/master [4ms]
2026-06-26 22:35:43.331 [info] > git for-each-ref --sort -committerdate --format %(refname)%00%(objectname)%00%(*objectname) [3ms]
2026-06-26 22:35:43.332 [info] > git status -z -uall [11ms]
2026-06-26 22:35:48.360 [info] > git config --get commit.template [9ms]
2026-06-26 22:35:48.362 [info] > git for-each-ref --format=%(refname)%00%(upstream:short)%00%(objectname)%00%(upstream:track)%00%(upstream:remotename)%00%(upstream:remoteref) refs/heads/master refs/remotes/master [4ms]
2026-06-26 22:35:48.379 [info] > git status -z -uall [10ms]
2026-06-26 22:35:48.379 [info] > git for-each-ref --sort -committerdate --format %(refname)%00%(objectname)%00%(*objectname) [3ms]
2026-06-26 22:35:53.401 [info] > git config --get commit.template [8ms]
2026-06-26 22:35:53.402 [info] > git for-each-ref --format=%(refname)%00%(upstream:short)%00%(objectname)%00%(upstream:track)%00%(upstream:remotename)%00%(upstream:remoteref) refs/heads/master refs/remotes/master [3ms]
2026-06-26 22:35:53.420 [info] > git for-each-ref --sort -committerdate --format %(refname)%00%(objectname)%00%(*objectname) [3ms]
2026-06-26 22:35:53.421 [info] > git status -z -uall [11ms]
2026-06-26 22:35:58.443 [info] > git config --get commit.template [8ms]
2026-06-26 22:35:58.445 [info] > git for-each-ref --format=%(refname)%00%(upstream:short)%00%(objectname)%00%(upstream:track)%00%(upstream:remotename)%00%(upstream:remoteref) refs/heads/master refs/remotes/master [4ms]
2026-06-26 22:35:58.461 [info] > git for-each-ref --sort -committerdate --format %(refname)%00%(objectname)%00%(*objectname) [3ms]
2026-06-26 22:35:58.462 [info] > git status -z -uall [12ms]
2026-06-26 22:36:03.490 [info] > git config --get commit.template [9ms]
2026-06-26 22:36:03.492 [info] > git for-each-ref --format=%(refname)%00%(upstream:short)%00%(objectname)%00%(upstream:track)%00%(upstream:remotename)%00%(upstream:remoteref) refs/heads/master refs/remotes/master [3ms]
2026-06-26 22:36:03.508 [info] > git for-each-ref --sort -committerdate --format %(refname)%00%(objectname)%00%(*objectname) [2ms]
2026-06-26 22:36:03.509 [info] > git status -z -uall [10ms]
2026-06-26 22:36:08.537 [info] > git config --get commit.template [9ms]
2026-06-26 22:36:08.539 [info] > git for-each-ref --format=%(refname)%00%(upstream:short)%00%(objectname)%00%(upstream:track)%00%(upstream:remotename)%00%(upstream:remoteref) refs/heads/master refs/remotes/master [3ms]
2026-06-26 22:36:08.557 [info] > git for-each-ref --sort -committerdate --format %(refname)%00%(objectname)%00%(*objectname) [4ms]
2026-06-26 22:36:08.559 [info] > git status -z -uall [13ms]
2026-06-26 22:36:13.584 [info] > git config --get commit.template [8ms]
2026-06-26 22:36:13.586 [info] > git for-each-ref --format=%(refname)%00%(upstream:short)%00%(objectname)%00%(upstream:track)%00%(upstream:remotename)%00%(upstream:remoteref) refs/heads/master refs/remotes/master [3ms]
2026-06-26 22:36:13.599 [info] > git for-each-ref --sort -committerdate --format %(refname)%00%(objectname)%00%(*objectname) [3ms]
2026-06-26 22:36:13.600 [info] > git status -z -uall [9ms]
2026-06-26 22:36:18.278 [info] > git show --textconv :apps/code-server/docker-compose.yml [8ms]
2026-06-26 22:36:18.280 [info] > git ls-files --stage -- apps/code-server/docker-compose.yml [3ms]
2026-06-26 22:36:18.289 [info] > git cat-file -s 85d5b480d45af3cf6071d676193d78b5ac1cf59d [2ms]
2026-06-26 22:36:18.623 [info] > git config --get commit.template [9ms]
2026-06-26 22:36:18.625 [info] > git for-each-ref --format=%(refname)%00%(upstream:short)%00%(objectname)%00%(upstream:track)%00%(upstream:remotename)%00%(upstream:remoteref) refs/heads/master refs/remotes/master [4ms]
2026-06-26 22:36:18.641 [info] > git for-each-ref --sort -committerdate --format %(refname)%00%(objectname)%00%(*objectname) [3ms]
2026-06-26 22:36:18.643 [info] > git status -z -uall [11ms]
2026-06-26 22:36:23.661 [info] > git config --get commit.template [7ms]
2026-06-26 22:36:23.663 [info] > git for-each-ref --format=%(refname)%00%(upstream:short)%00%(objectname)%00%(upstream:track)%00%(upstream:remotename)%00%(upstream:remoteref) refs/heads/master refs/remotes/master [3ms]
2026-06-26 22:36:23.677 [info] > git status -z -uall [8ms]
2026-06-26 22:36:23.677 [info] > git for-each-ref --sort -committerdate --format %(refname)%00%(objectname)%00%(*objectname) [3ms]
2026-06-26 22:36:31.841 [info] > git config --get commit.template [7ms]
2026-06-26 22:36:31.843 [info] > git for-each-ref --format=%(refname)%00%(upstream:short)%00%(objectname)%00%(upstream:track)%00%(upstream:remotename)%00%(upstream:remoteref) refs/heads/master refs/remotes/master [3ms]
2026-06-26 22:36:31.862 [info] > git status -z -uall [13ms]
2026-06-26 22:36:31.862 [info] > git for-each-ref --sort -committerdate --format %(refname)%00%(objectname)%00%(*objectname) [8ms]
2026-06-26 22:36:36.888 [info] > git config --get commit.template [7ms]
2026-06-26 22:36:36.889 [info] > git for-each-ref --format=%(refname)%00%(upstream:short)%00%(objectname)%00%(upstream:track)%00%(upstream:remotename)%00%(upstream:remoteref) refs/heads/master refs/remotes/master [2ms]
2026-06-26 22:36:36.904 [info] > git for-each-ref --sort -committerdate --format %(refname)%00%(objectname)%00%(*objectname) [2ms]
2026-06-26 22:36:36.905 [info] > git status -z -uall [9ms]
2026-06-26 22:36:41.923 [info] > git config --get commit.template [3ms]
2026-06-26 22:36:41.931 [info] > git for-each-ref --format=%(refname)%00%(upstream:short)%00%(objectname)%00%(upstream:track)%00%(upstream:remotename)%00%(upstream:remoteref) refs/heads/master refs/remotes/master [2ms]
2026-06-26 22:36:41.951 [info] > git status -z -uall [13ms]
2026-06-26 22:36:41.951 [info] > git for-each-ref --sort -committerdate --format %(refname)%00%(objectname)%00%(*objectname) [3ms]
2026-06-26 22:36:46.976 [info] > git config --get commit.template [9ms]
2026-06-26 22:36:46.978 [info] > git for-each-ref --format=%(refname)%00%(upstream:short)%00%(objectname)%00%(upstream:track)%00%(upstream:remotename)%00%(upstream:remoteref) refs/heads/master refs/remotes/master [3ms]
2026-06-26 22:36:46.996 [info] > git for-each-ref --sort -committerdate --format %(refname)%00%(objectname)%00%(*objectname) [3ms]
2026-06-26 22:36:46.997 [info] > git status -z -uall [12ms]
2026-06-26 22:36:49.464 [info] > git show --textconv :infra/portainer/docker-compose.yml [9ms]
2026-06-26 22:36:49.465 [info] > git ls-files --stage -- infra/portainer/docker-compose.yml [4ms]
2026-06-26 22:36:49.474 [info] > git cat-file -s 64f67250757fae0cfa4644dc4e9eac7be858f27b [2ms]
2026-06-26 22:36:49.514 [info] > git blame --root --incremental af56fc5fa72047d9dd5348df51ce47913cef5f54 -- infra/portainer/docker-compose.yml [4ms]
2026-06-26 22:36:52.021 [info] > git config --get commit.template [8ms]
2026-06-26 22:36:52.024 [info] > git for-each-ref --format=%(refname)%00%(upstream:short)%00%(objectname)%00%(upstream:track)%00%(upstream:remotename)%00%(upstream:remoteref) refs/heads/master refs/remotes/master [4ms]
2026-06-26 22:36:52.042 [info] > git for-each-ref --sort -committerdate --format %(refname)%00%(objectname)%00%(*objectname) [2ms]
2026-06-26 22:36:52.044 [info] > git status -z -uall [12ms]
2026-06-26 22:36:57.063 [info] > git config --get commit.template [7ms]
2026-06-26 22:36:57.065 [info] > git for-each-ref --format=%(refname)%00%(upstream:short)%00%(objectname)%00%(upstream:track)%00%(upstream:remotename)%00%(upstream:remoteref) refs/heads/master refs/remotes/master [3ms]
2026-06-26 22:36:57.081 [info] > git for-each-ref --sort -committerdate --format %(refname)%00%(objectname)%00%(*objectname) [3ms]
2026-06-26 22:36:57.082 [info] > git status -z -uall [11ms]
2026-06-26 22:37:00.724 [info] > git show --textconv :apps/code-server/docker-compose.yml [8ms]
2026-06-26 22:37:00.726 [info] > git ls-files --stage -- apps/code-server/docker-compose.yml [3ms]
2026-06-26 22:37:00.735 [info] > git cat-file -s 85d5b480d45af3cf6071d676193d78b5ac1cf59d [3ms]
2026-06-26 22:37:02.106 [info] > git config --get commit.template [8ms]
2026-06-26 22:37:02.108 [info] > git for-each-ref --format=%(refname)%00%(upstream:short)%00%(objectname)%00%(upstream:track)%00%(upstream:remotename)%00%(upstream:remoteref) refs/heads/master refs/remotes/master [3ms]
2026-06-26 22:37:02.122 [info] > git for-each-ref --sort -committerdate --format %(refname)%00%(objectname)%00%(*objectname) [2ms]
2026-06-26 22:37:02.123 [info] > git status -z -uall [9ms]
2026-06-26 22:37:03.076 [info] > git show --textconv :infra/portainer/docker-compose.yml [6ms]
2026-06-26 22:37:03.078 [info] > git ls-files --stage -- infra/portainer/docker-compose.yml [2ms]
2026-06-26 22:37:03.087 [info] > git cat-file -s 64f67250757fae0cfa4644dc4e9eac7be858f27b [2ms]
2026-06-26 22:37:07.144 [info] > git config --get commit.template [8ms]
2026-06-26 22:37:07.145 [info] > git for-each-ref --format=%(refname)%00%(upstream:short)%00%(objectname)%00%(upstream:track)%00%(upstream:remotename)%00%(upstream:remoteref) refs/heads/master refs/remotes/master [2ms]
2026-06-26 22:37:07.163 [info] > git for-each-ref --sort -committerdate --format %(refname)%00%(objectname)%00%(*objectname) [3ms]
2026-06-26 22:37:07.166 [info] > git status -z -uall [14ms]
2026-06-26 22:37:12.192 [info] > git config --get commit.template [9ms]
2026-06-26 22:37:12.194 [info] > git for-each-ref --format=%(refname)%00%(upstream:short)%00%(objectname)%00%(upstream:track)%00%(upstream:remotename)%00%(upstream:remoteref) refs/heads/master refs/remotes/master [3ms]
2026-06-26 22:37:12.211 [info] > git status -z -uall [12ms]
2026-06-26 22:37:12.212 [info] > git for-each-ref --sort -committerdate --format %(refname)%00%(objectname)%00%(*objectname) [5ms]
2026-06-26 22:37:17.237 [info] > git config --get commit.template [8ms]
2026-06-26 22:37:17.240 [info] > git for-each-ref --format=%(refname)%00%(upstream:short)%00%(objectname)%00%(upstream:track)%00%(upstream:remotename)%00%(upstream:remoteref) refs/heads/master refs/remotes/master [3ms]
2026-06-26 22:37:17.257 [info] > git for-each-ref --sort -committerdate --format %(refname)%00%(objectname)%00%(*objectname) [4ms]
2026-06-26 22:37:17.258 [info] > git status -z -uall [11ms]
2026-06-26 22:37:22.283 [info] > git config --get commit.template [8ms]
2026-06-26 22:37:22.285 [info] > git for-each-ref --format=%(refname)%00%(upstream:short)%00%(objectname)%00%(upstream:track)%00%(upstream:remotename)%00%(upstream:remoteref) refs/heads/master refs/remotes/master [3ms]
2026-06-26 22:37:22.305 [info] > git for-each-ref --sort -committerdate --format %(refname)%00%(objectname)%00%(*objectname) [2ms]
2026-06-26 22:37:22.307 [info] > git status -z -uall [14ms]
2026-06-26 22:37:27.332 [info] > git config --get commit.template [8ms]
2026-06-26 22:37:27.334 [info] > git for-each-ref --format=%(refname)%00%(upstream:short)%00%(objectname)%00%(upstream:track)%00%(upstream:remotename)%00%(upstream:remoteref) refs/heads/master refs/remotes/master [4ms]
2026-06-26 22:37:27.350 [info] > git for-each-ref --sort -committerdate --format %(refname)%00%(objectname)%00%(*objectname) [2ms]
2026-06-26 22:37:27.351 [info] > git status -z -uall [10ms]
2026-06-26 22:37:32.376 [info] > git config --get commit.template [9ms]
2026-06-26 22:37:32.378 [info] > git for-each-ref --format=%(refname)%00%(upstream:short)%00%(objectname)%00%(upstream:track)%00%(upstream:remotename)%00%(upstream:remoteref) refs/heads/master refs/remotes/master [4ms]
2026-06-26 22:37:32.397 [info] > git for-each-ref --sort -committerdate --format %(refname)%00%(objectname)%00%(*objectname) [2ms]
2026-06-26 22:37:32.399 [info] > git status -z -uall [13ms]
2026-06-26 22:37:37.423 [info] > git config --get commit.template [8ms]
2026-06-26 22:37:37.426 [info] > git for-each-ref --format=%(refname)%00%(upstream:short)%00%(objectname)%00%(upstream:track)%00%(upstream:remotename)%00%(upstream:remoteref) refs/heads/master refs/remotes/master [3ms]
2026-06-26 22:37:37.444 [info] > git for-each-ref --sort -committerdate --format %(refname)%00%(objectname)%00%(*objectname) [3ms]
2026-06-26 22:37:37.445 [info] > git status -z -uall [11ms]
2026-06-26 22:37:42.470 [info] > git config --get commit.template [8ms]
2026-06-26 22:37:42.472 [info] > git for-each-ref --format=%(refname)%00%(upstream:short)%00%(objectname)%00%(upstream:track)%00%(upstream:remotename)%00%(upstream:remoteref) refs/heads/master refs/remotes/master [3ms]
2026-06-26 22:37:42.488 [info] > git for-each-ref --sort -committerdate --format %(refname)%00%(objectname)%00%(*objectname) [4ms]
2026-06-26 22:37:42.489 [info] > git status -z -uall [11ms]
2026-06-26 22:37:52.750 [info] > git config --get commit.template [7ms]
2026-06-26 22:37:52.752 [info] > git for-each-ref --format=%(refname)%00%(upstream:short)%00%(objectname)%00%(upstream:track)%00%(upstream:remotename)%00%(upstream:remoteref) refs/heads/master refs/remotes/master [3ms]
2026-06-26 22:37:52.767 [info] > git for-each-ref --sort -committerdate --format %(refname)%00%(objectname)%00%(*objectname) [2ms]
2026-06-26 22:37:52.769 [info] > git status -z -uall [10ms]
2026-06-26 22:37:57.793 [info] > git config --get commit.template [8ms]
2026-06-26 22:37:57.795 [info] > git for-each-ref --format=%(refname)%00%(upstream:short)%00%(objectname)%00%(upstream:track)%00%(upstream:remotename)%00%(upstream:remoteref) refs/heads/master refs/remotes/master [3ms]
2026-06-26 22:37:57.811 [info] > git status -z -uall [10ms]
2026-06-26 22:37:57.811 [info] > git for-each-ref --sort -committerdate --format %(refname)%00%(objectname)%00%(*objectname) [4ms]
2026-06-26 22:38:02.838 [info] > git config --get commit.template [7ms]
2026-06-26 22:38:02.839 [info] > git for-each-ref --format=%(refname)%00%(upstream:short)%00%(objectname)%00%(upstream:track)%00%(upstream:remotename)%00%(upstream:remoteref) refs/heads/master refs/remotes/master [3ms]
2026-06-26 22:38:02.855 [info] > git for-each-ref --sort -committerdate --format %(refname)%00%(objectname)%00%(*objectname) [3ms]
2026-06-26 22:38:02.856 [info] > git status -z -uall [11ms]
