2026-06-27 02:35:34.011 [info] [main] Log level: Info
2026-06-27 02:35:34.011 [info] [main] Validating found git in: "git"
2026-06-27 02:35:34.011 [info] [main] Using git "2.43.0" from "git"
2026-06-27 02:35:34.011 [info] [Model][doInitialScan] Initial repository scan started
2026-06-27 02:35:34.011 [info] > git rev-parse --show-toplevel [2ms]
2026-06-27 02:35:34.011 [info] > git rev-parse --git-dir --git-common-dir --show-superproject-working-tree [17ms]
2026-06-27 02:35:34.012 [info] [Model][openRepository] Opened repository (path): /home/kraddy/homelab
2026-06-27 02:35:34.012 [info] [Model][openRepository] Opened repository (real path): /home/kraddy/homelab
2026-06-27 02:35:34.012 [info] [Model][openRepository] Opened repository (kind): repository
2026-06-27 02:35:34.012 [info] > git config --get commit.template [26ms]
2026-06-27 02:35:34.012 [info] > git rev-parse --show-toplevel [23ms]
2026-06-27 02:35:34.012 [info] > git rev-parse --show-toplevel [3ms]
2026-06-27 02:35:34.012 [info] > git rev-parse --show-toplevel [3ms]
2026-06-27 02:35:34.012 [info] [Model][doInitialScan] Initial repository scan completed - repositories (1), closed repositories (0), parent repositories (0), unsafe repositories (0)
2026-06-27 02:35:34.012 [info] > git for-each-ref --format=%(refname)%00%(upstream:short)%00%(objectname)%00%(upstream:track)%00%(upstream:remotename)%00%(upstream:remoteref) refs/heads/master refs/remotes/master [26ms]
2026-06-27 02:35:34.012 [info] > git status -z -uall [11ms]
2026-06-27 02:35:34.012 [info] > git for-each-ref --sort -committerdate --format %(refname)%00%(objectname)%00%(*objectname) [5ms]
2026-06-27 02:35:34.012 [info] > git for-each-ref --format=%(refname)%00%(upstream:short)%00%(objectname)%00%(upstream:track)%00%(upstream:remotename)%00%(upstream:remoteref) refs/heads/master refs/remotes/master [10ms]
2026-06-27 02:35:34.012 [info] > git config --get commit.template [11ms]
2026-06-27 02:35:34.012 [info] > git config --get --local branch.master.vscode-merge-base [4ms]
2026-06-27 02:35:34.012 [warning] [Git][config] git config failed: Failed to execute git
2026-06-27 02:35:34.012 [info] > git for-each-ref --format=%(refname)%00%(upstream:short)%00%(objectname)%00%(upstream:track)%00%(upstream:remotename)%00%(upstream:remoteref) refs/heads/master refs/remotes/master [4ms]
2026-06-27 02:35:34.012 [info] > git reflog master --grep-reflog=branch: Created from *. [10ms]
2026-06-27 02:35:34.012 [info] > git symbolic-ref --short refs/remotes/origin/HEAD [16ms]
2026-06-27 02:35:34.012 [info] fatal: ref refs/remotes/origin/HEAD is not a symbolic ref
2026-06-27 02:35:34.012 [warning] [Repository][getDefaultBranch] Failed to get default branch details: Failed to execute git.
2026-06-27 02:35:34.012 [info] > git status -z -uall [28ms]
2026-06-27 02:35:34.012 [info] > git merge-base refs/heads/master refs/remotes/origin/master [15ms]
2026-06-27 02:35:34.012 [info] > git for-each-ref --sort -committerdate --format %(refname)%00%(objectname)%00%(*objectname) [29ms]
2026-06-27 02:35:34.013 [info] > git merge-base refs/heads/master refs/remotes/origin/master [4ms]
2026-06-27 02:35:34.019 [info] > git diff --name-status -z --diff-filter=ADMR af56fc5fa72047d9dd5348df51ce47913cef5f54...refs/remotes/origin/master [22ms]
2026-06-27 02:35:34.022 [info] > git diff --name-status -z --diff-filter=ADMR af56fc5fa72047d9dd5348df51ce47913cef5f54...refs/remotes/origin/master [2ms]
2026-06-27 02:35:34.639 [info] > git check-ignore -v -z --stdin [9ms]
2026-06-27 02:35:35.004 [info] > git show --textconv :apps/code-server/docker-compose.yml [12ms]
2026-06-27 02:35:35.007 [info] > git ls-files --stage -- apps/code-server/docker-compose.yml [4ms]
2026-06-27 02:35:35.018 [info] > git cat-file -s 2b27472fcd0ae783e93ecba1b508d2c8ef95661c [2ms]
2026-06-27 02:35:35.511 [info] > git blame --root --incremental f038b83a9c80d7cefa138b529b44fb1a6a9e7bae -- apps/code-server/docker-compose.yml [4ms]
2026-06-27 02:35:36.765 [info] > git ls-files --stage -- .gitignore [2ms]
2026-06-27 02:35:36.774 [info] > git show --textconv :.gitignore [15ms]
2026-06-27 02:35:36.774 [info] > git cat-file -s 027a15b6ac7d90261c89c7f2270193ddfaae01eb [4ms]
2026-06-27 02:35:37.031 [info] > git blame --root --incremental f038b83a9c80d7cefa138b529b44fb1a6a9e7bae -- .gitignore [3ms]
2026-06-27 02:35:54.451 [info] > git config --get commit.template [10ms]
2026-06-27 02:35:54.453 [info] > git for-each-ref --format=%(refname)%00%(upstream:short)%00%(objectname)%00%(upstream:track)%00%(upstream:remotename)%00%(upstream:remoteref) refs/heads/master refs/remotes/master [4ms]
2026-06-27 02:35:54.467 [info] > git for-each-ref --sort -committerdate --format %(refname)%00%(objectname)%00%(*objectname) [2ms]
2026-06-27 02:35:54.534 [info] > git status -z -uall [75ms]
2026-06-27 02:35:59.561 [info] > git config --get commit.template [9ms]
2026-06-27 02:35:59.563 [info] > git for-each-ref --format=%(refname)%00%(upstream:short)%00%(objectname)%00%(upstream:track)%00%(upstream:remotename)%00%(upstream:remoteref) refs/heads/master refs/remotes/master [4ms]
2026-06-27 02:35:59.579 [info] > git for-each-ref --sort -committerdate --format %(refname)%00%(objectname)%00%(*objectname) [3ms]
2026-06-27 02:35:59.581 [info] > git status -z -uall [11ms]
2026-06-27 02:36:04.607 [info] > git config --get commit.template [8ms]
2026-06-27 02:36:04.609 [info] > git for-each-ref --format=%(refname)%00%(upstream:short)%00%(objectname)%00%(upstream:track)%00%(upstream:remotename)%00%(upstream:remoteref) refs/heads/master refs/remotes/master [3ms]
2026-06-27 02:36:04.626 [info] > git for-each-ref --sort -committerdate --format %(refname)%00%(objectname)%00%(*objectname) [3ms]
2026-06-27 02:36:04.629 [info] > git status -z -uall [13ms]
2026-06-27 02:36:09.659 [info] > git config --get commit.template [10ms]
2026-06-27 02:36:09.660 [info] > git for-each-ref --format=%(refname)%00%(upstream:short)%00%(objectname)%00%(upstream:track)%00%(upstream:remotename)%00%(upstream:remoteref) refs/heads/master refs/remotes/master [4ms]
2026-06-27 02:36:09.680 [info] > git for-each-ref --sort -committerdate --format %(refname)%00%(objectname)%00%(*objectname) [4ms]
2026-06-27 02:36:09.682 [info] > git status -z -uall [14ms]
2026-06-27 02:36:13.457 [info] > git check-ignore -v -z --stdin [3ms]
2026-06-27 02:36:14.720 [info] > git config --get commit.template [10ms]
2026-06-27 02:36:14.722 [info] > git for-each-ref --format=%(refname)%00%(upstream:short)%00%(objectname)%00%(upstream:track)%00%(upstream:remotename)%00%(upstream:remoteref) refs/heads/master refs/remotes/master [5ms]
2026-06-27 02:36:14.737 [info] > git for-each-ref --sort -committerdate --format %(refname)%00%(objectname)%00%(*objectname) [3ms]
2026-06-27 02:36:14.739 [info] > git status -z -uall [11ms]
2026-06-27 02:36:15.084 [info] > git check-ignore -v -z --stdin [3ms]
2026-06-27 02:36:18.920 [info] > git show --textconv :.env [9ms]
2026-06-27 02:36:18.932 [info] > git ls-files --stage -- .env [13ms]
2026-06-27 02:36:18.939 [info] > git hash-object -t tree /dev/null [8ms]
2026-06-27 02:36:18.939 [warning] [GitFileSystemProvider][readFile] File not found - git:/home/kraddy/homelab/.env.git?%7B%22path%22%3A%22%2Fhome%2Fkraddy%2Fhomelab%2F.env%22%2C%22ref%22%3A%22%22%7D
2026-06-27 02:36:18.940 [info] > git hash-object -t tree /dev/null [3ms]
2026-06-27 02:36:18.941 [warning] [GitFileSystemProvider][stat] File not found - git:/home/kraddy/homelab/.env.git?%7B%22path%22%3A%22%2Fhome%2Fkraddy%2Fhomelab%2F.env%22%2C%22ref%22%3A%22%22%7D
2026-06-27 02:36:19.763 [info] > git config --get commit.template [8ms]
2026-06-27 02:36:19.764 [info] > git for-each-ref --format=%(refname)%00%(upstream:short)%00%(objectname)%00%(upstream:track)%00%(upstream:remotename)%00%(upstream:remoteref) refs/heads/master refs/remotes/master [3ms]
2026-06-27 02:36:19.779 [info] > git for-each-ref --sort -committerdate --format %(refname)%00%(objectname)%00%(*objectname) [3ms]
2026-06-27 02:36:19.781 [info] > git status -z -uall [11ms]
2026-06-27 02:36:21.323 [info] > git show --textconv :.gitignore [7ms]
2026-06-27 02:36:21.325 [info] > git ls-files --stage -- .gitignore [3ms]
2026-06-27 02:36:21.334 [info] > git cat-file -s 027a15b6ac7d90261c89c7f2270193ddfaae01eb [3ms]
2026-06-27 02:36:24.807 [info] > git config --get commit.template [9ms]
2026-06-27 02:36:24.810 [info] > git for-each-ref --format=%(refname)%00%(upstream:short)%00%(objectname)%00%(upstream:track)%00%(upstream:remotename)%00%(upstream:remoteref) refs/heads/master refs/remotes/master [4ms]
2026-06-27 02:36:24.829 [info] > git for-each-ref --sort -committerdate --format %(refname)%00%(objectname)%00%(*objectname) [4ms]
2026-06-27 02:36:24.831 [info] > git status -z -uall [13ms]
2026-06-27 02:36:29.859 [info] > git config --get commit.template [9ms]
2026-06-27 02:36:29.862 [info] > git for-each-ref --format=%(refname)%00%(upstream:short)%00%(objectname)%00%(upstream:track)%00%(upstream:remotename)%00%(upstream:remoteref) refs/heads/master refs/remotes/master [4ms]
2026-06-27 02:36:29.880 [info] > git for-each-ref --sort -committerdate --format %(refname)%00%(objectname)%00%(*objectname) [4ms]
2026-06-27 02:36:29.882 [info] > git status -z -uall [13ms]
2026-06-27 02:36:31.961 [info] > git log --format=%H%n%aN%n%aE%n%at%n%ct%n%P%n%D%n%B -z --shortstat --diff-merges=first-parent -n50 --skip=0 --topo-order --decorate=full --stdin [259ms]
2026-06-27 02:36:32.238 [info] > git check-ignore -v -z --stdin [3ms]
2026-06-27 02:36:34.183 [info] > git check-ignore -v -z --stdin [3ms]
2026-06-27 02:36:34.907 [info] > git config --get commit.template [9ms]
2026-06-27 02:36:34.909 [info] > git for-each-ref --format=%(refname)%00%(upstream:short)%00%(objectname)%00%(upstream:track)%00%(upstream:remotename)%00%(upstream:remoteref) refs/heads/master refs/remotes/master [4ms]
2026-06-27 02:36:34.928 [info] > git for-each-ref --sort -committerdate --format %(refname)%00%(objectname)%00%(*objectname) [4ms]
2026-06-27 02:36:34.931 [info] > git status -z -uall [15ms]
2026-06-27 02:36:34.954 [info] > git check-ignore -v -z --stdin [3ms]
2026-06-27 02:36:39.957 [info] > git config --get commit.template [10ms]
2026-06-27 02:36:39.960 [info] > git for-each-ref --format=%(refname)%00%(upstream:short)%00%(objectname)%00%(upstream:track)%00%(upstream:remotename)%00%(upstream:remoteref) refs/heads/master refs/remotes/master [4ms]
2026-06-27 02:36:39.981 [info] > git for-each-ref --sort -committerdate --format %(refname)%00%(objectname)%00%(*objectname) [3ms]
2026-06-27 02:36:39.985 [info] > git status -z -uall [13ms]
2026-06-27 02:36:43.351 [info] > git check-ignore -v -z --stdin [3ms]
2026-06-27 02:36:45.010 [info] > git config --get commit.template [9ms]
2026-06-27 02:36:45.012 [info] > git for-each-ref --format=%(refname)%00%(upstream:short)%00%(objectname)%00%(upstream:track)%00%(upstream:remotename)%00%(upstream:remoteref) refs/heads/master refs/remotes/master [3ms]
2026-06-27 02:36:45.028 [info] > git for-each-ref --sort -committerdate --format %(refname)%00%(objectname)%00%(*objectname) [3ms]
2026-06-27 02:36:45.030 [info] > git status -z -uall [11ms]
2026-06-27 02:36:50.058 [info] > git config --get commit.template [10ms]
2026-06-27 02:36:50.059 [info] > git for-each-ref --format=%(refname)%00%(upstream:short)%00%(objectname)%00%(upstream:track)%00%(upstream:remotename)%00%(upstream:remoteref) refs/heads/master refs/remotes/master [3ms]
2026-06-27 02:36:50.075 [info] > git for-each-ref --sort -committerdate --format %(refname)%00%(objectname)%00%(*objectname) [3ms]
2026-06-27 02:36:50.079 [info] > git status -z -uall [14ms]
2026-06-27 02:36:55.460 [info] > git config --get commit.template [9ms]
2026-06-27 02:36:55.462 [info] > git for-each-ref --format=%(refname)%00%(upstream:short)%00%(objectname)%00%(upstream:track)%00%(upstream:remotename)%00%(upstream:remoteref) refs/heads/master refs/remotes/master [2ms]
2026-06-27 02:36:55.476 [info] > git for-each-ref --sort -committerdate --format %(refname)%00%(objectname)%00%(*objectname) [3ms]
2026-06-27 02:36:55.478 [info] > git status -z -uall [11ms]
2026-06-27 02:37:00.500 [info] > git config --get commit.template [7ms]
2026-06-27 02:37:00.502 [info] > git for-each-ref --format=%(refname)%00%(upstream:short)%00%(objectname)%00%(upstream:track)%00%(upstream:remotename)%00%(upstream:remoteref) refs/heads/master refs/remotes/master [4ms]
2026-06-27 02:37:00.519 [info] > git for-each-ref --sort -committerdate --format %(refname)%00%(objectname)%00%(*objectname) [3ms]
2026-06-27 02:37:00.523 [info] > git status -z -uall [15ms]
2026-06-27 02:37:05.547 [info] > git config --get commit.template [8ms]
2026-06-27 02:37:05.550 [info] > git for-each-ref --format=%(refname)%00%(upstream:short)%00%(objectname)%00%(upstream:track)%00%(upstream:remotename)%00%(upstream:remoteref) refs/heads/master refs/remotes/master [4ms]
2026-06-27 02:37:05.567 [info] > git for-each-ref --sort -committerdate --format %(refname)%00%(objectname)%00%(*objectname) [4ms]
2026-06-27 02:37:05.569 [info] > git status -z -uall [12ms]
2026-06-27 02:37:10.594 [info] > git config --get commit.template [9ms]
2026-06-27 02:37:10.596 [info] > git for-each-ref --format=%(refname)%00%(upstream:short)%00%(objectname)%00%(upstream:track)%00%(upstream:remotename)%00%(upstream:remoteref) refs/heads/master refs/remotes/master [3ms]
2026-06-27 02:37:10.611 [info] > git for-each-ref --sort -committerdate --format %(refname)%00%(objectname)%00%(*objectname) [3ms]
2026-06-27 02:37:10.613 [info] > git status -z -uall [12ms]
2026-06-27 02:37:18.468 [info] > git config --get commit.template [6ms]
2026-06-27 02:37:18.469 [info] > git for-each-ref --format=%(refname)%00%(upstream:short)%00%(objectname)%00%(upstream:track)%00%(upstream:remotename)%00%(upstream:remoteref) refs/heads/master refs/remotes/master [2ms]
2026-06-27 02:37:18.484 [info] > git for-each-ref --sort -committerdate --format %(refname)%00%(objectname)%00%(*objectname) [3ms]
2026-06-27 02:37:18.485 [info] > git status -z -uall [10ms]
2026-06-27 02:37:22.803 [info] > git check-ignore -v -z --stdin [3ms]
2026-06-27 02:37:23.505 [info] > git config --get commit.template [8ms]
2026-06-27 02:37:23.508 [info] > git for-each-ref --format=%(refname)%00%(upstream:short)%00%(objectname)%00%(upstream:track)%00%(upstream:remotename)%00%(upstream:remoteref) refs/heads/master refs/remotes/master [4ms]
2026-06-27 02:37:23.526 [info] > git for-each-ref --sort -committerdate --format %(refname)%00%(objectname)%00%(*objectname) [4ms]
2026-06-27 02:37:23.528 [info] > git status -z -uall [13ms]
2026-06-27 02:37:25.763 [info] > git check-ignore -v -z --stdin [4ms]
2026-06-27 02:37:28.556 [info] > git config --get commit.template [11ms]
2026-06-27 02:37:28.558 [info] > git for-each-ref --format=%(refname)%00%(upstream:short)%00%(objectname)%00%(upstream:track)%00%(upstream:remotename)%00%(upstream:remoteref) refs/heads/master refs/remotes/master [5ms]
2026-06-27 02:37:28.581 [info] > git for-each-ref --sort -committerdate --format %(refname)%00%(objectname)%00%(*objectname) [1ms]
2026-06-27 02:37:28.583 [info] > git status -z -uall [16ms]
2026-06-27 02:37:32.081 [info] > git check-ignore -v -z --stdin [3ms]
2026-06-27 02:37:33.610 [info] > git config --get commit.template [9ms]
2026-06-27 02:37:33.612 [info] > git for-each-ref --format=%(refname)%00%(upstream:short)%00%(objectname)%00%(upstream:track)%00%(upstream:remotename)%00%(upstream:remoteref) refs/heads/master refs/remotes/master [4ms]
2026-06-27 02:37:33.628 [info] > git for-each-ref --sort -committerdate --format %(refname)%00%(objectname)%00%(*objectname) [3ms]
2026-06-27 02:37:33.630 [info] > git status -z -uall [13ms]
2026-06-27 02:37:38.656 [info] > git config --get commit.template [9ms]
2026-06-27 02:37:38.658 [info] > git for-each-ref --format=%(refname)%00%(upstream:short)%00%(objectname)%00%(upstream:track)%00%(upstream:remotename)%00%(upstream:remoteref) refs/heads/master refs/remotes/master [4ms]
2026-06-27 02:37:38.676 [info] > git for-each-ref --sort -committerdate --format %(refname)%00%(objectname)%00%(*objectname) [3ms]
2026-06-27 02:37:38.679 [info] > git status -z -uall [14ms]
2026-06-27 02:37:40.946 [info] > git log --format=%H%n%aN%n%aE%n%at%n%ct%n%P%n%D%n%B -z --shortstat --diff-merges=first-parent -n50 --skip=0 --topo-order --decorate=full --stdin [132ms]
2026-06-27 02:37:41.327 [info] > git check-ignore -v -z --stdin [3ms]
2026-06-27 02:37:43.697 [info] > git config --get commit.template [7ms]
2026-06-27 02:37:43.699 [info] > git for-each-ref --format=%(refname)%00%(upstream:short)%00%(objectname)%00%(upstream:track)%00%(upstream:remotename)%00%(upstream:remoteref) refs/heads/master refs/remotes/master [3ms]
2026-06-27 02:37:43.713 [info] > git for-each-ref --sort -committerdate --format %(refname)%00%(objectname)%00%(*objectname) [2ms]
2026-06-27 02:37:43.715 [info] > git status -z -uall [10ms]
2026-06-27 02:37:48.741 [info] > git config --get commit.template [9ms]
2026-06-27 02:37:48.744 [info] > git for-each-ref --format=%(refname)%00%(upstream:short)%00%(objectname)%00%(upstream:track)%00%(upstream:remotename)%00%(upstream:remoteref) refs/heads/master refs/remotes/master [4ms]
2026-06-27 02:37:48.761 [info] > git for-each-ref --sort -committerdate --format %(refname)%00%(objectname)%00%(*objectname) [3ms]
2026-06-27 02:37:48.764 [info] > git status -z -uall [13ms]
2026-06-27 02:37:53.789 [info] > git config --get commit.template [9ms]
2026-06-27 02:37:53.791 [info] > git for-each-ref --format=%(refname)%00%(upstream:short)%00%(objectname)%00%(upstream:track)%00%(upstream:remotename)%00%(upstream:remoteref) refs/heads/master refs/remotes/master [4ms]
2026-06-27 02:37:53.809 [info] > git for-each-ref --sort -committerdate --format %(refname)%00%(objectname)%00%(*objectname) [3ms]
2026-06-27 02:37:53.812 [info] > git status -z -uall [13ms]
2026-06-27 02:37:58.837 [info] > git config --get commit.template [8ms]
2026-06-27 02:37:58.839 [info] > git for-each-ref --format=%(refname)%00%(upstream:short)%00%(objectname)%00%(upstream:track)%00%(upstream:remotename)%00%(upstream:remoteref) refs/heads/master refs/remotes/master [4ms]
2026-06-27 02:37:58.859 [info] > git for-each-ref --sort -committerdate --format %(refname)%00%(objectname)%00%(*objectname) [3ms]
2026-06-27 02:37:58.863 [info] > git status -z -uall [16ms]
2026-06-27 02:38:00.978 [info] > git check-ignore -v -z --stdin [3ms]
2026-06-27 02:38:03.888 [info] > git config --get commit.template [9ms]
2026-06-27 02:38:03.891 [info] > git for-each-ref --format=%(refname)%00%(upstream:short)%00%(objectname)%00%(upstream:track)%00%(upstream:remotename)%00%(upstream:remoteref) refs/heads/master refs/remotes/master [4ms]
2026-06-27 02:38:03.906 [info] > git for-each-ref --sort -committerdate --format %(refname)%00%(objectname)%00%(*objectname) [3ms]
2026-06-27 02:38:03.907 [info] > git status -z -uall [10ms]
2026-06-27 02:38:08.928 [info] > git config --get commit.template [10ms]
2026-06-27 02:38:08.930 [info] > git for-each-ref --format=%(refname)%00%(upstream:short)%00%(objectname)%00%(upstream:track)%00%(upstream:remotename)%00%(upstream:remoteref) refs/heads/master refs/remotes/master [4ms]
2026-06-27 02:38:08.946 [info] > git for-each-ref --sort -committerdate --format %(refname)%00%(objectname)%00%(*objectname) [3ms]
2026-06-27 02:38:08.947 [info] > git status -z -uall [10ms]
2026-06-27 02:38:10.641 [info] > git add -A -- . [18ms]
2026-06-27 02:38:10.714 [info] > git -c user.useConfigOnly=true commit --quiet --allow-empty-message --file - [65ms]
2026-06-27 02:38:10.722 [info] > git config --get commit.template [2ms]
2026-06-27 02:38:10.741 [info] > git config --get commit.template [9ms]
2026-06-27 02:38:10.742 [info] > git for-each-ref --format=%(refname)%00%(upstream:short)%00%(objectname)%00%(upstream:track)%00%(upstream:remotename)%00%(upstream:remoteref) refs/heads/master refs/remotes/master [2ms]
2026-06-27 02:38:10.757 [info] > git for-each-ref --sort -committerdate --format %(refname)%00%(objectname)%00%(*objectname) [3ms]
2026-06-27 02:38:10.758 [info] > git status -z -uall [10ms]
2026-06-27 02:38:10.786 [info] > git merge-base refs/heads/master refs/remotes/origin/master [5ms]
2026-06-27 02:38:10.795 [info] > git blame --root --incremental e1db49148a55d75c314c4c804c47501f515c0313 -- .gitignore [26ms]
2026-06-27 02:38:10.799 [info] > git diff --name-status -z --diff-filter=ADMR af56fc5fa72047d9dd5348df51ce47913cef5f54...refs/remotes/origin/master [5ms]
2026-06-27 02:38:11.101 [info] > git config --get commit.template [8ms]
2026-06-27 02:38:11.103 [info] > git for-each-ref --format=%(refname)%00%(upstream:short)%00%(objectname)%00%(upstream:track)%00%(upstream:remotename)%00%(upstream:remoteref) refs/heads/master refs/remotes/master [3ms]
2026-06-27 02:38:11.124 [info] > git status -z -uall [15ms]
2026-06-27 02:38:11.124 [info] > git for-each-ref --sort -committerdate --format %(refname)%00%(objectname)%00%(*objectname) [4ms]
2026-06-27 02:38:11.227 [info] > git log --format=%H%n%aN%n%aE%n%at%n%ct%n%P%n%D%n%B -z --shortstat --diff-merges=first-parent -n50 --skip=0 --topo-order --decorate=full --stdin [156ms]
2026-06-27 02:38:12.458 [info] > git ls-files --stage -- .gitignore [3ms]
2026-06-27 02:38:12.466 [info] > git cat-file -s d5144fa58f9aa79b301586269b2c8bba3ad045e0 [3ms]
2026-06-27 02:38:12.683 [info] > git show --textconv :.gitignore [3ms]
2026-06-27 02:38:13.973 [info] > git config --get commit.template [10ms]
2026-06-27 02:38:13.975 [info] > git for-each-ref --format=%(refname)%00%(upstream:short)%00%(objectname)%00%(upstream:track)%00%(upstream:remotename)%00%(upstream:remoteref) refs/heads/master refs/remotes/master [3ms]
2026-06-27 02:38:13.994 [info] > git for-each-ref --sort -committerdate --format %(refname)%00%(objectname)%00%(*objectname) [4ms]
2026-06-27 02:38:13.996 [info] > git status -z -uall [13ms]
2026-06-27 02:38:19.019 [info] > git config --get commit.template [8ms]
2026-06-27 02:38:19.021 [info] > git for-each-ref --format=%(refname)%00%(upstream:short)%00%(objectname)%00%(upstream:track)%00%(upstream:remotename)%00%(upstream:remoteref) refs/heads/master refs/remotes/master [4ms]
2026-06-27 02:38:19.039 [info] > git for-each-ref --sort -committerdate --format %(refname)%00%(objectname)%00%(*objectname) [3ms]
2026-06-27 02:38:19.041 [info] > git status -z -uall [13ms]
2026-06-27 02:38:24.066 [info] > git config --get commit.template [10ms]
2026-06-27 02:38:24.069 [info] > git for-each-ref --format=%(refname)%00%(upstream:short)%00%(objectname)%00%(upstream:track)%00%(upstream:remotename)%00%(upstream:remoteref) refs/heads/master refs/remotes/master [4ms]
2026-06-27 02:38:24.090 [info] > git for-each-ref --sort -committerdate --format %(refname)%00%(objectname)%00%(*objectname) [4ms]
2026-06-27 02:38:24.092 [info] > git status -z -uall [13ms]
2026-06-27 02:38:29.114 [info] > git config --get commit.template [8ms]
2026-06-27 02:38:29.117 [info] > git for-each-ref --format=%(refname)%00%(upstream:short)%00%(objectname)%00%(upstream:track)%00%(upstream:remotename)%00%(upstream:remoteref) refs/heads/master refs/remotes/master [5ms]
2026-06-27 02:38:29.135 [info] > git for-each-ref --sort -committerdate --format %(refname)%00%(objectname)%00%(*objectname) [3ms]
2026-06-27 02:38:29.137 [info] > git status -z -uall [13ms]
2026-06-27 02:38:31.922 [info] > git check-ignore -v -z --stdin [4ms]
2026-06-27 02:38:34.165 [info] > git config --get commit.template [11ms]
2026-06-27 02:38:34.168 [info] > git for-each-ref --format=%(refname)%00%(upstream:short)%00%(objectname)%00%(upstream:track)%00%(upstream:remotename)%00%(upstream:remoteref) refs/heads/master refs/remotes/master [5ms]
2026-06-27 02:38:34.186 [info] > git for-each-ref --sort -committerdate --format %(refname)%00%(objectname)%00%(*objectname) [3ms]
2026-06-27 02:38:34.189 [info] > git status -z -uall [14ms]
2026-06-27 02:38:35.022 [info] > git check-ignore -v -z --stdin [3ms]
2026-06-27 02:38:39.012 [info] > git check-ignore -v -z --stdin [4ms]
2026-06-27 02:38:39.208 [info] > git config --get commit.template [8ms]
2026-06-27 02:38:39.210 [info] > git for-each-ref --format=%(refname)%00%(upstream:short)%00%(objectname)%00%(upstream:track)%00%(upstream:remotename)%00%(upstream:remoteref) refs/heads/master refs/remotes/master [3ms]
2026-06-27 02:38:39.226 [info] > git status -z -uall [9ms]
2026-06-27 02:38:39.226 [info] > git for-each-ref --sort -committerdate --format %(refname)%00%(objectname)%00%(*objectname) [3ms]
2026-06-27 02:38:40.062 [info] > git check-ignore -v -z --stdin [4ms]
2026-06-27 02:38:40.939 [info] > git check-ignore -v -z --stdin [4ms]
2026-06-27 02:38:44.248 [info] > git config --get commit.template [9ms]
2026-06-27 02:38:44.250 [info] > git for-each-ref --format=%(refname)%00%(upstream:short)%00%(objectname)%00%(upstream:track)%00%(upstream:remotename)%00%(upstream:remoteref) refs/heads/master refs/remotes/master [4ms]
2026-06-27 02:38:44.269 [info] > git status -z -uall [11ms]
2026-06-27 02:38:44.270 [info] > git for-each-ref --sort -committerdate --format %(refname)%00%(objectname)%00%(*objectname) [5ms]
2026-06-27 02:38:45.152 [info] > git check-ignore -v -z --stdin [3ms]
2026-06-27 02:38:49.300 [info] > git config --get commit.template [10ms]
2026-06-27 02:38:49.302 [info] > git for-each-ref --format=%(refname)%00%(upstream:short)%00%(objectname)%00%(upstream:track)%00%(upstream:remotename)%00%(upstream:remoteref) refs/heads/master refs/remotes/master [4ms]
2026-06-27 02:38:49.316 [info] > git status -z -uall [8ms]
2026-06-27 02:38:49.317 [info] > git for-each-ref --sort -committerdate --format %(refname)%00%(objectname)%00%(*objectname) [3ms]
2026-06-27 02:38:53.930 [info] > git check-ignore -v -z --stdin [4ms]
2026-06-27 02:38:54.519 [info] > git config --get commit.template [8ms]
2026-06-27 02:38:54.521 [info] > git for-each-ref --format=%(refname)%00%(upstream:short)%00%(objectname)%00%(upstream:track)%00%(upstream:remotename)%00%(upstream:remoteref) refs/heads/master refs/remotes/master [4ms]
2026-06-27 02:38:54.535 [info] > git status -z -uall [9ms]
2026-06-27 02:38:54.536 [info] > git for-each-ref --sort -committerdate --format %(refname)%00%(objectname)%00%(*objectname) [3ms]
2026-06-27 02:39:00.397 [info] > git log --format=%H%n%aN%n%aE%n%at%n%ct%n%P%n%D%n%B -z --shortstat --diff-merges=first-parent -n50 --skip=0 --topo-order --decorate=full --stdin [139ms]
2026-06-27 02:39:01.519 [info] > git config --get commit.template [6ms]
2026-06-27 02:39:01.521 [info] > git for-each-ref --format=%(refname)%00%(upstream:short)%00%(objectname)%00%(upstream:track)%00%(upstream:remotename)%00%(upstream:remoteref) refs/heads/master refs/remotes/master [3ms]
2026-06-27 02:39:01.535 [info] > git status -z -uall [8ms]
2026-06-27 02:39:01.536 [info] > git for-each-ref --sort -committerdate --format %(refname)%00%(objectname)%00%(*objectname) [3ms]
2026-06-27 02:39:06.558 [info] > git config --get commit.template [9ms]
2026-06-27 02:39:06.561 [info] > git for-each-ref --format=%(refname)%00%(upstream:short)%00%(objectname)%00%(upstream:track)%00%(upstream:remotename)%00%(upstream:remoteref) refs/heads/master refs/remotes/master [4ms]
2026-06-27 02:39:06.577 [info] > git status -z -uall [10ms]
2026-06-27 02:39:06.578 [info] > git for-each-ref --sort -committerdate --format %(refname)%00%(objectname)%00%(*objectname) [4ms]
2026-06-27 02:39:11.603 [info] > git config --get commit.template [9ms]
2026-06-27 02:39:11.606 [info] > git for-each-ref --format=%(refname)%00%(upstream:short)%00%(objectname)%00%(upstream:track)%00%(upstream:remotename)%00%(upstream:remoteref) refs/heads/master refs/remotes/master [4ms]
2026-06-27 02:39:11.622 [info] > git for-each-ref --sort -committerdate --format %(refname)%00%(objectname)%00%(*objectname) [3ms]
2026-06-27 02:39:11.623 [info] > git status -z -uall [11ms]
