2026-06-26 19:39:19.039 [info] [main] Log level: Info
2026-06-26 19:39:19.039 [info] [main] Validating found git in: "git"
2026-06-26 19:39:19.040 [info] [main] Using git "2.43.0" from "git"
2026-06-26 19:39:19.040 [info] [Model][doInitialScan] Initial repository scan started
2026-06-26 19:39:19.040 [info] > git rev-parse --show-toplevel [4ms]
2026-06-26 19:39:19.040 [info] > git rev-parse --git-dir --git-common-dir --show-superproject-working-tree [119ms]
2026-06-26 19:39:19.040 [info] [Model][openRepository] Opened repository (path): /home/kraddy/homelab
2026-06-26 19:39:19.040 [info] [Model][openRepository] Opened repository (real path): /home/kraddy/homelab
2026-06-26 19:39:19.040 [info] [Model][openRepository] Opened repository (kind): repository
2026-06-26 19:39:19.040 [info] > git config --get commit.template [6ms]
2026-06-26 19:39:19.040 [info] > git rev-parse --show-toplevel [5ms]
2026-06-26 19:39:19.040 [info] > git rev-parse --show-toplevel [4ms]
2026-06-26 19:39:19.040 [info] > git for-each-ref --format=%(refname)%00%(upstream:short)%00%(objectname)%00%(upstream:track)%00%(upstream:remotename)%00%(upstream:remoteref) refs/heads/master refs/remotes/master [9ms]
2026-06-26 19:39:19.040 [info] > git rev-parse --show-toplevel [3ms]
2026-06-26 19:39:19.040 [info] [Model][doInitialScan] Initial repository scan completed - repositories (1), closed repositories (0), parent repositories (0), unsafe repositories (0)
2026-06-26 19:39:19.040 [info] > git status -z -uall [52ms]
2026-06-26 19:39:19.040 [info] > git for-each-ref --sort -committerdate --format %(refname)%00%(objectname)%00%(*objectname) [51ms]
2026-06-26 19:39:19.040 [info] > git for-each-ref --format=%(refname)%00%(upstream:short)%00%(objectname)%00%(upstream:track)%00%(upstream:remotename)%00%(upstream:remoteref) refs/heads/master refs/remotes/master [8ms]
2026-06-26 19:39:19.040 [info] > git config --get commit.template [12ms]
2026-06-26 19:39:19.040 [info] > git config --get --local branch.master.vscode-merge-base [7ms]
2026-06-26 19:39:19.041 [warning] [Git][config] git config failed: Failed to execute git
2026-06-26 19:39:19.052 [info] > git reflog master --grep-reflog=branch: Created from *. [7ms]
2026-06-26 19:39:19.057 [info] > git for-each-ref --format=%(refname)%00%(upstream:short)%00%(objectname)%00%(upstream:track)%00%(upstream:remotename)%00%(upstream:remoteref) refs/heads/master refs/remotes/master [8ms]
2026-06-26 19:39:19.059 [info] > git symbolic-ref --short refs/remotes/origin/HEAD [3ms]
2026-06-26 19:39:19.059 [info] fatal: ref refs/remotes/origin/HEAD is not a symbolic ref
2026-06-26 19:39:19.059 [warning] [Repository][getDefaultBranch] Failed to get default branch details: Failed to execute git.
2026-06-26 19:39:19.081 [info] > git status -z -uall [13ms]
2026-06-26 19:39:19.081 [info] > git for-each-ref --sort -committerdate --format %(refname)%00%(objectname)%00%(*objectname) [9ms]
2026-06-26 19:39:19.090 [info] > git merge-base refs/heads/master refs/remotes/origin/master [26ms]
2026-06-26 19:39:19.095 [info] > git merge-base refs/heads/master refs/remotes/origin/master [6ms]
2026-06-26 19:39:19.104 [info] > git diff --name-status -z --diff-filter=ADMR af56fc5fa72047d9dd5348df51ce47913cef5f54...refs/remotes/origin/master [10ms]
2026-06-26 19:39:19.106 [info] > git diff --name-status -z --diff-filter=ADMR af56fc5fa72047d9dd5348df51ce47913cef5f54...refs/remotes/origin/master [7ms]
2026-06-26 19:39:19.567 [info] > git check-ignore -v -z --stdin [13ms]
2026-06-26 19:39:22.097 [info] > git config --get commit.template [7ms]
2026-06-26 19:39:22.098 [info] > git for-each-ref --format=%(refname)%00%(upstream:short)%00%(objectname)%00%(upstream:track)%00%(upstream:remotename)%00%(upstream:remoteref) refs/heads/master refs/remotes/master [3ms]
2026-06-26 19:39:22.109 [info] > git for-each-ref --sort -committerdate --format %(refname)%00%(objectname)%00%(*objectname) [2ms]
2026-06-26 19:39:22.110 [info] > git status -z -uall [8ms]
2026-06-26 19:39:29.095 [info] > git config --get commit.template [2ms]
2026-06-26 19:39:29.102 [info] > git for-each-ref --format=%(refname)%00%(upstream:short)%00%(objectname)%00%(upstream:track)%00%(upstream:remotename)%00%(upstream:remoteref) refs/heads/master refs/remotes/master [3ms]
2026-06-26 19:39:29.116 [info] > git status -z -uall [8ms]
2026-06-26 19:39:29.117 [info] > git for-each-ref --sort -committerdate --format %(refname)%00%(objectname)%00%(*objectname) [5ms]
2026-06-26 19:39:30.727 [info] > git show --textconv :infra/portainer/docker-compose.yml [8ms]
2026-06-26 19:39:30.729 [info] > git ls-files --stage -- infra/portainer/docker-compose.yml [3ms]
2026-06-26 19:39:30.736 [info] > git cat-file -s 64f67250757fae0cfa4644dc4e9eac7be858f27b [2ms]
2026-06-26 19:39:30.785 [info] > git blame --root --incremental af56fc5fa72047d9dd5348df51ce47913cef5f54 -- infra/portainer/docker-compose.yml [2ms]
2026-06-26 19:39:34.138 [info] > git config --get commit.template [6ms]
2026-06-26 19:39:34.140 [info] > git for-each-ref --format=%(refname)%00%(upstream:short)%00%(objectname)%00%(upstream:track)%00%(upstream:remotename)%00%(upstream:remoteref) refs/heads/master refs/remotes/master [4ms]
2026-06-26 19:39:34.152 [info] > git status -z -uall [8ms]
2026-06-26 19:39:34.153 [info] > git for-each-ref --sort -committerdate --format %(refname)%00%(objectname)%00%(*objectname) [4ms]
2026-06-26 19:39:39.169 [info] > git config --get commit.template [5ms]
2026-06-26 19:39:39.171 [info] > git for-each-ref --format=%(refname)%00%(upstream:short)%00%(objectname)%00%(upstream:track)%00%(upstream:remotename)%00%(upstream:remoteref) refs/heads/master refs/remotes/master [3ms]
2026-06-26 19:39:39.184 [info] > git status -z -uall [8ms]
2026-06-26 19:39:39.185 [info] > git for-each-ref --sort -committerdate --format %(refname)%00%(objectname)%00%(*objectname) [5ms]
2026-06-26 19:39:44.204 [info] > git config --get commit.template [7ms]
2026-06-26 19:39:44.204 [info] > git for-each-ref --format=%(refname)%00%(upstream:short)%00%(objectname)%00%(upstream:track)%00%(upstream:remotename)%00%(upstream:remoteref) refs/heads/master refs/remotes/master [2ms]
2026-06-26 19:39:44.216 [info] > git status -z -uall [7ms]
2026-06-26 19:39:44.217 [info] > git for-each-ref --sort -committerdate --format %(refname)%00%(objectname)%00%(*objectname) [3ms]
2026-06-26 19:39:49.233 [info] > git config --get commit.template [6ms]
2026-06-26 19:39:49.234 [info] > git for-each-ref --format=%(refname)%00%(upstream:short)%00%(objectname)%00%(upstream:track)%00%(upstream:remotename)%00%(upstream:remoteref) refs/heads/master refs/remotes/master [3ms]
2026-06-26 19:39:49.246 [info] > git status -z -uall [7ms]
2026-06-26 19:39:49.247 [info] > git for-each-ref --sort -committerdate --format %(refname)%00%(objectname)%00%(*objectname) [4ms]
2026-06-26 19:39:54.267 [info] > git config --get commit.template [7ms]
2026-06-26 19:39:54.269 [info] > git for-each-ref --format=%(refname)%00%(upstream:short)%00%(objectname)%00%(upstream:track)%00%(upstream:remotename)%00%(upstream:remoteref) refs/heads/master refs/remotes/master [3ms]
2026-06-26 19:39:54.281 [info] > git status -z -uall [7ms]
2026-06-26 19:39:54.282 [info] > git for-each-ref --sort -committerdate --format %(refname)%00%(objectname)%00%(*objectname) [3ms]
2026-06-26 19:39:59.304 [info] > git config --get commit.template [7ms]
2026-06-26 19:39:59.307 [info] > git for-each-ref --format=%(refname)%00%(upstream:short)%00%(objectname)%00%(upstream:track)%00%(upstream:remotename)%00%(upstream:remoteref) refs/heads/master refs/remotes/master [3ms]
2026-06-26 19:39:59.318 [info] > git status -z -uall [7ms]
2026-06-26 19:39:59.319 [info] > git for-each-ref --sort -committerdate --format %(refname)%00%(objectname)%00%(*objectname) [3ms]
2026-06-26 19:41:42.468 [info] > git config --get commit.template [6ms]
2026-06-26 19:41:42.469 [info] > git for-each-ref --format=%(refname)%00%(upstream:short)%00%(objectname)%00%(upstream:track)%00%(upstream:remotename)%00%(upstream:remoteref) refs/heads/master refs/remotes/master [2ms]
2026-06-26 19:41:42.480 [info] > git status -z -uall [6ms]
2026-06-26 19:41:42.481 [info] > git for-each-ref --sort -committerdate --format %(refname)%00%(objectname)%00%(*objectname) [3ms]
2026-06-26 19:51:17.789 [info] > git config --get commit.template [5ms]
2026-06-26 19:51:17.791 [info] > git for-each-ref --format=%(refname)%00%(upstream:short)%00%(objectname)%00%(upstream:track)%00%(upstream:remotename)%00%(upstream:remoteref) refs/heads/master refs/remotes/master [2ms]
2026-06-26 19:51:17.802 [info] > git status -z -uall [7ms]
2026-06-26 19:51:17.804 [info] > git for-each-ref --sort -committerdate --format %(refname)%00%(objectname)%00%(*objectname) [4ms]
2026-06-26 19:51:22.823 [info] > git config --get commit.template [7ms]
2026-06-26 19:51:22.826 [info] > git for-each-ref --format=%(refname)%00%(upstream:short)%00%(objectname)%00%(upstream:track)%00%(upstream:remotename)%00%(upstream:remoteref) refs/heads/master refs/remotes/master [4ms]
2026-06-26 19:51:22.841 [info] > git status -z -uall [9ms]
2026-06-26 19:51:22.843 [info] > git for-each-ref --sort -committerdate --format %(refname)%00%(objectname)%00%(*objectname) [4ms]
2026-06-26 19:51:27.863 [info] > git config --get commit.template [7ms]
2026-06-26 19:51:27.865 [info] > git for-each-ref --format=%(refname)%00%(upstream:short)%00%(objectname)%00%(upstream:track)%00%(upstream:remotename)%00%(upstream:remoteref) refs/heads/master refs/remotes/master [3ms]
2026-06-26 19:51:27.881 [info] > git status -z -uall [8ms]
2026-06-26 19:51:27.882 [info] > git for-each-ref --sort -committerdate --format %(refname)%00%(objectname)%00%(*objectname) [4ms]
2026-06-26 19:51:28.849 [info] > git check-ignore -v -z --stdin [3ms]
2026-06-26 19:51:32.897 [info] > git config --get commit.template [6ms]
2026-06-26 19:51:32.899 [info] > git for-each-ref --format=%(refname)%00%(upstream:short)%00%(objectname)%00%(upstream:track)%00%(upstream:remotename)%00%(upstream:remoteref) refs/heads/master refs/remotes/master [3ms]
2026-06-26 19:51:32.913 [info] > git status -z -uall [9ms]
2026-06-26 19:51:32.914 [info] > git for-each-ref --sort -committerdate --format %(refname)%00%(objectname)%00%(*objectname) [4ms]
2026-06-26 19:51:37.928 [info] > git config --get commit.template [3ms]
2026-06-26 19:51:37.934 [info] > git for-each-ref --format=%(refname)%00%(upstream:short)%00%(objectname)%00%(upstream:track)%00%(upstream:remotename)%00%(upstream:remoteref) refs/heads/master refs/remotes/master [2ms]
2026-06-26 19:51:37.946 [info] > git status -z -uall [7ms]
2026-06-26 19:51:37.947 [info] > git for-each-ref --sort -committerdate --format %(refname)%00%(objectname)%00%(*objectname) [3ms]
2026-06-26 19:51:42.277 [info] > git show --textconv :infra/cloudflared/.env [6ms]
2026-06-26 19:51:42.284 [info] > git ls-files --stage -- infra/cloudflared/.env [8ms]
2026-06-26 19:51:42.289 [info] > git hash-object -t tree /dev/null [7ms]
2026-06-26 19:51:42.289 [warning] [GitFileSystemProvider][readFile] File not found - git:/home/kraddy/homelab/infra/cloudflared/.env.git?%7B%22path%22%3A%22%2Fhome%2Fkraddy%2Fhomelab%2Finfra%2Fcloudflared%2F.env%22%2C%22ref%22%3A%22%22%7D
2026-06-26 19:51:42.290 [info] > git hash-object -t tree /dev/null [2ms]
2026-06-26 19:51:42.291 [warning] [GitFileSystemProvider][stat] File not found - git:/home/kraddy/homelab/infra/cloudflared/.env.git?%7B%22path%22%3A%22%2Fhome%2Fkraddy%2Fhomelab%2Finfra%2Fcloudflared%2F.env%22%2C%22ref%22%3A%22%22%7D
2026-06-26 19:51:42.505 [info] > git check-ignore -v -z --stdin [2ms]
2026-06-26 19:51:42.967 [info] > git config --get commit.template [7ms]
2026-06-26 19:51:42.969 [info] > git for-each-ref --format=%(refname)%00%(upstream:short)%00%(objectname)%00%(upstream:track)%00%(upstream:remotename)%00%(upstream:remoteref) refs/heads/master refs/remotes/master [3ms]
2026-06-26 19:51:42.985 [info] > git status -z -uall [9ms]
2026-06-26 19:51:42.987 [info] > git for-each-ref --sort -committerdate --format %(refname)%00%(objectname)%00%(*objectname) [5ms]
2026-06-26 19:51:46.337 [info] > git blame --root --incremental af56fc5fa72047d9dd5348df51ce47913cef5f54 -- infra/cloudflared/.env [2ms]
2026-06-26 19:51:46.337 [info] fatal: no such path infra/cloudflared/.env in af56fc5fa72047d9dd5348df51ce47913cef5f54
2026-06-26 19:51:49.496 [info] > git config --get commit.template [7ms]
2026-06-26 19:51:49.498 [info] > git for-each-ref --format=%(refname)%00%(upstream:short)%00%(objectname)%00%(upstream:track)%00%(upstream:remotename)%00%(upstream:remoteref) refs/heads/master refs/remotes/master [3ms]
2026-06-26 19:51:49.515 [info] > git status -z -uall [10ms]
2026-06-26 19:51:49.516 [info] > git for-each-ref --sort -committerdate --format %(refname)%00%(objectname)%00%(*objectname) [3ms]
2026-06-26 19:51:55.516 [info] > git config --get commit.template [7ms]
2026-06-26 19:51:55.516 [info] > git for-each-ref --format=%(refname)%00%(upstream:short)%00%(objectname)%00%(upstream:track)%00%(upstream:remotename)%00%(upstream:remoteref) refs/heads/master refs/remotes/master [3ms]
2026-06-26 19:51:55.532 [info] > git status -z -uall [10ms]
2026-06-26 19:51:55.533 [info] > git for-each-ref --sort -committerdate --format %(refname)%00%(objectname)%00%(*objectname) [4ms]
2026-06-26 19:52:00.554 [info] > git config --get commit.template [7ms]
2026-06-26 19:52:00.556 [info] > git for-each-ref --format=%(refname)%00%(upstream:short)%00%(objectname)%00%(upstream:track)%00%(upstream:remotename)%00%(upstream:remoteref) refs/heads/master refs/remotes/master [3ms]
2026-06-26 19:52:00.568 [info] > git status -z -uall [6ms]
2026-06-26 19:52:00.569 [info] > git for-each-ref --sort -committerdate --format %(refname)%00%(objectname)%00%(*objectname) [3ms]
2026-06-26 19:52:05.831 [info] > git config --get commit.template [8ms]
2026-06-26 19:52:05.833 [info] > git for-each-ref --format=%(refname)%00%(upstream:short)%00%(objectname)%00%(upstream:track)%00%(upstream:remotename)%00%(upstream:remoteref) refs/heads/master refs/remotes/master [3ms]
2026-06-26 19:52:05.849 [info] > git status -z -uall [9ms]
2026-06-26 19:52:05.850 [info] > git for-each-ref --sort -committerdate --format %(refname)%00%(objectname)%00%(*objectname) [4ms]
2026-06-26 19:52:10.869 [info] > git config --get commit.template [5ms]
2026-06-26 19:52:10.870 [info] > git for-each-ref --format=%(refname)%00%(upstream:short)%00%(objectname)%00%(upstream:track)%00%(upstream:remotename)%00%(upstream:remoteref) refs/heads/master refs/remotes/master [2ms]
2026-06-26 19:52:10.882 [info] > git status -z -uall [7ms]
2026-06-26 19:52:10.884 [info] > git for-each-ref --sort -committerdate --format %(refname)%00%(objectname)%00%(*objectname) [4ms]
2026-06-26 19:52:15.906 [info] > git config --get commit.template [8ms]
2026-06-26 19:52:15.908 [info] > git for-each-ref --format=%(refname)%00%(upstream:short)%00%(objectname)%00%(upstream:track)%00%(upstream:remotename)%00%(upstream:remoteref) refs/heads/master refs/remotes/master [3ms]
2026-06-26 19:52:15.922 [info] > git status -z -uall [8ms]
2026-06-26 19:52:15.924 [info] > git for-each-ref --sort -committerdate --format %(refname)%00%(objectname)%00%(*objectname) [3ms]
2026-06-26 19:52:20.945 [info] > git config --get commit.template [7ms]
2026-06-26 19:52:20.947 [info] > git for-each-ref --format=%(refname)%00%(upstream:short)%00%(objectname)%00%(upstream:track)%00%(upstream:remotename)%00%(upstream:remoteref) refs/heads/master refs/remotes/master [3ms]
2026-06-26 19:52:20.964 [info] > git for-each-ref --sort -committerdate --format %(refname)%00%(objectname)%00%(*objectname) [3ms]
2026-06-26 19:52:20.965 [info] > git status -z -uall [10ms]
2026-06-26 19:52:21.578 [info] > git show --textconv :infra/cloudflared/docker-compose.yml [5ms]
2026-06-26 19:52:21.579 [warning] [GitFileSystemProvider][readFile] File not found - git:/home/kraddy/homelab/infra/cloudflared/docker-compose.yml.git?%7B%22path%22%3A%22%2Fhome%2Fkraddy%2Fhomelab%2Finfra%2Fcloudflared%2Fdocker-compose.yml%22%2C%22ref%22%3A%22%22%7D
2026-06-26 19:52:21.579 [info] > git ls-files --stage -- infra/cloudflared/docker-compose.yml [2ms]
2026-06-26 19:52:21.580 [warning] [GitFileSystemProvider][stat] File not found - git:/home/kraddy/homelab/infra/cloudflared/docker-compose.yml.git?%7B%22path%22%3A%22%2Fhome%2Fkraddy%2Fhomelab%2Finfra%2Fcloudflared%2Fdocker-compose.yml%22%2C%22ref%22%3A%22%22%7D
2026-06-26 19:52:21.844 [info] > git check-ignore -v -z --stdin [2ms]
2026-06-26 19:52:24.823 [info] > git blame --root --incremental af56fc5fa72047d9dd5348df51ce47913cef5f54 -- infra/cloudflared/docker-compose.yml [3ms]
2026-06-26 19:52:24.823 [info] fatal: no such path infra/cloudflared/docker-compose.yml in af56fc5fa72047d9dd5348df51ce47913cef5f54
2026-06-26 19:52:25.979 [info] > git config --get commit.template [7ms]
2026-06-26 19:52:25.981 [info] > git for-each-ref --format=%(refname)%00%(upstream:short)%00%(objectname)%00%(upstream:track)%00%(upstream:remotename)%00%(upstream:remoteref) refs/heads/master refs/remotes/master [3ms]
2026-06-26 19:52:25.993 [info] > git status -z -uall [7ms]
2026-06-26 19:52:25.994 [info] > git for-each-ref --sort -committerdate --format %(refname)%00%(objectname)%00%(*objectname) [3ms]
2026-06-26 19:52:31.017 [info] > git config --get commit.template [9ms]
2026-06-26 19:52:31.019 [info] > git for-each-ref --format=%(refname)%00%(upstream:short)%00%(objectname)%00%(upstream:track)%00%(upstream:remotename)%00%(upstream:remoteref) refs/heads/master refs/remotes/master [3ms]
2026-06-26 19:52:31.035 [info] > git status -z -uall [9ms]
2026-06-26 19:52:31.036 [info] > git for-each-ref --sort -committerdate --format %(refname)%00%(objectname)%00%(*objectname) [4ms]
2026-06-26 19:53:00.248 [info] > git config --get commit.template [7ms]
2026-06-26 19:53:00.249 [info] > git for-each-ref --format=%(refname)%00%(upstream:short)%00%(objectname)%00%(upstream:track)%00%(upstream:remotename)%00%(upstream:remoteref) refs/heads/master refs/remotes/master [3ms]
2026-06-26 19:53:00.267 [info] > git status -z -uall [11ms]
2026-06-26 19:53:00.267 [info] > git for-each-ref --sort -committerdate --format %(refname)%00%(objectname)%00%(*objectname) [2ms]
2026-06-26 19:55:29.635 [info] > git config --get commit.template [7ms]
2026-06-26 19:55:29.637 [info] > git for-each-ref --format=%(refname)%00%(upstream:short)%00%(objectname)%00%(upstream:track)%00%(upstream:remotename)%00%(upstream:remoteref) refs/heads/master refs/remotes/master [3ms]
2026-06-26 19:55:29.652 [info] > git status -z -uall [9ms]
2026-06-26 19:55:29.653 [info] > git for-each-ref --sort -committerdate --format %(refname)%00%(objectname)%00%(*objectname) [4ms]
2026-06-26 19:55:51.297 [info] > git config --get commit.template [7ms]
2026-06-26 19:55:51.298 [info] > git for-each-ref --format=%(refname)%00%(upstream:short)%00%(objectname)%00%(upstream:track)%00%(upstream:remotename)%00%(upstream:remoteref) refs/heads/master refs/remotes/master [2ms]
2026-06-26 19:55:51.310 [info] > git status -z -uall [7ms]
2026-06-26 19:55:51.312 [info] > git for-each-ref --sort -committerdate --format %(refname)%00%(objectname)%00%(*objectname) [4ms]
2026-06-26 20:06:52.410 [info] > git config --get commit.template [6ms]
2026-06-26 20:06:52.411 [info] > git for-each-ref --format=%(refname)%00%(upstream:short)%00%(objectname)%00%(upstream:track)%00%(upstream:remotename)%00%(upstream:remoteref) refs/heads/master refs/remotes/master [3ms]
2026-06-26 20:06:52.424 [info] > git status -z -uall [8ms]
2026-06-26 20:06:52.426 [info] > git for-each-ref --sort -committerdate --format %(refname)%00%(objectname)%00%(*objectname) [4ms]
2026-06-26 20:06:55.642 [info] > git show --textconv :infra/portainer/docker-compose.yml [6ms]
2026-06-26 20:06:55.644 [info] > git ls-files --stage -- infra/portainer/docker-compose.yml [2ms]
2026-06-26 20:06:55.650 [info] > git cat-file -s 64f67250757fae0cfa4644dc4e9eac7be858f27b [2ms]
2026-06-26 20:06:57.444 [info] > git config --get commit.template [5ms]
2026-06-26 20:06:57.446 [info] > git for-each-ref --format=%(refname)%00%(upstream:short)%00%(objectname)%00%(upstream:track)%00%(upstream:remotename)%00%(upstream:remoteref) refs/heads/master refs/remotes/master [2ms]
2026-06-26 20:06:57.460 [info] > git status -z -uall [9ms]
2026-06-26 20:06:57.461 [info] > git for-each-ref --sort -committerdate --format %(refname)%00%(objectname)%00%(*objectname) [3ms]
2026-06-26 20:07:12.579 [info] > git config --get commit.template [6ms]
2026-06-26 20:07:12.580 [info] > git for-each-ref --format=%(refname)%00%(upstream:short)%00%(objectname)%00%(upstream:track)%00%(upstream:remotename)%00%(upstream:remoteref) refs/heads/master refs/remotes/master [3ms]
2026-06-26 20:07:12.592 [info] > git status -z -uall [7ms]
2026-06-26 20:07:12.593 [info] > git for-each-ref --sort -committerdate --format %(refname)%00%(objectname)%00%(*objectname) [3ms]
2026-06-26 20:07:17.614 [info] > git config --get commit.template [8ms]
2026-06-26 20:07:17.616 [info] > git for-each-ref --format=%(refname)%00%(upstream:short)%00%(objectname)%00%(upstream:track)%00%(upstream:remotename)%00%(upstream:remoteref) refs/heads/master refs/remotes/master [3ms]
2026-06-26 20:07:17.631 [info] > git status -z -uall [10ms]
2026-06-26 20:07:17.632 [info] > git for-each-ref --sort -committerdate --format %(refname)%00%(objectname)%00%(*objectname) [5ms]
2026-06-26 20:07:22.652 [info] > git config --get commit.template [7ms]
2026-06-26 20:07:22.654 [info] > git for-each-ref --format=%(refname)%00%(upstream:short)%00%(objectname)%00%(upstream:track)%00%(upstream:remotename)%00%(upstream:remoteref) refs/heads/master refs/remotes/master [3ms]
2026-06-26 20:07:22.667 [info] > git status -z -uall [6ms]
2026-06-26 20:07:22.669 [info] > git for-each-ref --sort -committerdate --format %(refname)%00%(objectname)%00%(*objectname) [3ms]
2026-06-26 20:08:07.618 [info] > git config --get commit.template [8ms]
2026-06-26 20:08:07.621 [info] > git for-each-ref --format=%(refname)%00%(upstream:short)%00%(objectname)%00%(upstream:track)%00%(upstream:remotename)%00%(upstream:remoteref) refs/heads/master refs/remotes/master [4ms]
2026-06-26 20:08:07.635 [info] > git status -z -uall [8ms]
2026-06-26 20:08:07.635 [info] > git for-each-ref --sort -committerdate --format %(refname)%00%(objectname)%00%(*objectname) [3ms]
2026-06-26 20:08:16.624 [info] > git config --get commit.template [2ms]
2026-06-26 20:08:16.633 [info] > git for-each-ref --format=%(refname)%00%(upstream:short)%00%(objectname)%00%(upstream:track)%00%(upstream:remotename)%00%(upstream:remoteref) refs/heads/master refs/remotes/master [3ms]
2026-06-26 20:08:16.645 [info] > git status -z -uall [7ms]
2026-06-26 20:08:16.646 [info] > git for-each-ref --sort -committerdate --format %(refname)%00%(objectname)%00%(*objectname) [3ms]
2026-06-26 20:08:21.664 [info] > git config --get commit.template [7ms]
2026-06-26 20:08:21.666 [info] > git for-each-ref --format=%(refname)%00%(upstream:short)%00%(objectname)%00%(upstream:track)%00%(upstream:remotename)%00%(upstream:remoteref) refs/heads/master refs/remotes/master [3ms]
2026-06-26 20:08:21.678 [info] > git status -z -uall [8ms]
2026-06-26 20:08:21.679 [info] > git for-each-ref --sort -committerdate --format %(refname)%00%(objectname)%00%(*objectname) [3ms]
2026-06-26 20:09:39.396 [info] > git config --get commit.template [8ms]
2026-06-26 20:09:39.398 [info] > git for-each-ref --format=%(refname)%00%(upstream:short)%00%(objectname)%00%(upstream:track)%00%(upstream:remotename)%00%(upstream:remoteref) refs/heads/master refs/remotes/master [4ms]
2026-06-26 20:09:39.411 [info] > git status -z -uall [7ms]
2026-06-26 20:09:39.412 [info] > git for-each-ref --sort -committerdate --format %(refname)%00%(objectname)%00%(*objectname) [3ms]
2026-06-26 20:11:07.915 [info] > git config --get commit.template [7ms]
2026-06-26 20:11:07.917 [info] > git for-each-ref --format=%(refname)%00%(upstream:short)%00%(objectname)%00%(upstream:track)%00%(upstream:remotename)%00%(upstream:remoteref) refs/heads/master refs/remotes/master [3ms]
2026-06-26 20:11:07.929 [info] > git status -z -uall [7ms]
2026-06-26 20:11:07.930 [info] > git for-each-ref --sort -committerdate --format %(refname)%00%(objectname)%00%(*objectname) [3ms]
2026-06-26 20:11:33.211 [info] > git config --get commit.template [7ms]
2026-06-26 20:11:33.213 [info] > git for-each-ref --format=%(refname)%00%(upstream:short)%00%(objectname)%00%(upstream:track)%00%(upstream:remotename)%00%(upstream:remoteref) refs/heads/master refs/remotes/master [3ms]
2026-06-26 20:11:33.224 [info] > git status -z -uall [6ms]
2026-06-26 20:11:33.225 [info] > git for-each-ref --sort -committerdate --format %(refname)%00%(objectname)%00%(*objectname) [3ms]
2026-06-26 20:11:38.241 [info] > git config --get commit.template [7ms]
2026-06-26 20:11:38.244 [info] > git for-each-ref --format=%(refname)%00%(upstream:short)%00%(objectname)%00%(upstream:track)%00%(upstream:remotename)%00%(upstream:remoteref) refs/heads/master refs/remotes/master [2ms]
2026-06-26 20:11:38.258 [info] > git status -z -uall [9ms]
2026-06-26 20:11:38.259 [info] > git for-each-ref --sort -committerdate --format %(refname)%00%(objectname)%00%(*objectname) [4ms]
2026-06-26 20:11:43.283 [info] > git config --get commit.template [11ms]
2026-06-26 20:11:43.284 [info] > git for-each-ref --format=%(refname)%00%(upstream:short)%00%(objectname)%00%(upstream:track)%00%(upstream:remotename)%00%(upstream:remoteref) refs/heads/master refs/remotes/master [3ms]
2026-06-26 20:11:43.297 [info] > git status -z -uall [7ms]
2026-06-26 20:11:43.298 [info] > git for-each-ref --sort -committerdate --format %(refname)%00%(objectname)%00%(*objectname) [3ms]
2026-06-26 20:11:48.317 [info] > git config --get commit.template [7ms]
2026-06-26 20:11:48.319 [info] > git for-each-ref --format=%(refname)%00%(upstream:short)%00%(objectname)%00%(upstream:track)%00%(upstream:remotename)%00%(upstream:remoteref) refs/heads/master refs/remotes/master [3ms]
2026-06-26 20:11:48.335 [info] > git status -z -uall [8ms]
2026-06-26 20:11:48.337 [info] > git for-each-ref --sort -committerdate --format %(refname)%00%(objectname)%00%(*objectname) [4ms]
2026-06-26 20:11:53.357 [info] > git config --get commit.template [9ms]
2026-06-26 20:11:53.359 [info] > git for-each-ref --format=%(refname)%00%(upstream:short)%00%(objectname)%00%(upstream:track)%00%(upstream:remotename)%00%(upstream:remoteref) refs/heads/master refs/remotes/master [3ms]
2026-06-26 20:11:53.374 [info] > git status -z -uall [9ms]
2026-06-26 20:11:53.375 [info] > git for-each-ref --sort -committerdate --format %(refname)%00%(objectname)%00%(*objectname) [4ms]
2026-06-26 20:12:58.633 [info] > git config --get commit.template [6ms]
2026-06-26 20:12:58.635 [info] > git for-each-ref --format=%(refname)%00%(upstream:short)%00%(objectname)%00%(upstream:track)%00%(upstream:remotename)%00%(upstream:remoteref) refs/heads/master refs/remotes/master [3ms]
2026-06-26 20:12:58.647 [info] > git status -z -uall [7ms]
2026-06-26 20:12:58.648 [info] > git for-each-ref --sort -committerdate --format %(refname)%00%(objectname)%00%(*objectname) [3ms]
2026-06-26 20:13:50.172 [info] > git config --get commit.template [7ms]
2026-06-26 20:13:50.173 [info] > git for-each-ref --format=%(refname)%00%(upstream:short)%00%(objectname)%00%(upstream:track)%00%(upstream:remotename)%00%(upstream:remoteref) refs/heads/master refs/remotes/master [3ms]
2026-06-26 20:13:50.185 [info] > git status -z -uall [7ms]
2026-06-26 20:13:50.186 [info] > git for-each-ref --sort -committerdate --format %(refname)%00%(objectname)%00%(*objectname) [3ms]
2026-06-26 20:13:55.760 [info] > git config --get commit.template [7ms]
2026-06-26 20:13:55.763 [info] > git for-each-ref --format=%(refname)%00%(upstream:short)%00%(objectname)%00%(upstream:track)%00%(upstream:remotename)%00%(upstream:remoteref) refs/heads/master refs/remotes/master [4ms]
2026-06-26 20:13:55.778 [info] > git status -z -uall [9ms]
2026-06-26 20:13:55.779 [info] > git for-each-ref --sort -committerdate --format %(refname)%00%(objectname)%00%(*objectname) [5ms]
2026-06-26 20:16:35.010 [info] > git config --get commit.template [7ms]
2026-06-26 20:16:35.012 [info] > git for-each-ref --format=%(refname)%00%(upstream:short)%00%(objectname)%00%(upstream:track)%00%(upstream:remotename)%00%(upstream:remoteref) refs/heads/master refs/remotes/master [3ms]
2026-06-26 20:16:35.028 [info] > git status -z -uall [10ms]
2026-06-26 20:16:35.030 [info] > git for-each-ref --sort -committerdate --format %(refname)%00%(objectname)%00%(*objectname) [4ms]
2026-06-26 20:19:58.628 [info] > git config --get commit.template [8ms]
2026-06-26 20:19:58.629 [info] > git for-each-ref --format=%(refname)%00%(upstream:short)%00%(objectname)%00%(upstream:track)%00%(upstream:remotename)%00%(upstream:remoteref) refs/heads/master refs/remotes/master [2ms]
2026-06-26 20:19:58.644 [info] > git status -z -uall [9ms]
2026-06-26 20:19:58.644 [info] > git for-each-ref --sort -committerdate --format %(refname)%00%(objectname)%00%(*objectname) [3ms]
2026-06-26 20:24:13.762 [info] > git config --get commit.template [7ms]
2026-06-26 20:24:13.764 [info] > git for-each-ref --format=%(refname)%00%(upstream:short)%00%(objectname)%00%(upstream:track)%00%(upstream:remotename)%00%(upstream:remoteref) refs/heads/master refs/remotes/master [3ms]
2026-06-26 20:24:13.777 [info] > git status -z -uall [7ms]
2026-06-26 20:24:13.778 [info] > git for-each-ref --sort -committerdate --format %(refname)%00%(objectname)%00%(*objectname) [3ms]
2026-06-26 20:24:18.798 [info] > git config --get commit.template [10ms]
2026-06-26 20:24:18.799 [info] > git for-each-ref --format=%(refname)%00%(upstream:short)%00%(objectname)%00%(upstream:track)%00%(upstream:remotename)%00%(upstream:remoteref) refs/heads/master refs/remotes/master [2ms]
2026-06-26 20:24:18.813 [info] > git status -z -uall [8ms]
2026-06-26 20:24:18.814 [info] > git for-each-ref --sort -committerdate --format %(refname)%00%(objectname)%00%(*objectname) [4ms]
2026-06-26 20:25:14.443 [info] > git config --get commit.template [6ms]
2026-06-26 20:25:14.446 [info] > git for-each-ref --format=%(refname)%00%(upstream:short)%00%(objectname)%00%(upstream:track)%00%(upstream:remotename)%00%(upstream:remoteref) refs/heads/master refs/remotes/master [2ms]
2026-06-26 20:25:14.462 [info] > git for-each-ref --sort -committerdate --format %(refname)%00%(objectname)%00%(*objectname) [2ms]
2026-06-26 20:25:14.463 [info] > git status -z -uall [10ms]
2026-06-26 20:25:58.388 [info] > git show --textconv :infra/portainer/docker-compose.yml [7ms]
2026-06-26 20:25:58.390 [info] > git ls-files --stage -- infra/portainer/docker-compose.yml [3ms]
2026-06-26 20:25:58.399 [info] > git cat-file -s 64f67250757fae0cfa4644dc4e9eac7be858f27b [3ms]
2026-06-26 20:26:16.565 [info] > git show --textconv :apps/code-server/docker-compose.yml [6ms]
2026-06-26 20:26:16.566 [info] > git ls-files --stage -- apps/code-server/docker-compose.yml [2ms]
2026-06-26 20:26:16.573 [info] > git cat-file -s 85d5b480d45af3cf6071d676193d78b5ac1cf59d [2ms]
2026-06-26 20:26:16.617 [info] > git blame --root --incremental af56fc5fa72047d9dd5348df51ce47913cef5f54 -- apps/code-server/docker-compose.yml [2ms]
2026-06-26 20:26:16.804 [info] > git check-ignore -v -z --stdin [2ms]
2026-06-26 20:26:39.922 [info] > git show --textconv :infra/portainer/docker-compose.yml [6ms]
2026-06-26 20:26:39.924 [info] > git ls-files --stage -- infra/portainer/docker-compose.yml [3ms]
2026-06-26 20:26:39.933 [info] > git cat-file -s 64f67250757fae0cfa4644dc4e9eac7be858f27b [2ms]
