2026-06-26 22:43:15.524 [info] [main] Log level: Info
2026-06-26 22:43:15.524 [info] [main] Validating found git in: "git"
2026-06-26 22:43:15.524 [info] [main] Using git "2.43.0" from "git"
2026-06-26 22:43:15.524 [info] [Model][doInitialScan] Initial repository scan started
2026-06-26 22:43:15.524 [info] > git rev-parse --show-toplevel [4ms]
2026-06-26 22:43:15.524 [info] > git rev-parse --git-dir --git-common-dir --show-superproject-working-tree [4ms]
2026-06-26 22:43:15.524 [info] [Model][openRepository] Opened repository (path): /home/kraddy/homelab
2026-06-26 22:43:15.524 [info] [Model][openRepository] Opened repository (real path): /home/kraddy/homelab
2026-06-26 22:43:15.524 [info] [Model][openRepository] Opened repository (kind): repository
2026-06-26 22:43:15.524 [info] > git config --get commit.template [5ms]
2026-06-26 22:43:15.524 [info] > git rev-parse --show-toplevel [4ms]
2026-06-26 22:43:15.524 [info] > git for-each-ref --format=%(refname)%00%(upstream:short)%00%(objectname)%00%(upstream:track)%00%(upstream:remotename)%00%(upstream:remoteref) refs/heads/master refs/remotes/master [7ms]
2026-06-26 22:43:15.524 [info] > git rev-parse --show-toplevel [2ms]
2026-06-26 22:43:15.524 [info] > git rev-parse --show-toplevel [12ms]
2026-06-26 22:43:15.524 [info] [Model][doInitialScan] Initial repository scan completed - repositories (1), closed repositories (0), parent repositories (0), unsafe repositories (0)
2026-06-26 22:43:15.524 [info] > git status -z -uall [14ms]
2026-06-26 22:43:15.524 [info] > git for-each-ref --sort -committerdate --format %(refname)%00%(objectname)%00%(*objectname) [11ms]
2026-06-26 22:43:15.524 [info] > git for-each-ref --format=%(refname)%00%(upstream:short)%00%(objectname)%00%(upstream:track)%00%(upstream:remotename)%00%(upstream:remoteref) refs/heads/master refs/remotes/master [94ms]
2026-06-26 22:43:15.524 [info] > git config --get commit.template [15ms]
2026-06-26 22:43:15.524 [info] > git config --get --local branch.master.vscode-merge-base [6ms]
2026-06-26 22:43:15.525 [warning] [Git][config] git config failed: Failed to execute git
2026-06-26 22:43:15.525 [info] > git reflog master --grep-reflog=branch: Created from *. [9ms]
2026-06-26 22:43:15.525 [info] > git for-each-ref --format=%(refname)%00%(upstream:short)%00%(objectname)%00%(upstream:track)%00%(upstream:remotename)%00%(upstream:remoteref) refs/heads/master refs/remotes/master [14ms]
2026-06-26 22:43:15.525 [info] > git symbolic-ref --short refs/remotes/origin/HEAD [71ms]
2026-06-26 22:43:15.525 [info] fatal: ref refs/remotes/origin/HEAD is not a symbolic ref
2026-06-26 22:43:15.525 [warning] [Repository][getDefaultBranch] Failed to get default branch details: Failed to execute git.
2026-06-26 22:43:15.525 [info] > git merge-base refs/heads/master refs/remotes/origin/master [8ms]
2026-06-26 22:43:15.525 [info] > git diff --name-status -z --diff-filter=ADMR af56fc5fa72047d9dd5348df51ce47913cef5f54...refs/remotes/origin/master [18ms]
2026-06-26 22:43:15.525 [info] > git for-each-ref --sort -committerdate --format %(refname)%00%(objectname)%00%(*objectname) [4ms]
2026-06-26 22:43:15.526 [info] > git status -z -uall [11ms]
2026-06-26 22:43:16.059 [info] > git check-ignore -v -z --stdin [2ms]
2026-06-26 22:43:20.484 [info] > git config --get commit.template [6ms]
2026-06-26 22:43:20.485 [info] > git for-each-ref --format=%(refname)%00%(upstream:short)%00%(objectname)%00%(upstream:track)%00%(upstream:remotename)%00%(upstream:remoteref) refs/heads/master refs/remotes/master [3ms]
2026-06-26 22:43:20.500 [info] > git for-each-ref --sort -committerdate --format %(refname)%00%(objectname)%00%(*objectname) [4ms]
2026-06-26 22:43:20.504 [info] > git status -z -uall [13ms]
2026-06-26 22:43:25.527 [info] > git config --get commit.template [8ms]
2026-06-26 22:43:25.529 [info] > git for-each-ref --format=%(refname)%00%(upstream:short)%00%(objectname)%00%(upstream:track)%00%(upstream:remotename)%00%(upstream:remoteref) refs/heads/master refs/remotes/master [4ms]
2026-06-26 22:43:25.541 [info] > git for-each-ref --sort -committerdate --format %(refname)%00%(objectname)%00%(*objectname) [3ms]
2026-06-26 22:43:25.543 [info] > git status -z -uall [9ms]
2026-06-26 22:43:30.572 [info] > git config --get commit.template [6ms]
2026-06-26 22:43:30.573 [info] > git for-each-ref --format=%(refname)%00%(upstream:short)%00%(objectname)%00%(upstream:track)%00%(upstream:remotename)%00%(upstream:remoteref) refs/heads/master refs/remotes/master [2ms]
2026-06-26 22:43:30.593 [info] > git for-each-ref --sort -committerdate --format %(refname)%00%(objectname)%00%(*objectname) [5ms]
2026-06-26 22:43:30.594 [info] > git status -z -uall [14ms]
2026-06-26 22:43:35.622 [info] > git config --get commit.template [8ms]
2026-06-26 22:43:35.624 [info] > git for-each-ref --format=%(refname)%00%(upstream:short)%00%(objectname)%00%(upstream:track)%00%(upstream:remotename)%00%(upstream:remoteref) refs/heads/master refs/remotes/master [4ms]
2026-06-26 22:43:35.638 [info] > git for-each-ref --sort -committerdate --format %(refname)%00%(objectname)%00%(*objectname) [3ms]
2026-06-26 22:43:35.639 [info] > git status -z -uall [9ms]
2026-06-26 22:43:37.125 [info] > git check-ignore -v -z --stdin [2ms]
2026-06-26 22:43:38.508 [info] > git show --textconv :apps/code-server/docker-compose.yml [10ms]
2026-06-26 22:43:38.508 [info] > git ls-files --stage -- apps/code-server/docker-compose.yml [3ms]
2026-06-26 22:43:38.516 [info] > git cat-file -s 85d5b480d45af3cf6071d676193d78b5ac1cf59d [3ms]
2026-06-26 22:43:38.579 [info] > git blame --root --incremental af56fc5fa72047d9dd5348df51ce47913cef5f54 -- apps/code-server/docker-compose.yml [4ms]
2026-06-26 22:43:40.666 [info] > git config --get commit.template [8ms]
2026-06-26 22:43:40.668 [info] > git for-each-ref --format=%(refname)%00%(upstream:short)%00%(objectname)%00%(upstream:track)%00%(upstream:remotename)%00%(upstream:remoteref) refs/heads/master refs/remotes/master [3ms]
2026-06-26 22:43:40.684 [info] > git for-each-ref --sort -committerdate --format %(refname)%00%(objectname)%00%(*objectname) [3ms]
2026-06-26 22:43:40.685 [info] > git status -z -uall [10ms]
2026-06-26 22:43:45.707 [info] > git config --get commit.template [8ms]
2026-06-26 22:43:45.708 [info] > git for-each-ref --format=%(refname)%00%(upstream:short)%00%(objectname)%00%(upstream:track)%00%(upstream:remotename)%00%(upstream:remoteref) refs/heads/master refs/remotes/master [4ms]
2026-06-26 22:43:45.726 [info] > git for-each-ref --sort -committerdate --format %(refname)%00%(objectname)%00%(*objectname) [4ms]
2026-06-26 22:43:45.727 [info] > git status -z -uall [11ms]
2026-06-26 22:43:50.753 [info] > git config --get commit.template [8ms]
2026-06-26 22:43:50.755 [info] > git for-each-ref --format=%(refname)%00%(upstream:short)%00%(objectname)%00%(upstream:track)%00%(upstream:remotename)%00%(upstream:remoteref) refs/heads/master refs/remotes/master [4ms]
2026-06-26 22:43:50.771 [info] > git for-each-ref --sort -committerdate --format %(refname)%00%(objectname)%00%(*objectname) [3ms]
2026-06-26 22:43:50.772 [info] > git status -z -uall [10ms]
2026-06-26 22:43:51.859 [info] > git show --textconv :infra/portainer/docker-compose.yml [5ms]
2026-06-26 22:43:51.861 [info] > git ls-files --stage -- infra/portainer/docker-compose.yml [3ms]
2026-06-26 22:43:51.868 [info] > git cat-file -s 64f67250757fae0cfa4644dc4e9eac7be858f27b [2ms]
2026-06-26 22:43:51.891 [info] > git blame --root --incremental af56fc5fa72047d9dd5348df51ce47913cef5f54 -- infra/portainer/docker-compose.yml [3ms]
2026-06-26 22:43:55.798 [info] > git config --get commit.template [8ms]
2026-06-26 22:43:55.800 [info] > git for-each-ref --format=%(refname)%00%(upstream:short)%00%(objectname)%00%(upstream:track)%00%(upstream:remotename)%00%(upstream:remoteref) refs/heads/master refs/remotes/master [3ms]
2026-06-26 22:43:55.815 [info] > git status -z -uall [9ms]
2026-06-26 22:43:55.815 [info] > git for-each-ref --sort -committerdate --format %(refname)%00%(objectname)%00%(*objectname) [3ms]
2026-06-26 22:44:00.846 [info] > git config --get commit.template [9ms]
2026-06-26 22:44:00.848 [info] > git for-each-ref --format=%(refname)%00%(upstream:short)%00%(objectname)%00%(upstream:track)%00%(upstream:remotename)%00%(upstream:remoteref) refs/heads/master refs/remotes/master [3ms]
2026-06-26 22:44:00.865 [info] > git for-each-ref --sort -committerdate --format %(refname)%00%(objectname)%00%(*objectname) [3ms]
2026-06-26 22:44:00.866 [info] > git status -z -uall [11ms]
2026-06-26 22:44:05.892 [info] > git config --get commit.template [8ms]
2026-06-26 22:44:05.894 [info] > git for-each-ref --format=%(refname)%00%(upstream:short)%00%(objectname)%00%(upstream:track)%00%(upstream:remotename)%00%(upstream:remoteref) refs/heads/master refs/remotes/master [4ms]
2026-06-26 22:44:05.907 [info] > git for-each-ref --sort -committerdate --format %(refname)%00%(objectname)%00%(*objectname) [2ms]
2026-06-26 22:44:05.908 [info] > git status -z -uall [8ms]
2026-06-26 22:44:10.931 [info] > git config --get commit.template [8ms]
2026-06-26 22:44:10.934 [info] > git for-each-ref --format=%(refname)%00%(upstream:short)%00%(objectname)%00%(upstream:track)%00%(upstream:remotename)%00%(upstream:remoteref) refs/heads/master refs/remotes/master [4ms]
2026-06-26 22:44:10.951 [info] > git for-each-ref --sort -committerdate --format %(refname)%00%(objectname)%00%(*objectname) [4ms]
2026-06-26 22:44:10.952 [info] > git status -z -uall [11ms]
2026-06-26 22:44:15.976 [info] > git config --get commit.template [9ms]
2026-06-26 22:44:15.979 [info] > git for-each-ref --format=%(refname)%00%(upstream:short)%00%(objectname)%00%(upstream:track)%00%(upstream:remotename)%00%(upstream:remoteref) refs/heads/master refs/remotes/master [4ms]
2026-06-26 22:44:15.995 [info] > git for-each-ref --sort -committerdate --format %(refname)%00%(objectname)%00%(*objectname) [3ms]
2026-06-26 22:44:15.998 [info] > git status -z -uall [12ms]
2026-06-26 22:44:21.024 [info] > git config --get commit.template [9ms]
2026-06-26 22:44:21.026 [info] > git for-each-ref --format=%(refname)%00%(upstream:short)%00%(objectname)%00%(upstream:track)%00%(upstream:remotename)%00%(upstream:remoteref) refs/heads/master refs/remotes/master [4ms]
2026-06-26 22:44:21.042 [info] > git for-each-ref --sort -committerdate --format %(refname)%00%(objectname)%00%(*objectname) [3ms]
2026-06-26 22:44:21.044 [info] > git status -z -uall [12ms]
2026-06-26 22:44:26.086 [info] > git config --get commit.template [16ms]
2026-06-26 22:44:26.088 [info] > git for-each-ref --format=%(refname)%00%(upstream:short)%00%(objectname)%00%(upstream:track)%00%(upstream:remotename)%00%(upstream:remoteref) refs/heads/master refs/remotes/master [3ms]
2026-06-26 22:44:26.116 [info] > git status -z -uall [13ms]
2026-06-26 22:44:26.122 [info] > git for-each-ref --sort -committerdate --format %(refname)%00%(objectname)%00%(*objectname) [6ms]
2026-06-26 22:44:31.156 [info] > git config --get commit.template [9ms]
2026-06-26 22:44:31.159 [info] > git for-each-ref --format=%(refname)%00%(upstream:short)%00%(objectname)%00%(upstream:track)%00%(upstream:remotename)%00%(upstream:remoteref) refs/heads/master refs/remotes/master [4ms]
2026-06-26 22:44:31.176 [info] > git for-each-ref --sort -committerdate --format %(refname)%00%(objectname)%00%(*objectname) [4ms]
2026-06-26 22:44:31.177 [info] > git status -z -uall [11ms]
2026-06-26 22:44:36.203 [info] > git config --get commit.template [8ms]
2026-06-26 22:44:36.205 [info] > git for-each-ref --format=%(refname)%00%(upstream:short)%00%(objectname)%00%(upstream:track)%00%(upstream:remotename)%00%(upstream:remoteref) refs/heads/master refs/remotes/master [3ms]
2026-06-26 22:44:36.219 [info] > git for-each-ref --sort -committerdate --format %(refname)%00%(objectname)%00%(*objectname) [2ms]
2026-06-26 22:44:36.220 [info] > git status -z -uall [9ms]
2026-06-26 22:44:41.241 [info] > git config --get commit.template [7ms]
2026-06-26 22:44:41.243 [info] > git for-each-ref --format=%(refname)%00%(upstream:short)%00%(objectname)%00%(upstream:track)%00%(upstream:remotename)%00%(upstream:remoteref) refs/heads/master refs/remotes/master [2ms]
2026-06-26 22:44:41.258 [info] > git status -z -uall [9ms]
2026-06-26 22:44:41.258 [info] > git for-each-ref --sort -committerdate --format %(refname)%00%(objectname)%00%(*objectname) [3ms]
2026-06-26 22:45:35.716 [info] > git config --get commit.template [8ms]
2026-06-26 22:45:35.719 [info] > git for-each-ref --format=%(refname)%00%(upstream:short)%00%(objectname)%00%(upstream:track)%00%(upstream:remotename)%00%(upstream:remoteref) refs/heads/master refs/remotes/master [4ms]
2026-06-26 22:45:35.732 [info] > git for-each-ref --sort -committerdate --format %(refname)%00%(objectname)%00%(*objectname) [2ms]
2026-06-26 22:45:35.734 [info] > git status -z -uall [10ms]
2026-06-26 22:45:40.031 [info] > git show --textconv :infra/traefik/certs/origin.crt [8ms]
2026-06-26 22:45:40.039 [info] > git ls-files --stage -- infra/traefik/certs/origin.crt [9ms]
2026-06-26 22:45:40.047 [info] > git hash-object -t tree /dev/null [9ms]
2026-06-26 22:45:40.047 [warning] [GitFileSystemProvider][readFile] File not found - git:/home/kraddy/homelab/infra/traefik/certs/origin.crt.git?%7B%22path%22%3A%22%2Fhome%2Fkraddy%2Fhomelab%2Finfra%2Ftraefik%2Fcerts%2Forigin.crt%22%2C%22ref%22%3A%22%22%7D
2026-06-26 22:45:40.049 [info] > git hash-object -t tree /dev/null [3ms]
2026-06-26 22:45:40.049 [warning] [GitFileSystemProvider][stat] File not found - git:/home/kraddy/homelab/infra/traefik/certs/origin.crt.git?%7B%22path%22%3A%22%2Fhome%2Fkraddy%2Fhomelab%2Finfra%2Ftraefik%2Fcerts%2Forigin.crt%22%2C%22ref%22%3A%22%22%7D
2026-06-26 22:45:40.073 [info] > git blame --root --incremental af56fc5fa72047d9dd5348df51ce47913cef5f54 -- infra/traefik/certs/origin.crt [3ms]
2026-06-26 22:45:40.073 [info] fatal: no such path infra/traefik/certs/origin.crt in af56fc5fa72047d9dd5348df51ce47913cef5f54
2026-06-26 22:45:40.759 [info] > git config --get commit.template [9ms]
2026-06-26 22:45:40.761 [info] > git for-each-ref --format=%(refname)%00%(upstream:short)%00%(objectname)%00%(upstream:track)%00%(upstream:remotename)%00%(upstream:remoteref) refs/heads/master refs/remotes/master [4ms]
2026-06-26 22:45:40.777 [info] > git for-each-ref --sort -committerdate --format %(refname)%00%(objectname)%00%(*objectname) [2ms]
2026-06-26 22:45:40.781 [info] > git status -z -uall [12ms]
2026-06-26 22:45:43.195 [info] > git show --textconv :infra/traefik/certs/origin.key [7ms]
2026-06-26 22:45:43.196 [warning] [GitFileSystemProvider][readFile] File not found - git:/home/kraddy/homelab/infra/traefik/certs/origin.key.git?%7B%22path%22%3A%22%2Fhome%2Fkraddy%2Fhomelab%2Finfra%2Ftraefik%2Fcerts%2Forigin.key%22%2C%22ref%22%3A%22%22%7D
2026-06-26 22:45:43.197 [info] > git ls-files --stage -- infra/traefik/certs/origin.key [2ms]
2026-06-26 22:45:43.197 [warning] [GitFileSystemProvider][stat] File not found - git:/home/kraddy/homelab/infra/traefik/certs/origin.key.git?%7B%22path%22%3A%22%2Fhome%2Fkraddy%2Fhomelab%2Finfra%2Ftraefik%2Fcerts%2Forigin.key%22%2C%22ref%22%3A%22%22%7D
2026-06-26 22:45:43.213 [info] > git blame --root --incremental af56fc5fa72047d9dd5348df51ce47913cef5f54 -- infra/traefik/certs/origin.key [3ms]
2026-06-26 22:45:43.213 [info] fatal: no such path infra/traefik/certs/origin.key in af56fc5fa72047d9dd5348df51ce47913cef5f54
2026-06-26 22:45:47.660 [info] > git config --get commit.template [7ms]
2026-06-26 22:45:47.661 [info] > git for-each-ref --format=%(refname)%00%(upstream:short)%00%(objectname)%00%(upstream:track)%00%(upstream:remotename)%00%(upstream:remoteref) refs/heads/master refs/remotes/master [2ms]
2026-06-26 22:45:47.675 [info] > git status -z -uall [8ms]
2026-06-26 22:45:47.675 [info] > git for-each-ref --sort -committerdate --format %(refname)%00%(objectname)%00%(*objectname) [3ms]
