2026-06-26 20:29:28.984 [info] [main] Log level: Info
2026-06-26 20:29:28.984 [info] [main] Validating found git in: "git"
2026-06-26 20:29:28.984 [info] [main] Using git "2.43.0" from "git"
2026-06-26 20:29:28.984 [info] [Model][doInitialScan] Initial repository scan started
2026-06-26 20:29:28.984 [info] > git rev-parse --show-toplevel [4ms]
2026-06-26 20:29:28.984 [info] > git rev-parse --git-dir --git-common-dir --show-superproject-working-tree [5ms]
2026-06-26 20:29:28.984 [info] [Model][openRepository] Opened repository (path): /home/kraddy/homelab
2026-06-26 20:29:28.984 [info] [Model][openRepository] Opened repository (real path): /home/kraddy/homelab
2026-06-26 20:29:28.984 [info] [Model][openRepository] Opened repository (kind): repository
2026-06-26 20:29:28.984 [info] > git config --get commit.template [7ms]
2026-06-26 20:29:28.986 [info] > git rev-parse --show-toplevel [6ms]
2026-06-26 20:29:29.055 [info] > git rev-parse --show-toplevel [13ms]
2026-06-26 20:29:29.055 [info] > git for-each-ref --format=%(refname)%00%(upstream:short)%00%(objectname)%00%(upstream:track)%00%(upstream:remotename)%00%(upstream:remoteref) refs/heads/master refs/remotes/master [63ms]
2026-06-26 20:29:29.067 [info] > git rev-parse --show-toplevel [6ms]
2026-06-26 20:29:29.070 [info] [Model][doInitialScan] Initial repository scan completed - repositories (1), closed repositories (0), parent repositories (0), unsafe repositories (0)
2026-06-26 20:29:29.087 [info] > git status -z -uall [10ms]
2026-06-26 20:29:29.090 [info] > git for-each-ref --sort -committerdate --format %(refname)%00%(objectname)%00%(*objectname) [5ms]
2026-06-26 20:29:29.134 [info] > git for-each-ref --format=%(refname)%00%(upstream:short)%00%(objectname)%00%(upstream:track)%00%(upstream:remotename)%00%(upstream:remoteref) refs/heads/master refs/remotes/master [11ms]
2026-06-26 20:29:29.142 [info] > git config --get commit.template [8ms]
2026-06-26 20:29:29.143 [info] > git config --get --local branch.master.vscode-merge-base [3ms]
2026-06-26 20:29:29.143 [warning] [Git][config] git config failed: Failed to execute git
2026-06-26 20:29:29.159 [info] > git reflog master --grep-reflog=branch: Created from *. [10ms]
2026-06-26 20:29:29.165 [info] > git for-each-ref --format=%(refname)%00%(upstream:short)%00%(objectname)%00%(upstream:track)%00%(upstream:remotename)%00%(upstream:remoteref) refs/heads/master refs/remotes/master [8ms]
2026-06-26 20:29:29.170 [info] > git symbolic-ref --short refs/remotes/origin/HEAD [5ms]
2026-06-26 20:29:29.170 [info] fatal: ref refs/remotes/origin/HEAD is not a symbolic ref
2026-06-26 20:29:29.170 [warning] [Repository][getDefaultBranch] Failed to get default branch details: Failed to execute git.
2026-06-26 20:29:29.190 [info] > git status -z -uall [8ms]
2026-06-26 20:29:29.191 [info] > git merge-base refs/heads/master refs/remotes/origin/master [15ms]
2026-06-26 20:29:29.216 [info] > git diff --name-status -z --diff-filter=ADMR af56fc5fa72047d9dd5348df51ce47913cef5f54...refs/remotes/origin/master [20ms]
2026-06-26 20:29:29.216 [info] > git for-each-ref --sort -committerdate --format %(refname)%00%(objectname)%00%(*objectname) [29ms]
2026-06-26 20:29:29.572 [info] > git check-ignore -v -z --stdin [2ms]
2026-06-26 20:29:29.845 [info] > git show --textconv :infra/portainer/docker-compose.yml [10ms]
2026-06-26 20:29:29.847 [info] > git ls-files --stage -- infra/portainer/docker-compose.yml [4ms]
2026-06-26 20:29:29.856 [info] > git cat-file -s 64f67250757fae0cfa4644dc4e9eac7be858f27b [2ms]
2026-06-26 20:29:29.893 [info] > git blame --root --incremental af56fc5fa72047d9dd5348df51ce47913cef5f54 -- infra/portainer/docker-compose.yml [3ms]
2026-06-26 20:29:30.575 [info] > git check-ignore -v -z --stdin [3ms]
2026-06-26 20:29:32.245 [info] > git config --get commit.template [10ms]
2026-06-26 20:29:32.246 [info] > git for-each-ref --format=%(refname)%00%(upstream:short)%00%(objectname)%00%(upstream:track)%00%(upstream:remotename)%00%(upstream:remoteref) refs/heads/master refs/remotes/master [3ms]
2026-06-26 20:29:32.262 [info] > git status -z -uall [8ms]
2026-06-26 20:29:32.264 [info] > git for-each-ref --sort -committerdate --format %(refname)%00%(objectname)%00%(*objectname) [4ms]
2026-06-26 20:29:37.290 [info] > git config --get commit.template [9ms]
2026-06-26 20:29:37.291 [info] > git for-each-ref --format=%(refname)%00%(upstream:short)%00%(objectname)%00%(upstream:track)%00%(upstream:remotename)%00%(upstream:remoteref) refs/heads/master refs/remotes/master [3ms]
2026-06-26 20:29:37.307 [info] > git for-each-ref --sort -committerdate --format %(refname)%00%(objectname)%00%(*objectname) [3ms]
2026-06-26 20:29:37.308 [info] > git status -z -uall [10ms]
2026-06-26 20:29:57.253 [info] > git config --get commit.template [7ms]
2026-06-26 20:29:57.255 [info] > git for-each-ref --format=%(refname)%00%(upstream:short)%00%(objectname)%00%(upstream:track)%00%(upstream:remotename)%00%(upstream:remoteref) refs/heads/master refs/remotes/master [3ms]
2026-06-26 20:29:57.270 [info] > git status -z -uall [8ms]
2026-06-26 20:29:57.271 [info] > git for-each-ref --sort -committerdate --format %(refname)%00%(objectname)%00%(*objectname) [3ms]
2026-06-26 20:30:16.021 [info] > git config --get commit.template [7ms]
2026-06-26 20:30:16.022 [info] > git for-each-ref --format=%(refname)%00%(upstream:short)%00%(objectname)%00%(upstream:track)%00%(upstream:remotename)%00%(upstream:remoteref) refs/heads/master refs/remotes/master [3ms]
2026-06-26 20:30:16.035 [info] > git status -z -uall [7ms]
2026-06-26 20:30:16.038 [info] > git for-each-ref --sort -committerdate --format %(refname)%00%(objectname)%00%(*objectname) [4ms]
2026-06-26 20:30:21.060 [info] > git config --get commit.template [10ms]
2026-06-26 20:30:21.060 [info] > git for-each-ref --format=%(refname)%00%(upstream:short)%00%(objectname)%00%(upstream:track)%00%(upstream:remotename)%00%(upstream:remoteref) refs/heads/master refs/remotes/master [3ms]
2026-06-26 20:30:21.078 [info] > git status -z -uall [10ms]
2026-06-26 20:30:21.081 [info] > git for-each-ref --sort -committerdate --format %(refname)%00%(objectname)%00%(*objectname) [5ms]
2026-06-26 20:30:26.106 [info] > git config --get commit.template [10ms]
2026-06-26 20:30:26.108 [info] > git for-each-ref --format=%(refname)%00%(upstream:short)%00%(objectname)%00%(upstream:track)%00%(upstream:remotename)%00%(upstream:remoteref) refs/heads/master refs/remotes/master [5ms]
2026-06-26 20:30:26.127 [info] > git status -z -uall [11ms]
2026-06-26 20:30:26.128 [info] > git for-each-ref --sort -committerdate --format %(refname)%00%(objectname)%00%(*objectname) [5ms]
2026-06-26 20:30:31.155 [info] > git config --get commit.template [9ms]
2026-06-26 20:30:31.157 [info] > git for-each-ref --format=%(refname)%00%(upstream:short)%00%(objectname)%00%(upstream:track)%00%(upstream:remotename)%00%(upstream:remoteref) refs/heads/master refs/remotes/master [2ms]
2026-06-26 20:30:31.175 [info] > git status -z -uall [10ms]
2026-06-26 20:30:31.178 [info] > git for-each-ref --sort -committerdate --format %(refname)%00%(objectname)%00%(*objectname) [6ms]
2026-06-26 20:30:35.424 [info] > git show --textconv :infra/portainer/docker-compose.yml [6ms]
2026-06-26 20:30:35.426 [info] > git ls-files --stage -- infra/portainer/docker-compose.yml [2ms]
2026-06-26 20:30:35.434 [info] > git cat-file -s 64f67250757fae0cfa4644dc4e9eac7be858f27b [2ms]
2026-06-26 20:30:36.201 [info] > git config --get commit.template [8ms]
2026-06-26 20:30:36.203 [info] > git for-each-ref --format=%(refname)%00%(upstream:short)%00%(objectname)%00%(upstream:track)%00%(upstream:remotename)%00%(upstream:remoteref) refs/heads/master refs/remotes/master [4ms]
2026-06-26 20:30:36.219 [info] > git status -z -uall [9ms]
2026-06-26 20:30:36.221 [info] > git for-each-ref --sort -committerdate --format %(refname)%00%(objectname)%00%(*objectname) [4ms]
2026-06-26 20:30:41.246 [info] > git config --get commit.template [9ms]
2026-06-26 20:30:41.248 [info] > git for-each-ref --format=%(refname)%00%(upstream:short)%00%(objectname)%00%(upstream:track)%00%(upstream:remotename)%00%(upstream:remoteref) refs/heads/master refs/remotes/master [3ms]
2026-06-26 20:30:41.263 [info] > git status -z -uall [7ms]
2026-06-26 20:30:41.265 [info] > git for-each-ref --sort -committerdate --format %(refname)%00%(objectname)%00%(*objectname) [3ms]
2026-06-26 20:30:46.167 [info] > git check-ignore -v -z --stdin [3ms]
2026-06-26 20:30:46.289 [info] > git config --get commit.template [10ms]
2026-06-26 20:30:46.291 [info] > git for-each-ref --format=%(refname)%00%(upstream:short)%00%(objectname)%00%(upstream:track)%00%(upstream:remotename)%00%(upstream:remoteref) refs/heads/master refs/remotes/master [3ms]
2026-06-26 20:30:46.308 [info] > git status -z -uall [9ms]
2026-06-26 20:30:46.310 [info] > git for-each-ref --sort -committerdate --format %(refname)%00%(objectname)%00%(*objectname) [4ms]
2026-06-26 20:30:47.895 [info] > git show --textconv :apps/code-server/docker-compose.yml [7ms]
2026-06-26 20:30:47.897 [info] > git ls-files --stage -- apps/code-server/docker-compose.yml [4ms]
2026-06-26 20:30:47.907 [info] > git cat-file -s 85d5b480d45af3cf6071d676193d78b5ac1cf59d [3ms]
2026-06-26 20:30:47.942 [info] > git blame --root --incremental af56fc5fa72047d9dd5348df51ce47913cef5f54 -- apps/code-server/docker-compose.yml [3ms]
2026-06-26 20:30:51.335 [info] > git config --get commit.template [10ms]
2026-06-26 20:30:51.337 [info] > git for-each-ref --format=%(refname)%00%(upstream:short)%00%(objectname)%00%(upstream:track)%00%(upstream:remotename)%00%(upstream:remoteref) refs/heads/master refs/remotes/master [3ms]
2026-06-26 20:30:51.353 [info] > git status -z -uall [9ms]
2026-06-26 20:30:51.354 [info] > git for-each-ref --sort -committerdate --format %(refname)%00%(objectname)%00%(*objectname) [3ms]
2026-06-26 20:30:56.377 [info] > git config --get commit.template [9ms]
2026-06-26 20:30:56.379 [info] > git for-each-ref --format=%(refname)%00%(upstream:short)%00%(objectname)%00%(upstream:track)%00%(upstream:remotename)%00%(upstream:remoteref) refs/heads/master refs/remotes/master [4ms]
2026-06-26 20:30:56.396 [info] > git status -z -uall [10ms]
2026-06-26 20:30:56.398 [info] > git for-each-ref --sort -committerdate --format %(refname)%00%(objectname)%00%(*objectname) [4ms]
2026-06-26 20:31:01.420 [info] > git config --get commit.template [9ms]
2026-06-26 20:31:01.422 [info] > git for-each-ref --format=%(refname)%00%(upstream:short)%00%(objectname)%00%(upstream:track)%00%(upstream:remotename)%00%(upstream:remoteref) refs/heads/master refs/remotes/master [3ms]
2026-06-26 20:31:01.440 [info] > git status -z -uall [11ms]
2026-06-26 20:31:01.442 [info] > git for-each-ref --sort -committerdate --format %(refname)%00%(objectname)%00%(*objectname) [5ms]
2026-06-26 20:31:06.467 [info] > git config --get commit.template [9ms]
2026-06-26 20:31:06.469 [info] > git for-each-ref --format=%(refname)%00%(upstream:short)%00%(objectname)%00%(upstream:track)%00%(upstream:remotename)%00%(upstream:remoteref) refs/heads/master refs/remotes/master [3ms]
2026-06-26 20:31:06.488 [info] > git status -z -uall [11ms]
2026-06-26 20:31:06.489 [info] > git for-each-ref --sort -committerdate --format %(refname)%00%(objectname)%00%(*objectname) [5ms]
2026-06-26 20:31:11.513 [info] > git config --get commit.template [8ms]
2026-06-26 20:31:11.515 [info] > git for-each-ref --format=%(refname)%00%(upstream:short)%00%(objectname)%00%(upstream:track)%00%(upstream:remotename)%00%(upstream:remoteref) refs/heads/master refs/remotes/master [3ms]
2026-06-26 20:31:11.534 [info] > git status -z -uall [11ms]
2026-06-26 20:31:11.536 [info] > git for-each-ref --sort -committerdate --format %(refname)%00%(objectname)%00%(*objectname) [4ms]
2026-06-26 20:31:23.554 [info] > git config --get commit.template [8ms]
2026-06-26 20:31:23.556 [info] > git for-each-ref --format=%(refname)%00%(upstream:short)%00%(objectname)%00%(upstream:track)%00%(upstream:remotename)%00%(upstream:remoteref) refs/heads/master refs/remotes/master [3ms]
2026-06-26 20:31:23.574 [info] > git for-each-ref --sort -committerdate --format %(refname)%00%(objectname)%00%(*objectname) [3ms]
2026-06-26 20:31:23.574 [info] > git status -z -uall [11ms]
2026-06-26 20:31:28.598 [info] > git config --get commit.template [9ms]
2026-06-26 20:31:28.600 [info] > git for-each-ref --format=%(refname)%00%(upstream:short)%00%(objectname)%00%(upstream:track)%00%(upstream:remotename)%00%(upstream:remoteref) refs/heads/master refs/remotes/master [3ms]
2026-06-26 20:31:28.617 [info] > git status -z -uall [9ms]
2026-06-26 20:31:28.619 [info] > git for-each-ref --sort -committerdate --format %(refname)%00%(objectname)%00%(*objectname) [4ms]
2026-06-26 20:31:32.887 [info] > git show --textconv :apps/code-server/docker-compose.yml [7ms]
2026-06-26 20:31:32.889 [info] > git ls-files --stage -- apps/code-server/docker-compose.yml [2ms]
2026-06-26 20:31:32.895 [info] > git cat-file -s 85d5b480d45af3cf6071d676193d78b5ac1cf59d [2ms]
2026-06-26 20:31:33.644 [info] > git config --get commit.template [10ms]
2026-06-26 20:31:33.645 [info] > git for-each-ref --format=%(refname)%00%(upstream:short)%00%(objectname)%00%(upstream:track)%00%(upstream:remotename)%00%(upstream:remoteref) refs/heads/master refs/remotes/master [3ms]
2026-06-26 20:31:33.662 [info] > git status -z -uall [9ms]
2026-06-26 20:31:33.664 [info] > git for-each-ref --sort -committerdate --format %(refname)%00%(objectname)%00%(*objectname) [4ms]
2026-06-26 20:31:38.689 [info] > git config --get commit.template [8ms]
2026-06-26 20:31:38.691 [info] > git for-each-ref --format=%(refname)%00%(upstream:short)%00%(objectname)%00%(upstream:track)%00%(upstream:remotename)%00%(upstream:remoteref) refs/heads/master refs/remotes/master [3ms]
2026-06-26 20:31:38.704 [info] > git status -z -uall [7ms]
2026-06-26 20:31:38.706 [info] > git for-each-ref --sort -committerdate --format %(refname)%00%(objectname)%00%(*objectname) [4ms]
2026-06-26 20:31:43.726 [info] > git config --get commit.template [10ms]
2026-06-26 20:31:43.727 [info] > git for-each-ref --format=%(refname)%00%(upstream:short)%00%(objectname)%00%(upstream:track)%00%(upstream:remotename)%00%(upstream:remoteref) refs/heads/master refs/remotes/master [2ms]
2026-06-26 20:31:43.742 [info] > git status -z -uall [9ms]
2026-06-26 20:31:43.744 [info] > git for-each-ref --sort -committerdate --format %(refname)%00%(objectname)%00%(*objectname) [3ms]
2026-06-26 20:31:48.768 [info] > git config --get commit.template [9ms]
2026-06-26 20:31:48.771 [info] > git for-each-ref --format=%(refname)%00%(upstream:short)%00%(objectname)%00%(upstream:track)%00%(upstream:remotename)%00%(upstream:remoteref) refs/heads/master refs/remotes/master [3ms]
2026-06-26 20:31:48.789 [info] > git status -z -uall [11ms]
2026-06-26 20:31:48.791 [info] > git for-each-ref --sort -committerdate --format %(refname)%00%(objectname)%00%(*objectname) [5ms]
2026-06-26 20:31:53.821 [info] > git config --get commit.template [10ms]
2026-06-26 20:31:53.823 [info] > git for-each-ref --format=%(refname)%00%(upstream:short)%00%(objectname)%00%(upstream:track)%00%(upstream:remotename)%00%(upstream:remoteref) refs/heads/master refs/remotes/master [3ms]
2026-06-26 20:31:53.838 [info] > git status -z -uall [8ms]
2026-06-26 20:31:53.839 [info] > git for-each-ref --sort -committerdate --format %(refname)%00%(objectname)%00%(*objectname) [3ms]
2026-06-26 20:31:58.861 [info] > git config --get commit.template [10ms]
2026-06-26 20:31:58.863 [info] > git for-each-ref --format=%(refname)%00%(upstream:short)%00%(objectname)%00%(upstream:track)%00%(upstream:remotename)%00%(upstream:remoteref) refs/heads/master refs/remotes/master [4ms]
2026-06-26 20:31:58.880 [info] > git status -z -uall [10ms]
2026-06-26 20:31:58.882 [info] > git for-each-ref --sort -committerdate --format %(refname)%00%(objectname)%00%(*objectname) [3ms]
2026-06-26 20:32:03.905 [info] > git config --get commit.template [8ms]
2026-06-26 20:32:03.907 [info] > git for-each-ref --format=%(refname)%00%(upstream:short)%00%(objectname)%00%(upstream:track)%00%(upstream:remotename)%00%(upstream:remoteref) refs/heads/master refs/remotes/master [3ms]
2026-06-26 20:32:03.923 [info] > git status -z -uall [8ms]
2026-06-26 20:32:03.926 [info] > git for-each-ref --sort -committerdate --format %(refname)%00%(objectname)%00%(*objectname) [5ms]
2026-06-26 20:32:08.951 [info] > git config --get commit.template [10ms]
2026-06-26 20:32:08.952 [info] > git for-each-ref --format=%(refname)%00%(upstream:short)%00%(objectname)%00%(upstream:track)%00%(upstream:remotename)%00%(upstream:remoteref) refs/heads/master refs/remotes/master [4ms]
2026-06-26 20:32:08.969 [info] > git status -z -uall [10ms]
2026-06-26 20:32:08.971 [info] > git for-each-ref --sort -committerdate --format %(refname)%00%(objectname)%00%(*objectname) [3ms]
2026-06-26 20:32:13.997 [info] > git config --get commit.template [9ms]
2026-06-26 20:32:13.999 [info] > git for-each-ref --format=%(refname)%00%(upstream:short)%00%(objectname)%00%(upstream:track)%00%(upstream:remotename)%00%(upstream:remoteref) refs/heads/master refs/remotes/master [4ms]
2026-06-26 20:32:14.013 [info] > git status -z -uall [7ms]
2026-06-26 20:32:14.016 [info] > git for-each-ref --sort -committerdate --format %(refname)%00%(objectname)%00%(*objectname) [4ms]
2026-06-26 20:32:17.081 [info] > git show --textconv :apps/code-server/docker-compose.yml [6ms]
2026-06-26 20:32:17.083 [info] > git ls-files --stage -- apps/code-server/docker-compose.yml [4ms]
2026-06-26 20:32:17.092 [info] > git cat-file -s 85d5b480d45af3cf6071d676193d78b5ac1cf59d [2ms]
2026-06-26 20:32:19.032 [info] > git config --get commit.template [3ms]
2026-06-26 20:32:19.043 [info] > git for-each-ref --format=%(refname)%00%(upstream:short)%00%(objectname)%00%(upstream:track)%00%(upstream:remotename)%00%(upstream:remoteref) refs/heads/master refs/remotes/master [3ms]
2026-06-26 20:32:19.060 [info] > git status -z -uall [10ms]
2026-06-26 20:32:19.062 [info] > git for-each-ref --sort -committerdate --format %(refname)%00%(objectname)%00%(*objectname) [4ms]
2026-06-26 20:32:19.332 [info] > git show --textconv :infra/portainer/docker-compose.yml [6ms]
2026-06-26 20:32:19.334 [info] > git ls-files --stage -- infra/portainer/docker-compose.yml [3ms]
2026-06-26 20:32:19.341 [info] > git cat-file -s 64f67250757fae0cfa4644dc4e9eac7be858f27b [2ms]
2026-06-26 20:32:24.088 [info] > git config --get commit.template [9ms]
2026-06-26 20:32:24.091 [info] > git for-each-ref --format=%(refname)%00%(upstream:short)%00%(objectname)%00%(upstream:track)%00%(upstream:remotename)%00%(upstream:remoteref) refs/heads/master refs/remotes/master [5ms]
2026-06-26 20:32:24.109 [info] > git status -z -uall [9ms]
2026-06-26 20:32:24.110 [info] > git for-each-ref --sort -committerdate --format %(refname)%00%(objectname)%00%(*objectname) [4ms]
2026-06-26 20:32:29.134 [info] > git config --get commit.template [9ms]
2026-06-26 20:32:29.136 [info] > git for-each-ref --format=%(refname)%00%(upstream:short)%00%(objectname)%00%(upstream:track)%00%(upstream:remotename)%00%(upstream:remoteref) refs/heads/master refs/remotes/master [4ms]
2026-06-26 20:32:29.149 [info] > git status -z -uall [7ms]
2026-06-26 20:32:29.152 [info] > git for-each-ref --sort -committerdate --format %(refname)%00%(objectname)%00%(*objectname) [4ms]
2026-06-26 20:32:34.177 [info] > git config --get commit.template [9ms]
2026-06-26 20:32:34.179 [info] > git for-each-ref --format=%(refname)%00%(upstream:short)%00%(objectname)%00%(upstream:track)%00%(upstream:remotename)%00%(upstream:remoteref) refs/heads/master refs/remotes/master [4ms]
2026-06-26 20:32:34.194 [info] > git status -z -uall [8ms]
2026-06-26 20:32:34.196 [info] > git for-each-ref --sort -committerdate --format %(refname)%00%(objectname)%00%(*objectname) [4ms]
2026-06-26 20:32:39.220 [info] > git config --get commit.template [9ms]
2026-06-26 20:32:39.222 [info] > git for-each-ref --format=%(refname)%00%(upstream:short)%00%(objectname)%00%(upstream:track)%00%(upstream:remotename)%00%(upstream:remoteref) refs/heads/master refs/remotes/master [4ms]
2026-06-26 20:32:39.242 [info] > git status -z -uall [12ms]
2026-06-26 20:32:39.243 [info] > git for-each-ref --sort -committerdate --format %(refname)%00%(objectname)%00%(*objectname) [4ms]
2026-06-26 20:32:44.095 [info] > git show --textconv :apps/code-server/docker-compose.yml [6ms]
2026-06-26 20:32:44.097 [info] > git ls-files --stage -- apps/code-server/docker-compose.yml [2ms]
2026-06-26 20:32:44.107 [info] > git cat-file -s 85d5b480d45af3cf6071d676193d78b5ac1cf59d [3ms]
2026-06-26 20:32:44.266 [info] > git config --get commit.template [9ms]
2026-06-26 20:32:44.268 [info] > git for-each-ref --format=%(refname)%00%(upstream:short)%00%(objectname)%00%(upstream:track)%00%(upstream:remotename)%00%(upstream:remoteref) refs/heads/master refs/remotes/master [3ms]
2026-06-26 20:32:44.286 [info] > git status -z -uall [10ms]
2026-06-26 20:32:44.288 [info] > git for-each-ref --sort -committerdate --format %(refname)%00%(objectname)%00%(*objectname) [4ms]
2026-06-26 20:32:49.313 [info] > git config --get commit.template [8ms]
2026-06-26 20:32:49.314 [info] > git for-each-ref --format=%(refname)%00%(upstream:short)%00%(objectname)%00%(upstream:track)%00%(upstream:remotename)%00%(upstream:remoteref) refs/heads/master refs/remotes/master [3ms]
2026-06-26 20:32:49.332 [info] > git status -z -uall [10ms]
2026-06-26 20:32:49.334 [info] > git for-each-ref --sort -committerdate --format %(refname)%00%(objectname)%00%(*objectname) [4ms]
2026-06-26 20:32:54.359 [info] > git config --get commit.template [10ms]
2026-06-26 20:32:54.361 [info] > git for-each-ref --format=%(refname)%00%(upstream:short)%00%(objectname)%00%(upstream:track)%00%(upstream:remotename)%00%(upstream:remoteref) refs/heads/master refs/remotes/master [3ms]
2026-06-26 20:32:54.378 [info] > git status -z -uall [9ms]
2026-06-26 20:32:54.380 [info] > git for-each-ref --sort -committerdate --format %(refname)%00%(objectname)%00%(*objectname) [4ms]
2026-06-26 20:32:59.402 [info] > git config --get commit.template [7ms]
2026-06-26 20:32:59.404 [info] > git for-each-ref --format=%(refname)%00%(upstream:short)%00%(objectname)%00%(upstream:track)%00%(upstream:remotename)%00%(upstream:remoteref) refs/heads/master refs/remotes/master [3ms]
2026-06-26 20:32:59.417 [info] > git status -z -uall [8ms]
2026-06-26 20:32:59.418 [info] > git for-each-ref --sort -committerdate --format %(refname)%00%(objectname)%00%(*objectname) [3ms]
2026-06-26 20:33:00.194 [info] > git show --textconv :apps/code-server/docker-compose.yml [9ms]
2026-06-26 20:33:00.196 [info] > git ls-files --stage -- apps/code-server/docker-compose.yml [3ms]
2026-06-26 20:33:00.206 [info] > git cat-file -s 85d5b480d45af3cf6071d676193d78b5ac1cf59d [3ms]
2026-06-26 20:33:04.439 [info] > git config --get commit.template [8ms]
2026-06-26 20:33:04.440 [info] > git for-each-ref --format=%(refname)%00%(upstream:short)%00%(objectname)%00%(upstream:track)%00%(upstream:remotename)%00%(upstream:remoteref) refs/heads/master refs/remotes/master [2ms]
2026-06-26 20:33:04.456 [info] > git status -z -uall [10ms]
2026-06-26 20:33:04.458 [info] > git for-each-ref --sort -committerdate --format %(refname)%00%(objectname)%00%(*objectname) [4ms]
