2026-06-26 23:08:13.364 [info] [main] Log level: Info
2026-06-26 23:08:13.364 [info] [main] Validating found git in: "git"
2026-06-26 23:08:13.364 [info] [main] Using git "2.43.0" from "git"
2026-06-26 23:08:13.364 [info] [Model][doInitialScan] Initial repository scan started
2026-06-26 23:08:13.364 [info] > git rev-parse --show-toplevel [3ms]
2026-06-26 23:08:13.364 [info] > git rev-parse --git-dir --git-common-dir --show-superproject-working-tree [5ms]
2026-06-26 23:08:13.364 [info] [Model][openRepository] Opened repository (path): /home/kraddy/homelab
2026-06-26 23:08:13.364 [info] [Model][openRepository] Opened repository (real path): /home/kraddy/homelab
2026-06-26 23:08:13.364 [info] [Model][openRepository] Opened repository (kind): repository
2026-06-26 23:08:13.364 [info] > git config --get commit.template [7ms]
2026-06-26 23:08:13.364 [info] > git rev-parse --show-toplevel [5ms]
2026-06-26 23:08:13.370 [info] > git for-each-ref --format=%(refname)%00%(upstream:short)%00%(objectname)%00%(upstream:track)%00%(upstream:remotename)%00%(upstream:remoteref) refs/heads/master refs/remotes/master [8ms]
2026-06-26 23:08:13.373 [info] > git rev-parse --show-toplevel [3ms]
2026-06-26 23:08:13.393 [info] > git rev-parse --show-toplevel [16ms]
2026-06-26 23:08:13.399 [info] [Model][doInitialScan] Initial repository scan completed - repositories (1), closed repositories (0), parent repositories (0), unsafe repositories (0)
2026-06-26 23:08:13.401 [info] > git status -z -uall [18ms]
2026-06-26 23:08:13.404 [info] > git for-each-ref --sort -committerdate --format %(refname)%00%(objectname)%00%(*objectname) [12ms]
2026-06-26 23:08:13.524 [info] > git for-each-ref --format=%(refname)%00%(upstream:short)%00%(objectname)%00%(upstream:track)%00%(upstream:remotename)%00%(upstream:remoteref) refs/heads/master refs/remotes/master [81ms]
2026-06-26 23:08:13.531 [info] > git config --get commit.template [8ms]
2026-06-26 23:08:13.532 [info] > git config --get --local branch.master.vscode-merge-base [3ms]
2026-06-26 23:08:13.532 [warning] [Git][config] git config failed: Failed to execute git
2026-06-26 23:08:13.584 [info] > git reflog master --grep-reflog=branch: Created from *. [47ms]
2026-06-26 23:08:13.590 [info] > git for-each-ref --format=%(refname)%00%(upstream:short)%00%(objectname)%00%(upstream:track)%00%(upstream:remotename)%00%(upstream:remoteref) refs/heads/master refs/remotes/master [49ms]
2026-06-26 23:08:13.591 [info] > git symbolic-ref --short refs/remotes/origin/HEAD [3ms]
2026-06-26 23:08:13.591 [info] fatal: ref refs/remotes/origin/HEAD is not a symbolic ref
2026-06-26 23:08:13.592 [warning] [Repository][getDefaultBranch] Failed to get default branch details: Failed to execute git.
2026-06-26 23:08:13.610 [info] > git merge-base refs/heads/master refs/remotes/origin/master [14ms]
2026-06-26 23:08:13.628 [info] > git diff --name-status -z --diff-filter=ADMR af56fc5fa72047d9dd5348df51ce47913cef5f54...refs/remotes/origin/master [14ms]
2026-06-26 23:08:13.630 [info] > git for-each-ref --sort -committerdate --format %(refname)%00%(objectname)%00%(*objectname) [5ms]
2026-06-26 23:08:13.632 [info] > git status -z -uall [12ms]
2026-06-26 23:08:13.818 [info] > git show --textconv :infra/traefik/certs/origin.key [6ms]
2026-06-26 23:08:13.825 [info] > git ls-files --stage -- infra/traefik/certs/origin.key [8ms]
2026-06-26 23:08:13.831 [info] > git hash-object -t tree /dev/null [7ms]
2026-06-26 23:08:13.832 [warning] [GitFileSystemProvider][readFile] File not found - git:/home/kraddy/homelab/infra/traefik/certs/origin.key.git?%7B%22path%22%3A%22%2Fhome%2Fkraddy%2Fhomelab%2Finfra%2Ftraefik%2Fcerts%2Forigin.key%22%2C%22ref%22%3A%22%22%7D
2026-06-26 23:08:13.833 [info] > git hash-object -t tree /dev/null [3ms]
2026-06-26 23:08:13.833 [warning] [GitFileSystemProvider][stat] File not found - git:/home/kraddy/homelab/infra/traefik/certs/origin.key.git?%7B%22path%22%3A%22%2Fhome%2Fkraddy%2Fhomelab%2Finfra%2Ftraefik%2Fcerts%2Forigin.key%22%2C%22ref%22%3A%22%22%7D
2026-06-26 23:08:13.873 [info] > git blame --root --incremental af56fc5fa72047d9dd5348df51ce47913cef5f54 -- infra/traefik/certs/origin.key [11ms]
2026-06-26 23:08:13.873 [info] fatal: no such path infra/traefik/certs/origin.key in af56fc5fa72047d9dd5348df51ce47913cef5f54
2026-06-26 23:08:14.128 [info] > git check-ignore -v -z --stdin [4ms]
2026-06-26 23:08:16.699 [info] > git config --get commit.template [5ms]
2026-06-26 23:08:16.706 [info] > git for-each-ref --format=%(refname)%00%(upstream:short)%00%(objectname)%00%(upstream:track)%00%(upstream:remotename)%00%(upstream:remoteref) refs/heads/master refs/remotes/master [3ms]
2026-06-26 23:08:16.717 [info] > git for-each-ref --sort -committerdate --format %(refname)%00%(objectname)%00%(*objectname) [2ms]
2026-06-26 23:08:16.720 [info] > git status -z -uall [9ms]
2026-06-26 23:08:17.657 [info] > git show --textconv :infra/portainer/docker-compose.yml [10ms]
2026-06-26 23:08:17.657 [info] > git ls-files --stage -- infra/portainer/docker-compose.yml [4ms]
2026-06-26 23:08:17.667 [info] > git cat-file -s 64f67250757fae0cfa4644dc4e9eac7be858f27b [5ms]
2026-06-26 23:08:17.702 [info] > git blame --root --incremental af56fc5fa72047d9dd5348df51ce47913cef5f54 -- infra/portainer/docker-compose.yml [3ms]
2026-06-26 23:08:21.739 [info] > git config --get commit.template [6ms]
2026-06-26 23:08:21.741 [info] > git for-each-ref --format=%(refname)%00%(upstream:short)%00%(objectname)%00%(upstream:track)%00%(upstream:remotename)%00%(upstream:remoteref) refs/heads/master refs/remotes/master [3ms]
2026-06-26 23:08:21.754 [info] > git for-each-ref --sort -committerdate --format %(refname)%00%(objectname)%00%(*objectname) [4ms]
2026-06-26 23:08:21.764 [info] > git status -z -uall [18ms]
2026-06-26 23:08:24.875 [info] > git check-ignore -v -z --stdin [3ms]
2026-06-26 23:08:25.833 [info] > git show --textconv :apps/code-server/docker-compose.yml [5ms]
2026-06-26 23:08:25.835 [info] > git ls-files --stage -- apps/code-server/docker-compose.yml [3ms]
2026-06-26 23:08:25.843 [info] > git cat-file -s 85d5b480d45af3cf6071d676193d78b5ac1cf59d [3ms]
2026-06-26 23:08:25.870 [info] > git blame --root --incremental af56fc5fa72047d9dd5348df51ce47913cef5f54 -- apps/code-server/docker-compose.yml [3ms]
2026-06-26 23:08:26.787 [info] > git config --get commit.template [9ms]
2026-06-26 23:08:26.789 [info] > git for-each-ref --format=%(refname)%00%(upstream:short)%00%(objectname)%00%(upstream:track)%00%(upstream:remotename)%00%(upstream:remoteref) refs/heads/master refs/remotes/master [4ms]
2026-06-26 23:08:26.801 [info] > git for-each-ref --sort -committerdate --format %(refname)%00%(objectname)%00%(*objectname) [2ms]
2026-06-26 23:08:26.803 [info] > git status -z -uall [9ms]
2026-06-26 23:08:31.826 [info] > git config --get commit.template [9ms]
2026-06-26 23:08:31.827 [info] > git for-each-ref --format=%(refname)%00%(upstream:short)%00%(objectname)%00%(upstream:track)%00%(upstream:remotename)%00%(upstream:remoteref) refs/heads/master refs/remotes/master [3ms]
2026-06-26 23:08:31.842 [info] > git for-each-ref --sort -committerdate --format %(refname)%00%(objectname)%00%(*objectname) [3ms]
2026-06-26 23:08:31.844 [info] > git status -z -uall [10ms]
2026-06-26 23:08:36.865 [info] > git config --get commit.template [8ms]
2026-06-26 23:08:36.868 [info] > git for-each-ref --format=%(refname)%00%(upstream:short)%00%(objectname)%00%(upstream:track)%00%(upstream:remotename)%00%(upstream:remoteref) refs/heads/master refs/remotes/master [4ms]
2026-06-26 23:08:36.887 [info] > git for-each-ref --sort -committerdate --format %(refname)%00%(objectname)%00%(*objectname) [7ms]
2026-06-26 23:08:36.889 [info] > git status -z -uall [14ms]
2026-06-26 23:08:41.919 [info] > git config --get commit.template [6ms]
2026-06-26 23:08:41.921 [info] > git for-each-ref --format=%(refname)%00%(upstream:short)%00%(objectname)%00%(upstream:track)%00%(upstream:remotename)%00%(upstream:remoteref) refs/heads/master refs/remotes/master [2ms]
2026-06-26 23:08:41.932 [info] > git for-each-ref --sort -committerdate --format %(refname)%00%(objectname)%00%(*objectname) [3ms]
2026-06-26 23:08:41.934 [info] > git status -z -uall [9ms]
2026-06-26 23:08:46.962 [info] > git config --get commit.template [3ms]
2026-06-26 23:08:46.970 [info] > git for-each-ref --format=%(refname)%00%(upstream:short)%00%(objectname)%00%(upstream:track)%00%(upstream:remotename)%00%(upstream:remoteref) refs/heads/master refs/remotes/master [3ms]
2026-06-26 23:08:46.982 [info] > git for-each-ref --sort -committerdate --format %(refname)%00%(objectname)%00%(*objectname) [3ms]
2026-06-26 23:08:46.984 [info] > git status -z -uall [9ms]
2026-06-26 23:08:52.014 [info] > git config --get commit.template [7ms]
2026-06-26 23:08:52.016 [info] > git for-each-ref --format=%(refname)%00%(upstream:short)%00%(objectname)%00%(upstream:track)%00%(upstream:remotename)%00%(upstream:remoteref) refs/heads/master refs/remotes/master [3ms]
2026-06-26 23:08:52.031 [info] > git for-each-ref --sort -committerdate --format %(refname)%00%(objectname)%00%(*objectname) [3ms]
2026-06-26 23:08:52.033 [info] > git status -z -uall [11ms]
