2026-06-26 17:37:22.369 [info] Extension host with pid 718 started
2026-06-26 17:37:22.370 [error] Error: EEXIST: file already exists, open '/config/data/User/workspaceStorage/-2f0e4e09/vscode.lock'
2026-06-26 17:37:22.371 [info] Lock '/config/data/User/workspaceStorage/-2f0e4e09/vscode.lock': Could not acquire lock, checking if the file is stale.
2026-06-26 17:37:22.371 [info] Lock '/config/data/User/workspaceStorage/-2f0e4e09/vscode.lock': The pid 1280 appears to be gone.
2026-06-26 17:37:22.372 [info] Lock '/config/data/User/workspaceStorage/-2f0e4e09/vscode.lock': Deleting a stale lock.
2026-06-26 17:37:22.414 [info] Lock '/config/data/User/workspaceStorage/-2f0e4e09/vscode.lock': Lock acquired.
2026-06-26 17:37:22.605 [info] ExtensionService#_doActivateExtension vscode.emmet, startup: false, activationEvent: 'onLanguage'
2026-06-26 17:37:22.608 [info] ExtensionService#_doActivateExtension ms-azuretools.vscode-containers, startup: false, activationEvent: 'onLanguage:dockercompose'
2026-06-26 17:37:22.608 [info] ExtensionService#_doActivateExtension vscode.terminal-suggest, startup: false, activationEvent: 'onTerminalShellIntegration:*'
2026-06-26 17:37:23.784 [info] ExtensionService#_doActivateExtension vscode.git-base, startup: true, activationEvent: '*', root cause: vscode.git
2026-06-26 17:37:23.869 [info] ExtensionService#_doActivateExtension vscode.git, startup: true, activationEvent: '*'
2026-06-26 17:37:23.870 [info] ExtensionService#_doActivateExtension vscode.github, startup: true, activationEvent: '*'
2026-06-26 17:37:24.142 [info] Eager extensions activated
2026-06-26 17:37:24.143 [info] ExtensionService#_doActivateExtension vscode.debug-auto-launch, startup: false, activationEvent: 'onStartupFinished'
2026-06-26 17:37:24.144 [info] ExtensionService#_doActivateExtension vscode.merge-conflict, startup: false, activationEvent: 'onStartupFinished'
2026-06-26 17:38:28.124 [info] ExtensionService#_doActivateExtension vscode.npm, startup: false, activationEvent: 'onTerminalQuickFixRequest:ms-vscode.npm-command'
2026-06-26 17:38:33.371 [info] ExtensionService#_doActivateExtension vscode.configuration-editing, startup: false, activationEvent: 'onLanguage:json'
2026-06-26 17:38:33.372 [info] ExtensionService#_doActivateExtension vscode.extension-editing, startup: false, activationEvent: 'onLanguage:json'
2026-06-26 17:38:33.372 [info] ExtensionService#_doActivateExtension vscode.json-language-features, startup: false, activationEvent: 'onLanguage:json'
2026-06-26 17:39:42.497 [info] ExtensionService#_doActivateExtension vscode.typescript-language-features, startup: false, activationEvent: 'onLanguage:jsonc'
2026-06-26 18:03:26.862 [error] Error: socket hang up
	at TLSSocket.socketOnEnd (node:_http_client:542:25)
	at TLSSocket.emit (node:events:531:35)
	at endReadableNT (node:internal/streams/readable:1698:12)
	at process.processTicksAndRejections (node:internal/process/task_queues:90:21)
2026-06-26 18:27:06.355 [info] Extension host terminating: parent process 201 does not exist anymore: kill ESRCH (code: ESRCH) (errno: -3)
2026-06-26 18:27:06.357 [info] Lock '/config/data/User/workspaceStorage/-2f0e4e09/vscode.lock': Marking the lockfile as scheduled to be released in 6000 ms.
2026-06-26 18:27:06.463 [error] Error: connect ENOENT /config/data/code-server-ipc.sock
	at PipeConnectWrap.afterConnect [as oncomplete] (node:net:1637:16)
2026-06-26 18:27:06.470 [info] Extension host with pid 718 exiting with code 0
