2026-06-26 20:35:48.198 [info] [main] Log level: Info
2026-06-26 20:35:48.198 [info] [main] Validating found git in: "git"
2026-06-26 20:35:48.198 [info] [main] Using git "2.43.0" from "git"
2026-06-26 20:35:48.198 [info] [Model][doInitialScan] Initial repository scan started
2026-06-26 20:35:48.198 [info] > git rev-parse --show-toplevel [3ms]
2026-06-26 20:35:48.198 [info] > git rev-parse --git-dir --git-common-dir --show-superproject-working-tree [5ms]
2026-06-26 20:35:48.198 [info] [Model][openRepository] Opened repository (path): /home/kraddy/homelab
2026-06-26 20:35:48.198 [info] [Model][openRepository] Opened repository (real path): /home/kraddy/homelab
2026-06-26 20:35:48.198 [info] [Model][openRepository] Opened repository (kind): repository
2026-06-26 20:35:48.198 [info] > git config --get commit.template [8ms]
2026-06-26 20:35:48.198 [info] > git rev-parse --show-toplevel [6ms]
2026-06-26 20:35:48.198 [info] > git for-each-ref --format=%(refname)%00%(upstream:short)%00%(objectname)%00%(upstream:track)%00%(upstream:remotename)%00%(upstream:remoteref) refs/heads/master refs/remotes/master [10ms]
2026-06-26 20:35:48.198 [info] > git rev-parse --show-toplevel [4ms]
2026-06-26 20:35:48.198 [info] > git status -z -uall [8ms]
2026-06-26 20:35:48.198 [info] > git rev-parse --show-toplevel [17ms]
2026-06-26 20:35:48.198 [info] [Model][doInitialScan] Initial repository scan completed - repositories (1), closed repositories (0), parent repositories (0), unsafe repositories (0)
2026-06-26 20:35:48.198 [info] > git for-each-ref --sort -committerdate --format %(refname)%00%(objectname)%00%(*objectname) [7ms]
2026-06-26 20:35:48.198 [info] > git for-each-ref --format=%(refname)%00%(upstream:short)%00%(objectname)%00%(upstream:track)%00%(upstream:remotename)%00%(upstream:remoteref) refs/heads/master refs/remotes/master [33ms]
2026-06-26 20:35:48.198 [info] > git config --get commit.template [8ms]
2026-06-26 20:35:48.198 [info] > git config --get --local branch.master.vscode-merge-base [2ms]
2026-06-26 20:35:48.198 [warning] [Git][config] git config failed: Failed to execute git
2026-06-26 20:35:48.198 [info] > git reflog master --grep-reflog=branch: Created from *. [6ms]
2026-06-26 20:35:48.198 [info] > git for-each-ref --format=%(refname)%00%(upstream:short)%00%(objectname)%00%(upstream:track)%00%(upstream:remotename)%00%(upstream:remoteref) refs/heads/master refs/remotes/master [8ms]
2026-06-26 20:35:48.198 [info] > git symbolic-ref --short refs/remotes/origin/HEAD [18ms]
2026-06-26 20:35:48.198 [info] fatal: ref refs/remotes/origin/HEAD is not a symbolic ref
2026-06-26 20:35:48.198 [warning] [Repository][getDefaultBranch] Failed to get default branch details: Failed to execute git.
2026-06-26 20:35:48.198 [info] > git merge-base refs/heads/master refs/remotes/origin/master [7ms]
2026-06-26 20:35:48.198 [info] > git diff --name-status -z --diff-filter=ADMR af56fc5fa72047d9dd5348df51ce47913cef5f54...refs/remotes/origin/master [12ms]
2026-06-26 20:35:48.198 [info] > git status -z -uall [10ms]
2026-06-26 20:35:48.198 [info] > git for-each-ref --sort -committerdate --format %(refname)%00%(objectname)%00%(*objectname) [4ms]
2026-06-26 20:35:48.708 [info] > git check-ignore -v -z --stdin [2ms]
2026-06-26 20:35:49.220 [info] > git show --textconv :apps/code-server/docker-compose.yml [6ms]
2026-06-26 20:35:49.222 [info] > git ls-files --stage -- apps/code-server/docker-compose.yml [3ms]
2026-06-26 20:35:49.229 [info] > git cat-file -s 85d5b480d45af3cf6071d676193d78b5ac1cf59d [2ms]
2026-06-26 20:35:49.373 [info] > git blame --root --incremental af56fc5fa72047d9dd5348df51ce47913cef5f54 -- apps/code-server/docker-compose.yml [3ms]
2026-06-26 20:36:03.779 [info] > git check-ignore -v -z --stdin [3ms]
2026-06-26 20:36:04.852 [info] > git show --textconv :infra/portainer/docker-compose.yml [7ms]
2026-06-26 20:36:04.854 [info] > git ls-files --stage -- infra/portainer/docker-compose.yml [3ms]
2026-06-26 20:36:04.863 [info] > git cat-file -s 64f67250757fae0cfa4644dc4e9eac7be858f27b [3ms]
2026-06-26 20:36:04.885 [info] > git blame --root --incremental af56fc5fa72047d9dd5348df51ce47913cef5f54 -- infra/portainer/docker-compose.yml [3ms]
2026-06-26 20:37:22.863 [info] > git config --get commit.template [7ms]
2026-06-26 20:37:22.865 [info] > git for-each-ref --format=%(refname)%00%(upstream:short)%00%(objectname)%00%(upstream:track)%00%(upstream:remotename)%00%(upstream:remoteref) refs/heads/master refs/remotes/master [4ms]
2026-06-26 20:37:22.880 [info] > git status -z -uall [9ms]
2026-06-26 20:37:22.882 [info] > git for-each-ref --sort -committerdate --format %(refname)%00%(objectname)%00%(*objectname) [4ms]
2026-06-26 20:37:27.905 [info] > git config --get commit.template [8ms]
2026-06-26 20:37:27.906 [info] > git for-each-ref --format=%(refname)%00%(upstream:short)%00%(objectname)%00%(upstream:track)%00%(upstream:remotename)%00%(upstream:remoteref) refs/heads/master refs/remotes/master [3ms]
2026-06-26 20:37:27.921 [info] > git for-each-ref --sort -committerdate --format %(refname)%00%(objectname)%00%(*objectname) [2ms]
2026-06-26 20:37:27.923 [info] > git status -z -uall [11ms]
2026-06-26 20:37:40.870 [info] > git show --textconv :apps/code-server/docker-compose.yml [6ms]
2026-06-26 20:37:40.872 [info] > git ls-files --stage -- apps/code-server/docker-compose.yml [2ms]
2026-06-26 20:37:40.881 [info] > git cat-file -s 85d5b480d45af3cf6071d676193d78b5ac1cf59d [3ms]
2026-06-26 20:37:49.695 [info] > git show --textconv :infra/portainer/docker-compose.yml [7ms]
2026-06-26 20:37:49.696 [info] > git ls-files --stage -- infra/portainer/docker-compose.yml [3ms]
2026-06-26 20:37:49.703 [info] > git cat-file -s 64f67250757fae0cfa4644dc4e9eac7be858f27b [2ms]
2026-06-26 20:44:38.297 [info] > git config --get commit.template [9ms]
2026-06-26 20:44:38.299 [info] > git for-each-ref --format=%(refname)%00%(upstream:short)%00%(objectname)%00%(upstream:track)%00%(upstream:remotename)%00%(upstream:remoteref) refs/heads/master refs/remotes/master [3ms]
2026-06-26 20:44:38.313 [info] > git status -z -uall [8ms]
2026-06-26 20:44:38.313 [info] > git for-each-ref --sort -committerdate --format %(refname)%00%(objectname)%00%(*objectname) [2ms]
2026-06-26 20:44:40.908 [info] > git check-ignore -v -z --stdin [2ms]
2026-06-26 20:44:43.335 [info] > git config --get commit.template [3ms]
2026-06-26 20:44:43.345 [info] > git for-each-ref --format=%(refname)%00%(upstream:short)%00%(objectname)%00%(upstream:track)%00%(upstream:remotename)%00%(upstream:remoteref) refs/heads/master refs/remotes/master [3ms]
2026-06-26 20:44:43.363 [info] > git status -z -uall [11ms]
2026-06-26 20:44:43.364 [info] > git for-each-ref --sort -committerdate --format %(refname)%00%(objectname)%00%(*objectname) [4ms]
2026-06-26 20:44:48.389 [info] > git config --get commit.template [9ms]
2026-06-26 20:44:48.391 [info] > git for-each-ref --format=%(refname)%00%(upstream:short)%00%(objectname)%00%(upstream:track)%00%(upstream:remotename)%00%(upstream:remoteref) refs/heads/master refs/remotes/master [3ms]
2026-06-26 20:44:48.408 [info] > git status -z -uall [10ms]
2026-06-26 20:44:48.409 [info] > git for-each-ref --sort -committerdate --format %(refname)%00%(objectname)%00%(*objectname) [4ms]
2026-06-26 20:44:52.945 [info] > git check-ignore -v -z --stdin [3ms]
2026-06-26 20:44:53.428 [info] > git config --get commit.template [3ms]
2026-06-26 20:44:53.438 [info] > git for-each-ref --format=%(refname)%00%(upstream:short)%00%(objectname)%00%(upstream:track)%00%(upstream:remotename)%00%(upstream:remoteref) refs/heads/master refs/remotes/master [3ms]
2026-06-26 20:44:53.456 [info] > git status -z -uall [10ms]
2026-06-26 20:44:53.458 [info] > git for-each-ref --sort -committerdate --format %(refname)%00%(objectname)%00%(*objectname) [5ms]
2026-06-26 20:44:58.483 [info] > git config --get commit.template [9ms]
2026-06-26 20:44:58.485 [info] > git for-each-ref --format=%(refname)%00%(upstream:short)%00%(objectname)%00%(upstream:track)%00%(upstream:remotename)%00%(upstream:remoteref) refs/heads/master refs/remotes/master [3ms]
2026-06-26 20:44:58.501 [info] > git status -z -uall [10ms]
2026-06-26 20:44:58.501 [info] > git for-each-ref --sort -committerdate --format %(refname)%00%(objectname)%00%(*objectname) [4ms]
2026-06-26 20:45:00.978 [info] > git show --textconv :infra/traefik/certs/origin.crt [10ms]
2026-06-26 20:45:00.986 [info] > git ls-files --stage -- infra/traefik/certs/origin.crt [11ms]
2026-06-26 20:45:00.994 [info] > git hash-object -t tree /dev/null [9ms]
2026-06-26 20:45:00.994 [warning] [GitFileSystemProvider][readFile] File not found - git:/home/kraddy/homelab/infra/traefik/certs/origin.crt.git?%7B%22path%22%3A%22%2Fhome%2Fkraddy%2Fhomelab%2Finfra%2Ftraefik%2Fcerts%2Forigin.crt%22%2C%22ref%22%3A%22%22%7D
2026-06-26 20:45:00.995 [info] > git hash-object -t tree /dev/null [2ms]
2026-06-26 20:45:00.996 [warning] [GitFileSystemProvider][stat] File not found - git:/home/kraddy/homelab/infra/traefik/certs/origin.crt.git?%7B%22path%22%3A%22%2Fhome%2Fkraddy%2Fhomelab%2Finfra%2Ftraefik%2Fcerts%2Forigin.crt%22%2C%22ref%22%3A%22%22%7D
2026-06-26 20:45:01.233 [info] > git check-ignore -v -z --stdin [3ms]
2026-06-26 20:45:03.521 [info] > git config --get commit.template [6ms]
2026-06-26 20:45:03.523 [info] > git for-each-ref --format=%(refname)%00%(upstream:short)%00%(objectname)%00%(upstream:track)%00%(upstream:remotename)%00%(upstream:remoteref) refs/heads/master refs/remotes/master [3ms]
2026-06-26 20:45:03.536 [info] > git status -z -uall [8ms]
2026-06-26 20:45:03.538 [info] > git for-each-ref --sort -committerdate --format %(refname)%00%(objectname)%00%(*objectname) [4ms]
2026-06-26 20:45:08.455 [info] > git show --textconv :infra/traefik/certs/origin.key [6ms]
2026-06-26 20:45:08.456 [warning] [GitFileSystemProvider][readFile] File not found - git:/home/kraddy/homelab/infra/traefik/certs/origin.key.git?%7B%22path%22%3A%22%2Fhome%2Fkraddy%2Fhomelab%2Finfra%2Ftraefik%2Fcerts%2Forigin.key%22%2C%22ref%22%3A%22%22%7D
2026-06-26 20:45:08.457 [info] > git ls-files --stage -- infra/traefik/certs/origin.key [2ms]
2026-06-26 20:45:08.457 [warning] [GitFileSystemProvider][stat] File not found - git:/home/kraddy/homelab/infra/traefik/certs/origin.key.git?%7B%22path%22%3A%22%2Fhome%2Fkraddy%2Fhomelab%2Finfra%2Ftraefik%2Fcerts%2Forigin.key%22%2C%22ref%22%3A%22%22%7D
2026-06-26 20:45:08.560 [info] > git config --get commit.template [8ms]
2026-06-26 20:45:08.562 [info] > git for-each-ref --format=%(refname)%00%(upstream:short)%00%(objectname)%00%(upstream:track)%00%(upstream:remotename)%00%(upstream:remoteref) refs/heads/master refs/remotes/master [3ms]
2026-06-26 20:45:08.578 [info] > git status -z -uall [9ms]
2026-06-26 20:45:08.579 [info] > git for-each-ref --sort -committerdate --format %(refname)%00%(objectname)%00%(*objectname) [4ms]
2026-06-26 20:45:08.654 [info] > git check-ignore -v -z --stdin [2ms]
2026-06-26 20:45:13.602 [info] > git config --get commit.template [9ms]
2026-06-26 20:45:13.604 [info] > git for-each-ref --format=%(refname)%00%(upstream:short)%00%(objectname)%00%(upstream:track)%00%(upstream:remotename)%00%(upstream:remoteref) refs/heads/master refs/remotes/master [4ms]
2026-06-26 20:45:13.619 [info] > git status -z -uall [9ms]
2026-06-26 20:45:13.619 [info] > git for-each-ref --sort -committerdate --format %(refname)%00%(objectname)%00%(*objectname) [3ms]
2026-06-26 20:45:14.920 [info] > git show --textconv :infra/traefik/certs/origin.crt [7ms]
2026-06-26 20:45:14.921 [warning] [GitFileSystemProvider][readFile] File not found - git:/home/kraddy/homelab/infra/traefik/certs/origin.crt.git?%7B%22path%22%3A%22%2Fhome%2Fkraddy%2Fhomelab%2Finfra%2Ftraefik%2Fcerts%2Forigin.crt%22%2C%22ref%22%3A%22%22%7D
2026-06-26 20:45:14.923 [info] > git ls-files --stage -- infra/traefik/certs/origin.crt [4ms]
2026-06-26 20:45:14.923 [warning] [GitFileSystemProvider][stat] File not found - git:/home/kraddy/homelab/infra/traefik/certs/origin.crt.git?%7B%22path%22%3A%22%2Fhome%2Fkraddy%2Fhomelab%2Finfra%2Ftraefik%2Fcerts%2Forigin.crt%22%2C%22ref%22%3A%22%22%7D
2026-06-26 20:45:15.903 [info] > git blame --root --incremental af56fc5fa72047d9dd5348df51ce47913cef5f54 -- infra/traefik/certs/origin.crt [3ms]
2026-06-26 20:45:15.903 [info] fatal: no such path infra/traefik/certs/origin.crt in af56fc5fa72047d9dd5348df51ce47913cef5f54
2026-06-26 20:45:17.856 [info] > git show --textconv :infra/traefik/certs/origin.key [8ms]
2026-06-26 20:45:17.857 [warning] [GitFileSystemProvider][readFile] File not found - git:/home/kraddy/homelab/infra/traefik/certs/origin.key.git?%7B%22path%22%3A%22%2Fhome%2Fkraddy%2Fhomelab%2Finfra%2Ftraefik%2Fcerts%2Forigin.key%22%2C%22ref%22%3A%22%22%7D
2026-06-26 20:45:17.858 [info] > git ls-files --stage -- infra/traefik/certs/origin.key [4ms]
2026-06-26 20:45:17.859 [warning] [GitFileSystemProvider][stat] File not found - git:/home/kraddy/homelab/infra/traefik/certs/origin.key.git?%7B%22path%22%3A%22%2Fhome%2Fkraddy%2Fhomelab%2Finfra%2Ftraefik%2Fcerts%2Forigin.key%22%2C%22ref%22%3A%22%22%7D
2026-06-26 20:45:18.645 [info] > git config --get commit.template [9ms]
2026-06-26 20:45:18.647 [info] > git for-each-ref --format=%(refname)%00%(upstream:short)%00%(objectname)%00%(upstream:track)%00%(upstream:remotename)%00%(upstream:remoteref) refs/heads/master refs/remotes/master [4ms]
2026-06-26 20:45:18.662 [info] > git for-each-ref --sort -committerdate --format %(refname)%00%(objectname)%00%(*objectname) [2ms]
2026-06-26 20:45:18.663 [info] > git status -z -uall [9ms]
2026-06-26 20:45:23.685 [info] > git config --get commit.template [8ms]
2026-06-26 20:45:23.688 [info] > git for-each-ref --format=%(refname)%00%(upstream:short)%00%(objectname)%00%(upstream:track)%00%(upstream:remotename)%00%(upstream:remoteref) refs/heads/master refs/remotes/master [4ms]
2026-06-26 20:45:23.704 [info] > git status -z -uall [9ms]
2026-06-26 20:45:23.704 [info] > git for-each-ref --sort -committerdate --format %(refname)%00%(objectname)%00%(*objectname) [3ms]
2026-06-26 20:45:24.202 [info] > git blame --root --incremental af56fc5fa72047d9dd5348df51ce47913cef5f54 -- infra/traefik/certs/origin.key [3ms]
2026-06-26 20:45:24.202 [info] fatal: no such path infra/traefik/certs/origin.key in af56fc5fa72047d9dd5348df51ce47913cef5f54
2026-06-26 20:45:28.729 [info] > git config --get commit.template [9ms]
2026-06-26 20:45:28.731 [info] > git for-each-ref --format=%(refname)%00%(upstream:short)%00%(objectname)%00%(upstream:track)%00%(upstream:remotename)%00%(upstream:remoteref) refs/heads/master refs/remotes/master [4ms]
2026-06-26 20:45:28.749 [info] > git status -z -uall [10ms]
2026-06-26 20:45:28.749 [info] > git for-each-ref --sort -committerdate --format %(refname)%00%(objectname)%00%(*objectname) [3ms]
2026-06-26 20:45:49.221 [info] > git config --get commit.template [8ms]
2026-06-26 20:45:49.223 [info] > git for-each-ref --format=%(refname)%00%(upstream:short)%00%(objectname)%00%(upstream:track)%00%(upstream:remotename)%00%(upstream:remoteref) refs/heads/master refs/remotes/master [3ms]
2026-06-26 20:45:49.240 [info] > git status -z -uall [10ms]
2026-06-26 20:45:49.241 [info] > git for-each-ref --sort -committerdate --format %(refname)%00%(objectname)%00%(*objectname) [4ms]
2026-06-26 20:45:54.264 [info] > git config --get commit.template [8ms]
2026-06-26 20:45:54.267 [info] > git for-each-ref --format=%(refname)%00%(upstream:short)%00%(objectname)%00%(upstream:track)%00%(upstream:remotename)%00%(upstream:remoteref) refs/heads/master refs/remotes/master [3ms]
2026-06-26 20:45:54.282 [info] > git status -z -uall [8ms]
2026-06-26 20:45:54.284 [info] > git for-each-ref --sort -committerdate --format %(refname)%00%(objectname)%00%(*objectname) [5ms]
2026-06-26 20:45:58.225 [info] > git show --textconv :infra/traefik/dynamic/tls.yml [7ms]
2026-06-26 20:45:58.226 [warning] [GitFileSystemProvider][readFile] File not found - git:/home/kraddy/homelab/infra/traefik/dynamic/tls.yml.git?%7B%22path%22%3A%22%2Fhome%2Fkraddy%2Fhomelab%2Finfra%2Ftraefik%2Fdynamic%2Ftls.yml%22%2C%22ref%22%3A%22%22%7D
2026-06-26 20:45:58.228 [info] > git ls-files --stage -- infra/traefik/dynamic/tls.yml [3ms]
2026-06-26 20:45:58.228 [warning] [GitFileSystemProvider][stat] File not found - git:/home/kraddy/homelab/infra/traefik/dynamic/tls.yml.git?%7B%22path%22%3A%22%2Fhome%2Fkraddy%2Fhomelab%2Finfra%2Ftraefik%2Fdynamic%2Ftls.yml%22%2C%22ref%22%3A%22%22%7D
2026-06-26 20:45:58.409 [info] > git check-ignore -v -z --stdin [3ms]
2026-06-26 20:45:59.306 [info] > git config --get commit.template [8ms]
2026-06-26 20:45:59.308 [info] > git for-each-ref --format=%(refname)%00%(upstream:short)%00%(objectname)%00%(upstream:track)%00%(upstream:remotename)%00%(upstream:remoteref) refs/heads/master refs/remotes/master [3ms]
2026-06-26 20:45:59.323 [info] > git status -z -uall [9ms]
2026-06-26 20:45:59.324 [info] > git for-each-ref --sort -committerdate --format %(refname)%00%(objectname)%00%(*objectname) [3ms]
2026-06-26 20:46:04.347 [info] > git config --get commit.template [9ms]
2026-06-26 20:46:04.350 [info] > git for-each-ref --format=%(refname)%00%(upstream:short)%00%(objectname)%00%(upstream:track)%00%(upstream:remotename)%00%(upstream:remoteref) refs/heads/master refs/remotes/master [4ms]
2026-06-26 20:46:04.365 [info] > git status -z -uall [9ms]
2026-06-26 20:46:04.365 [info] > git for-each-ref --sort -committerdate --format %(refname)%00%(objectname)%00%(*objectname) [3ms]
2026-06-26 20:46:20.805 [info] > git config --get commit.template [9ms]
2026-06-26 20:46:20.807 [info] > git for-each-ref --format=%(refname)%00%(upstream:short)%00%(objectname)%00%(upstream:track)%00%(upstream:remotename)%00%(upstream:remoteref) refs/heads/master refs/remotes/master [2ms]
2026-06-26 20:46:20.821 [info] > git status -z -uall [9ms]
2026-06-26 20:46:20.821 [info] > git for-each-ref --sort -committerdate --format %(refname)%00%(objectname)%00%(*objectname) [3ms]
2026-06-26 20:46:25.844 [info] > git config --get commit.template [9ms]
2026-06-26 20:46:25.846 [info] > git for-each-ref --format=%(refname)%00%(upstream:short)%00%(objectname)%00%(upstream:track)%00%(upstream:remotename)%00%(upstream:remoteref) refs/heads/master refs/remotes/master [3ms]
2026-06-26 20:46:25.861 [info] > git status -z -uall [9ms]
2026-06-26 20:46:25.862 [info] > git for-each-ref --sort -committerdate --format %(refname)%00%(objectname)%00%(*objectname) [4ms]
2026-06-26 20:46:30.887 [info] > git config --get commit.template [9ms]
2026-06-26 20:46:30.889 [info] > git for-each-ref --format=%(refname)%00%(upstream:short)%00%(objectname)%00%(upstream:track)%00%(upstream:remotename)%00%(upstream:remoteref) refs/heads/master refs/remotes/master [4ms]
2026-06-26 20:46:30.906 [info] > git status -z -uall [10ms]
2026-06-26 20:46:30.907 [info] > git for-each-ref --sort -committerdate --format %(refname)%00%(objectname)%00%(*objectname) [4ms]
2026-06-26 20:46:35.931 [info] > git config --get commit.template [9ms]
2026-06-26 20:46:35.933 [info] > git for-each-ref --format=%(refname)%00%(upstream:short)%00%(objectname)%00%(upstream:track)%00%(upstream:remotename)%00%(upstream:remoteref) refs/heads/master refs/remotes/master [4ms]
2026-06-26 20:46:35.951 [info] > git for-each-ref --sort -committerdate --format %(refname)%00%(objectname)%00%(*objectname) [3ms]
2026-06-26 20:46:35.952 [info] > git status -z -uall [12ms]
2026-06-26 20:46:49.903 [info] > git config --get commit.template [11ms]
2026-06-26 20:46:49.904 [info] > git for-each-ref --format=%(refname)%00%(upstream:short)%00%(objectname)%00%(upstream:track)%00%(upstream:remotename)%00%(upstream:remoteref) refs/heads/master refs/remotes/master [5ms]
2026-06-26 20:46:49.919 [info] > git status -z -uall [9ms]
2026-06-26 20:46:49.919 [info] > git for-each-ref --sort -committerdate --format %(refname)%00%(objectname)%00%(*objectname) [3ms]
2026-06-26 20:47:13.849 [info] > git config --get commit.template [9ms]
2026-06-26 20:47:13.850 [info] > git for-each-ref --format=%(refname)%00%(upstream:short)%00%(objectname)%00%(upstream:track)%00%(upstream:remotename)%00%(upstream:remoteref) refs/heads/master refs/remotes/master [3ms]
2026-06-26 20:47:13.867 [info] > git status -z -uall [10ms]
2026-06-26 20:47:13.867 [info] > git for-each-ref --sort -committerdate --format %(refname)%00%(objectname)%00%(*objectname) [3ms]
2026-06-26 20:47:18.889 [info] > git config --get commit.template [8ms]
2026-06-26 20:47:18.892 [info] > git for-each-ref --format=%(refname)%00%(upstream:short)%00%(objectname)%00%(upstream:track)%00%(upstream:remotename)%00%(upstream:remoteref) refs/heads/master refs/remotes/master [3ms]
2026-06-26 20:47:18.911 [info] > git status -z -uall [10ms]
2026-06-26 20:47:18.911 [info] > git for-each-ref --sort -committerdate --format %(refname)%00%(objectname)%00%(*objectname) [4ms]
2026-06-26 20:47:23.931 [info] > git config --get commit.template [3ms]
2026-06-26 20:47:23.941 [info] > git for-each-ref --format=%(refname)%00%(upstream:short)%00%(objectname)%00%(upstream:track)%00%(upstream:remotename)%00%(upstream:remoteref) refs/heads/master refs/remotes/master [2ms]
2026-06-26 20:47:23.954 [info] > git status -z -uall [8ms]
2026-06-26 20:47:23.955 [info] > git for-each-ref --sort -committerdate --format %(refname)%00%(objectname)%00%(*objectname) [4ms]
2026-06-26 20:47:28.978 [info] > git config --get commit.template [8ms]
2026-06-26 20:47:28.980 [info] > git for-each-ref --format=%(refname)%00%(upstream:short)%00%(objectname)%00%(upstream:track)%00%(upstream:remotename)%00%(upstream:remoteref) refs/heads/master refs/remotes/master [3ms]
2026-06-26 20:47:28.997 [info] > git for-each-ref --sort -committerdate --format %(refname)%00%(objectname)%00%(*objectname) [2ms]
2026-06-26 20:47:28.999 [info] > git status -z -uall [11ms]
2026-06-26 20:47:34.022 [info] > git config --get commit.template [8ms]
2026-06-26 20:47:34.024 [info] > git for-each-ref --format=%(refname)%00%(upstream:short)%00%(objectname)%00%(upstream:track)%00%(upstream:remotename)%00%(upstream:remoteref) refs/heads/master refs/remotes/master [4ms]
2026-06-26 20:47:34.041 [info] > git status -z -uall [11ms]
2026-06-26 20:47:34.041 [info] > git for-each-ref --sort -committerdate --format %(refname)%00%(objectname)%00%(*objectname) [4ms]
2026-06-26 20:47:39.061 [info] > git config --get commit.template [4ms]
2026-06-26 20:47:39.070 [info] > git for-each-ref --format=%(refname)%00%(upstream:short)%00%(objectname)%00%(upstream:track)%00%(upstream:remotename)%00%(upstream:remoteref) refs/heads/master refs/remotes/master [3ms]
2026-06-26 20:47:39.085 [info] > git status -z -uall [8ms]
2026-06-26 20:47:39.086 [info] > git for-each-ref --sort -committerdate --format %(refname)%00%(objectname)%00%(*objectname) [3ms]
2026-06-26 20:47:44.110 [info] > git config --get commit.template [8ms]
2026-06-26 20:47:44.112 [info] > git for-each-ref --format=%(refname)%00%(upstream:short)%00%(objectname)%00%(upstream:track)%00%(upstream:remotename)%00%(upstream:remoteref) refs/heads/master refs/remotes/master [4ms]
2026-06-26 20:47:44.129 [info] > git status -z -uall [10ms]
2026-06-26 20:47:44.129 [info] > git for-each-ref --sort -committerdate --format %(refname)%00%(objectname)%00%(*objectname) [3ms]
2026-06-26 20:47:49.154 [info] > git config --get commit.template [8ms]
2026-06-26 20:47:49.157 [info] > git for-each-ref --format=%(refname)%00%(upstream:short)%00%(objectname)%00%(upstream:track)%00%(upstream:remotename)%00%(upstream:remoteref) refs/heads/master refs/remotes/master [3ms]
2026-06-26 20:47:49.174 [info] > git status -z -uall [10ms]
2026-06-26 20:47:49.175 [info] > git for-each-ref --sort -committerdate --format %(refname)%00%(objectname)%00%(*objectname) [3ms]
2026-06-26 20:47:54.198 [info] > git config --get commit.template [9ms]
2026-06-26 20:47:54.200 [info] > git for-each-ref --format=%(refname)%00%(upstream:short)%00%(objectname)%00%(upstream:track)%00%(upstream:remotename)%00%(upstream:remoteref) refs/heads/master refs/remotes/master [3ms]
2026-06-26 20:47:54.218 [info] > git status -z -uall [10ms]
2026-06-26 20:47:54.218 [info] > git for-each-ref --sort -committerdate --format %(refname)%00%(objectname)%00%(*objectname) [3ms]
2026-06-26 20:47:59.243 [info] > git config --get commit.template [9ms]
2026-06-26 20:47:59.246 [info] > git for-each-ref --format=%(refname)%00%(upstream:short)%00%(objectname)%00%(upstream:track)%00%(upstream:remotename)%00%(upstream:remoteref) refs/heads/master refs/remotes/master [4ms]
2026-06-26 20:47:59.264 [info] > git status -z -uall [10ms]
2026-06-26 20:47:59.264 [info] > git for-each-ref --sort -committerdate --format %(refname)%00%(objectname)%00%(*objectname) [3ms]
2026-06-26 20:48:04.292 [info] > git config --get commit.template [9ms]
2026-06-26 20:48:04.294 [info] > git for-each-ref --format=%(refname)%00%(upstream:short)%00%(objectname)%00%(upstream:track)%00%(upstream:remotename)%00%(upstream:remoteref) refs/heads/master refs/remotes/master [4ms]
2026-06-26 20:48:04.308 [info] > git status -z -uall [8ms]
2026-06-26 20:48:04.310 [info] > git for-each-ref --sort -committerdate --format %(refname)%00%(objectname)%00%(*objectname) [5ms]
2026-06-26 20:48:09.333 [info] > git config --get commit.template [6ms]
2026-06-26 20:48:09.335 [info] > git for-each-ref --format=%(refname)%00%(upstream:short)%00%(objectname)%00%(upstream:track)%00%(upstream:remotename)%00%(upstream:remoteref) refs/heads/master refs/remotes/master [3ms]
2026-06-26 20:48:09.348 [info] > git status -z -uall [8ms]
2026-06-26 20:48:09.348 [info] > git for-each-ref --sort -committerdate --format %(refname)%00%(objectname)%00%(*objectname) [3ms]
2026-06-26 20:48:21.630 [info] > git config --get commit.template [8ms]
2026-06-26 20:48:21.631 [info] > git for-each-ref --format=%(refname)%00%(upstream:short)%00%(objectname)%00%(upstream:track)%00%(upstream:remotename)%00%(upstream:remoteref) refs/heads/master refs/remotes/master [3ms]
2026-06-26 20:48:21.644 [info] > git status -z -uall [7ms]
2026-06-26 20:48:21.644 [info] > git for-each-ref --sort -committerdate --format %(refname)%00%(objectname)%00%(*objectname) [3ms]
2026-06-26 20:48:45.663 [info] > git config --get commit.template [8ms]
2026-06-26 20:48:45.665 [info] > git for-each-ref --format=%(refname)%00%(upstream:short)%00%(objectname)%00%(upstream:track)%00%(upstream:remotename)%00%(upstream:remoteref) refs/heads/master refs/remotes/master [3ms]
2026-06-26 20:48:45.679 [info] > git status -z -uall [9ms]
2026-06-26 20:48:45.681 [info] > git for-each-ref --sort -committerdate --format %(refname)%00%(objectname)%00%(*objectname) [4ms]
2026-06-26 20:48:50.701 [info] > git config --get commit.template [9ms]
2026-06-26 20:48:50.703 [info] > git for-each-ref --format=%(refname)%00%(upstream:short)%00%(objectname)%00%(upstream:track)%00%(upstream:remotename)%00%(upstream:remoteref) refs/heads/master refs/remotes/master [3ms]
2026-06-26 20:48:50.719 [info] > git status -z -uall [9ms]
2026-06-26 20:48:50.720 [info] > git for-each-ref --sort -committerdate --format %(refname)%00%(objectname)%00%(*objectname) [4ms]
2026-06-26 20:48:55.878 [info] > git config --get commit.template [8ms]
2026-06-26 20:48:55.880 [info] > git for-each-ref --format=%(refname)%00%(upstream:short)%00%(objectname)%00%(upstream:track)%00%(upstream:remotename)%00%(upstream:remoteref) refs/heads/master refs/remotes/master [3ms]
2026-06-26 20:48:55.894 [info] > git for-each-ref --sort -committerdate --format %(refname)%00%(objectname)%00%(*objectname) [2ms]
2026-06-26 20:48:55.895 [info] > git status -z -uall [10ms]
2026-06-26 20:49:00.917 [info] > git config --get commit.template [8ms]
2026-06-26 20:49:00.919 [info] > git for-each-ref --format=%(refname)%00%(upstream:short)%00%(objectname)%00%(upstream:track)%00%(upstream:remotename)%00%(upstream:remoteref) refs/heads/master refs/remotes/master [3ms]
2026-06-26 20:49:00.936 [info] > git status -z -uall [10ms]
2026-06-26 20:49:00.937 [info] > git for-each-ref --sort -committerdate --format %(refname)%00%(objectname)%00%(*objectname) [4ms]
2026-06-26 20:49:05.959 [info] > git config --get commit.template [8ms]
2026-06-26 20:49:05.962 [info] > git for-each-ref --format=%(refname)%00%(upstream:short)%00%(objectname)%00%(upstream:track)%00%(upstream:remotename)%00%(upstream:remoteref) refs/heads/master refs/remotes/master [4ms]
2026-06-26 20:49:05.979 [info] > git status -z -uall [10ms]
2026-06-26 20:49:05.980 [info] > git for-each-ref --sort -committerdate --format %(refname)%00%(objectname)%00%(*objectname) [4ms]
2026-06-26 20:49:11.004 [info] > git config --get commit.template [10ms]
2026-06-26 20:49:11.007 [info] > git for-each-ref --format=%(refname)%00%(upstream:short)%00%(objectname)%00%(upstream:track)%00%(upstream:remotename)%00%(upstream:remoteref) refs/heads/master refs/remotes/master [4ms]
2026-06-26 20:49:11.024 [info] > git status -z -uall [10ms]
2026-06-26 20:49:11.025 [info] > git for-each-ref --sort -committerdate --format %(refname)%00%(objectname)%00%(*objectname) [4ms]
2026-06-26 20:49:16.046 [info] > git config --get commit.template [7ms]
2026-06-26 20:49:16.047 [info] > git for-each-ref --format=%(refname)%00%(upstream:short)%00%(objectname)%00%(upstream:track)%00%(upstream:remotename)%00%(upstream:remoteref) refs/heads/master refs/remotes/master [3ms]
2026-06-26 20:49:16.061 [info] > git status -z -uall [8ms]
2026-06-26 20:49:16.062 [info] > git for-each-ref --sort -committerdate --format %(refname)%00%(objectname)%00%(*objectname) [3ms]
2026-06-26 20:49:21.084 [info] > git config --get commit.template [8ms]
2026-06-26 20:49:21.085 [info] > git for-each-ref --format=%(refname)%00%(upstream:short)%00%(objectname)%00%(upstream:track)%00%(upstream:remotename)%00%(upstream:remoteref) refs/heads/master refs/remotes/master [2ms]
2026-06-26 20:49:21.100 [info] > git status -z -uall [9ms]
2026-06-26 20:49:21.100 [info] > git for-each-ref --sort -committerdate --format %(refname)%00%(objectname)%00%(*objectname) [3ms]
2026-06-26 20:49:26.408 [info] > git config --get commit.template [8ms]
2026-06-26 20:49:26.409 [info] > git for-each-ref --format=%(refname)%00%(upstream:short)%00%(objectname)%00%(upstream:track)%00%(upstream:remotename)%00%(upstream:remoteref) refs/heads/master refs/remotes/master [2ms]
2026-06-26 20:49:26.424 [info] > git status -z -uall [8ms]
2026-06-26 20:49:26.425 [info] > git for-each-ref --sort -committerdate --format %(refname)%00%(objectname)%00%(*objectname) [3ms]
2026-06-26 20:49:26.886 [info] > git show --textconv :apps/code-server/docker-compose.yml [9ms]
2026-06-26 20:49:26.888 [info] > git ls-files --stage -- apps/code-server/docker-compose.yml [4ms]
2026-06-26 20:49:26.896 [info] > git cat-file -s 85d5b480d45af3cf6071d676193d78b5ac1cf59d [1ms]
2026-06-26 20:49:31.448 [info] > git config --get commit.template [7ms]
2026-06-26 20:49:31.450 [info] > git for-each-ref --format=%(refname)%00%(upstream:short)%00%(objectname)%00%(upstream:track)%00%(upstream:remotename)%00%(upstream:remoteref) refs/heads/master refs/remotes/master [3ms]
2026-06-26 20:49:31.464 [info] > git status -z -uall [8ms]
2026-06-26 20:49:31.465 [info] > git for-each-ref --sort -committerdate --format %(refname)%00%(objectname)%00%(*objectname) [4ms]
2026-06-26 20:49:36.487 [info] > git config --get commit.template [8ms]
2026-06-26 20:49:36.488 [info] > git for-each-ref --format=%(refname)%00%(upstream:short)%00%(objectname)%00%(upstream:track)%00%(upstream:remotename)%00%(upstream:remoteref) refs/heads/master refs/remotes/master [2ms]
2026-06-26 20:49:36.501 [info] > git status -z -uall [8ms]
2026-06-26 20:49:36.502 [info] > git for-each-ref --sort -committerdate --format %(refname)%00%(objectname)%00%(*objectname) [3ms]
2026-06-26 20:49:41.527 [info] > git config --get commit.template [9ms]
2026-06-26 20:49:41.529 [info] > git for-each-ref --format=%(refname)%00%(upstream:short)%00%(objectname)%00%(upstream:track)%00%(upstream:remotename)%00%(upstream:remoteref) refs/heads/master refs/remotes/master [4ms]
2026-06-26 20:49:41.545 [info] > git status -z -uall [10ms]
2026-06-26 20:49:41.545 [info] > git for-each-ref --sort -committerdate --format %(refname)%00%(objectname)%00%(*objectname) [3ms]
2026-06-26 20:49:53.308 [info] > git config --get commit.template [8ms]
2026-06-26 20:49:53.310 [info] > git for-each-ref --format=%(refname)%00%(upstream:short)%00%(objectname)%00%(upstream:track)%00%(upstream:remotename)%00%(upstream:remoteref) refs/heads/master refs/remotes/master [3ms]
2026-06-26 20:49:53.326 [info] > git status -z -uall [8ms]
2026-06-26 20:49:53.326 [info] > git for-each-ref --sort -committerdate --format %(refname)%00%(objectname)%00%(*objectname) [3ms]
2026-06-26 20:49:58.349 [info] > git config --get commit.template [9ms]
2026-06-26 20:49:58.351 [info] > git for-each-ref --format=%(refname)%00%(upstream:short)%00%(objectname)%00%(upstream:track)%00%(upstream:remotename)%00%(upstream:remoteref) refs/heads/master refs/remotes/master [4ms]
2026-06-26 20:49:58.368 [info] > git status -z -uall [10ms]
2026-06-26 20:49:58.369 [info] > git for-each-ref --sort -committerdate --format %(refname)%00%(objectname)%00%(*objectname) [3ms]
2026-06-26 20:50:03.645 [info] > git config --get commit.template [8ms]
2026-06-26 20:50:03.648 [info] > git for-each-ref --format=%(refname)%00%(upstream:short)%00%(objectname)%00%(upstream:track)%00%(upstream:remotename)%00%(upstream:remoteref) refs/heads/master refs/remotes/master [5ms]
2026-06-26 20:50:03.665 [info] > git status -z -uall [11ms]
2026-06-26 20:50:03.666 [info] > git for-each-ref --sort -committerdate --format %(refname)%00%(objectname)%00%(*objectname) [6ms]
2026-06-26 20:50:08.684 [info] > git config --get commit.template [9ms]
2026-06-26 20:50:08.686 [info] > git for-each-ref --format=%(refname)%00%(upstream:short)%00%(objectname)%00%(upstream:track)%00%(upstream:remotename)%00%(upstream:remoteref) refs/heads/master refs/remotes/master [4ms]
2026-06-26 20:50:08.703 [info] > git for-each-ref --sort -committerdate --format %(refname)%00%(objectname)%00%(*objectname) [3ms]
2026-06-26 20:50:08.703 [info] > git status -z -uall [10ms]
2026-06-26 20:50:13.725 [info] > git config --get commit.template [8ms]
2026-06-26 20:50:13.726 [info] > git for-each-ref --format=%(refname)%00%(upstream:short)%00%(objectname)%00%(upstream:track)%00%(upstream:remotename)%00%(upstream:remoteref) refs/heads/master refs/remotes/master [2ms]
2026-06-26 20:50:13.739 [info] > git status -z -uall [7ms]
2026-06-26 20:50:13.740 [info] > git for-each-ref --sort -committerdate --format %(refname)%00%(objectname)%00%(*objectname) [3ms]
2026-06-26 20:50:18.763 [info] > git config --get commit.template [8ms]
2026-06-26 20:50:18.764 [info] > git for-each-ref --format=%(refname)%00%(upstream:short)%00%(objectname)%00%(upstream:track)%00%(upstream:remotename)%00%(upstream:remoteref) refs/heads/master refs/remotes/master [3ms]
2026-06-26 20:50:18.782 [info] > git status -z -uall [10ms]
2026-06-26 20:50:18.783 [info] > git for-each-ref --sort -committerdate --format %(refname)%00%(objectname)%00%(*objectname) [4ms]
2026-06-26 20:50:24.593 [info] > git config --get commit.template [8ms]
2026-06-26 20:50:24.595 [info] > git for-each-ref --format=%(refname)%00%(upstream:short)%00%(objectname)%00%(upstream:track)%00%(upstream:remotename)%00%(upstream:remoteref) refs/heads/master refs/remotes/master [3ms]
2026-06-26 20:50:24.611 [info] > git status -z -uall [10ms]
2026-06-26 20:50:24.611 [info] > git for-each-ref --sort -committerdate --format %(refname)%00%(objectname)%00%(*objectname) [3ms]
2026-06-26 20:50:24.992 [info] > git show --textconv :infra/portainer/docker-compose.yml [8ms]
2026-06-26 20:50:24.994 [info] > git ls-files --stage -- infra/portainer/docker-compose.yml [3ms]
2026-06-26 20:50:25.003 [info] > git cat-file -s 64f67250757fae0cfa4644dc4e9eac7be858f27b [1ms]
2026-06-26 20:50:29.635 [info] > git config --get commit.template [9ms]
2026-06-26 20:50:29.637 [info] > git for-each-ref --format=%(refname)%00%(upstream:short)%00%(objectname)%00%(upstream:track)%00%(upstream:remotename)%00%(upstream:remoteref) refs/heads/master refs/remotes/master [3ms]
2026-06-26 20:50:29.656 [info] > git for-each-ref --sort -committerdate --format %(refname)%00%(objectname)%00%(*objectname) [4ms]
2026-06-26 20:50:29.657 [info] > git status -z -uall [12ms]
2026-06-26 20:50:34.677 [info] > git config --get commit.template [10ms]
2026-06-26 20:50:34.679 [info] > git for-each-ref --format=%(refname)%00%(upstream:short)%00%(objectname)%00%(upstream:track)%00%(upstream:remotename)%00%(upstream:remoteref) refs/heads/master refs/remotes/master [4ms]
2026-06-26 20:50:34.696 [info] > git status -z -uall [10ms]
2026-06-26 20:50:34.697 [info] > git for-each-ref --sort -committerdate --format %(refname)%00%(objectname)%00%(*objectname) [4ms]
2026-06-26 20:50:39.711 [info] > git config --get commit.template [3ms]
2026-06-26 20:50:39.720 [info] > git for-each-ref --format=%(refname)%00%(upstream:short)%00%(objectname)%00%(upstream:track)%00%(upstream:remotename)%00%(upstream:remoteref) refs/heads/master refs/remotes/master [2ms]
2026-06-26 20:50:39.736 [info] > git status -z -uall [10ms]
2026-06-26 20:50:39.736 [info] > git for-each-ref --sort -committerdate --format %(refname)%00%(objectname)%00%(*objectname) [3ms]
2026-06-26 20:50:44.758 [info] > git config --get commit.template [7ms]
2026-06-26 20:50:44.759 [info] > git for-each-ref --format=%(refname)%00%(upstream:short)%00%(objectname)%00%(upstream:track)%00%(upstream:remotename)%00%(upstream:remoteref) refs/heads/master refs/remotes/master [2ms]
2026-06-26 20:50:44.774 [info] > git status -z -uall [9ms]
2026-06-26 20:50:44.774 [info] > git for-each-ref --sort -committerdate --format %(refname)%00%(objectname)%00%(*objectname) [4ms]
2026-06-26 20:52:17.027 [info] > git config --get commit.template [8ms]
2026-06-26 20:52:17.029 [info] > git for-each-ref --format=%(refname)%00%(upstream:short)%00%(objectname)%00%(upstream:track)%00%(upstream:remotename)%00%(upstream:remoteref) refs/heads/master refs/remotes/master [4ms]
2026-06-26 20:52:17.047 [info] > git status -z -uall [11ms]
2026-06-26 20:52:17.048 [info] > git for-each-ref --sort -committerdate --format %(refname)%00%(objectname)%00%(*objectname) [4ms]
