2026-06-27 02:35:30.758 [info] Extension host with pid 810 started
2026-06-27 02:35:30.758 [error] Error: EEXIST: file already exists, open '/config/data/User/workspaceStorage/55312798/vscode.lock'
2026-06-27 02:35:30.759 [info] Lock '/config/data/User/workspaceStorage/55312798/vscode.lock': Could not acquire lock, checking if the file is stale.
2026-06-27 02:35:30.760 [info] Lock '/config/data/User/workspaceStorage/55312798/vscode.lock': The pid 34703 appears to be gone.
2026-06-27 02:35:30.760 [info] Lock '/config/data/User/workspaceStorage/55312798/vscode.lock': Deleting a stale lock.
2026-06-27 02:35:30.801 [info] Lock '/config/data/User/workspaceStorage/55312798/vscode.lock': Lock acquired.
2026-06-27 02:35:31.428 [info] ExtensionService#_doActivateExtension vscode.emmet, startup: false, activationEvent: 'onLanguage'
2026-06-27 02:35:31.431 [info] ExtensionService#_doActivateExtension ms-azuretools.vscode-containers, startup: false, activationEvent: 'onLanguage:dockercompose'
2026-06-27 02:35:32.480 [info] ExtensionService#_doActivateExtension vscode.git-base, startup: true, activationEvent: '*', root cause: vscode.git
2026-06-27 02:35:32.840 [info] ExtensionService#_doActivateExtension vscode.git, startup: true, activationEvent: '*'
2026-06-27 02:35:32.841 [info] ExtensionService#_doActivateExtension vscode.github, startup: true, activationEvent: '*'
2026-06-27 02:35:33.316 [info] ExtensionService#_doActivateExtension vscode.terminal-suggest, startup: false, activationEvent: 'onTerminalShellIntegration:*'
2026-06-27 02:35:33.640 [info] Eager extensions activated
2026-06-27 02:35:33.641 [info] ExtensionService#_doActivateExtension vscode.debug-auto-launch, startup: false, activationEvent: 'onStartupFinished'
2026-06-27 02:35:33.641 [info] ExtensionService#_doActivateExtension vscode.merge-conflict, startup: false, activationEvent: 'onStartupFinished'
2026-06-27 02:35:34.191 [info] ExtensionService#_doActivateExtension vscode.github-authentication, startup: false, activationEvent: 'onAuthenticationRequest:github'
2026-06-27 02:35:48.729 [info] ExtensionService#_doActivateExtension vscode.npm, startup: false, activationEvent: 'onTerminalQuickFixRequest:ms-vscode.npm-command'
2026-06-27 02:35:55.531 [info] ExtensionService#_doActivateExtension vscode.configuration-editing, startup: false, activationEvent: 'onLanguage:json'
2026-06-27 02:35:55.532 [info] ExtensionService#_doActivateExtension vscode.extension-editing, startup: false, activationEvent: 'onLanguage:json'
2026-06-27 02:35:55.532 [info] ExtensionService#_doActivateExtension vscode.json-language-features, startup: false, activationEvent: 'onLanguage:json'
