2026-06-27 02:08:51.586 [info] [main] Log level: Info
2026-06-27 02:08:51.586 [info] [main] Validating found git in: "git"
2026-06-27 02:08:51.586 [info] [main] Using git "2.43.0" from "git"
2026-06-27 02:08:51.586 [info] [Model][doInitialScan] Initial repository scan started
2026-06-27 02:08:51.586 [info] > git rev-parse --show-toplevel [3ms]
2026-06-27 02:08:51.586 [info] > git rev-parse --git-dir --git-common-dir --show-superproject-working-tree [4ms]
2026-06-27 02:08:51.586 [info] [Model][openRepository] Opened repository (path): /home/kraddy/homelab
2026-06-27 02:08:51.586 [info] [Model][openRepository] Opened repository (real path): /home/kraddy/homelab
2026-06-27 02:08:51.586 [info] [Model][openRepository] Opened repository (kind): repository
2026-06-27 02:08:51.586 [info] > git config --get commit.template [6ms]
2026-06-27 02:08:51.586 [info] > git rev-parse --show-toplevel [3ms]
2026-06-27 02:08:51.586 [info] > git rev-parse --show-toplevel [3ms]
2026-06-27 02:08:51.586 [info] [Model][doInitialScan] Initial repository scan completed - repositories (1), closed repositories (0), parent repositories (0), unsafe repositories (0)
2026-06-27 02:08:51.586 [info] > git for-each-ref --format=%(refname)%00%(upstream:short)%00%(objectname)%00%(upstream:track)%00%(upstream:remotename)%00%(upstream:remoteref) refs/heads/master refs/remotes/master [14ms]
2026-06-27 02:08:51.586 [info] > git for-each-ref --sort -committerdate --format %(refname)%00%(objectname)%00%(*objectname) [2ms]
2026-06-27 02:08:51.586 [info] > git status -z -uall [10ms]
2026-06-27 02:08:51.586 [info] > git for-each-ref --format=%(refname)%00%(upstream:short)%00%(objectname)%00%(upstream:track)%00%(upstream:remotename)%00%(upstream:remoteref) refs/heads/master refs/remotes/master [82ms]
2026-06-27 02:08:51.586 [info] > git config --get commit.template [8ms]
2026-06-27 02:08:51.586 [info] > git config --get --local branch.master.vscode-merge-base [3ms]
2026-06-27 02:08:51.586 [warning] [Git][config] git config failed: Failed to execute git
2026-06-27 02:08:51.586 [info] > git reflog master --grep-reflog=branch: Created from *. [6ms]
2026-06-27 02:08:51.586 [info] > git for-each-ref --format=%(refname)%00%(upstream:short)%00%(objectname)%00%(upstream:track)%00%(upstream:remotename)%00%(upstream:remoteref) refs/heads/master refs/remotes/master [5ms]
2026-06-27 02:08:51.586 [info] > git symbolic-ref --short refs/remotes/origin/HEAD [2ms]
2026-06-27 02:08:51.586 [info] fatal: ref refs/remotes/origin/HEAD is not a symbolic ref
2026-06-27 02:08:51.587 [warning] [Repository][getDefaultBranch] Failed to get default branch details: Failed to execute git.
2026-06-27 02:08:51.587 [info] > git merge-base refs/heads/master refs/remotes/origin/master [12ms]
2026-06-27 02:08:51.587 [info] > git status -z -uall [14ms]
2026-06-27 02:08:51.587 [info] > git for-each-ref --sort -committerdate --format %(refname)%00%(objectname)%00%(*objectname) [10ms]
2026-06-27 02:08:51.587 [info] > git diff --name-status -z --diff-filter=ADMR af56fc5fa72047d9dd5348df51ce47913cef5f54...refs/remotes/origin/master [16ms]
2026-06-27 02:08:51.587 [info] > git merge-base refs/heads/master refs/remotes/origin/master [4ms]
2026-06-27 02:08:51.587 [info] > git diff --name-status -z --diff-filter=ADMR af56fc5fa72047d9dd5348df51ce47913cef5f54...refs/remotes/origin/master [4ms]
2026-06-27 02:08:52.095 [info] > git check-ignore -v -z --stdin [6ms]
2026-06-27 02:09:05.707 [info] > git check-ignore -v -z --stdin [8ms]
2026-06-27 02:09:06.629 [info] > git show --textconv :plan.md [7ms]
2026-06-27 02:09:06.637 [info] > git ls-files --stage -- plan.md [9ms]
2026-06-27 02:09:06.644 [info] > git hash-object -t tree /dev/null [8ms]
2026-06-27 02:09:06.645 [warning] [GitFileSystemProvider][readFile] File not found - git:/home/kraddy/homelab/plan.md.git?%7B%22path%22%3A%22%2Fhome%2Fkraddy%2Fhomelab%2Fplan.md%22%2C%22ref%22%3A%22%22%7D
2026-06-27 02:09:06.647 [info] > git hash-object -t tree /dev/null [3ms]
2026-06-27 02:09:06.647 [warning] [GitFileSystemProvider][stat] File not found - git:/home/kraddy/homelab/plan.md.git?%7B%22path%22%3A%22%2Fhome%2Fkraddy%2Fhomelab%2Fplan.md%22%2C%22ref%22%3A%22%22%7D
2026-06-27 02:09:07.197 [info] > git blame --root --incremental af56fc5fa72047d9dd5348df51ce47913cef5f54 -- plan.md [6ms]
2026-06-27 02:09:07.197 [info] fatal: no such path plan.md in af56fc5fa72047d9dd5348df51ce47913cef5f54
2026-06-27 02:09:09.720 [info] > git config --get commit.template [7ms]
2026-06-27 02:09:09.732 [info] > git for-each-ref --format=%(refname)%00%(upstream:short)%00%(objectname)%00%(upstream:track)%00%(upstream:remotename)%00%(upstream:remoteref) refs/heads/master refs/remotes/master [4ms]
2026-06-27 02:09:09.776 [info] > git for-each-ref --sort -committerdate --format %(refname)%00%(objectname)%00%(*objectname) [12ms]
2026-06-27 02:09:09.790 [info] > git status -z -uall [50ms]
2026-06-27 02:09:17.829 [info] > git log --format=%H%n%aN%n%aE%n%at%n%ct%n%P%n%D%n%B -z --shortstat --diff-merges=first-parent -n50 --skip=0 --topo-order --decorate=full --stdin [280ms]
2026-06-27 02:09:18.197 [info] > git check-ignore -v -z --stdin [5ms]
2026-06-27 02:09:25.036 [info] > git add -A -- . [47ms]
2026-06-27 02:09:25.071 [info] > git -c user.useConfigOnly=true commit --quiet --allow-empty-message --file - [29ms]
2026-06-27 02:09:25.071 [info] Author identity unknown

*** Please tell me who you are.

Run

  git config --global user.email "you@example.com"
  git config --global user.name "Your Name"

to set your account's default identity.
Omit --global to set the identity only in this repository.

fatal: no email was given and auto-detection is disabled
2026-06-27 02:09:25.079 [info] > git config --get-all user.name [3ms]
2026-06-27 02:09:25.090 [info] > git config --get commit.template [6ms]
2026-06-27 02:09:25.092 [info] > git for-each-ref --format=%(refname)%00%(upstream:short)%00%(objectname)%00%(upstream:track)%00%(upstream:remotename)%00%(upstream:remoteref) refs/heads/master refs/remotes/master [3ms]
2026-06-27 02:09:25.107 [info] > git for-each-ref --sort -committerdate --format %(refname)%00%(objectname)%00%(*objectname) [5ms]
2026-06-27 02:09:25.122 [info] > git status -z -uall [25ms]
2026-06-27 02:09:26.051 [info] > git check-ignore -v -z --stdin [2ms]
2026-06-27 02:09:26.778 [info] > git show --textconv :plan.md [19ms]
2026-06-27 02:09:26.778 [info] > git show --textconv HEAD:plan.md [13ms]
2026-06-27 02:09:26.779 [info] > git ls-files --stage -- plan.md [8ms]
2026-06-27 02:09:26.784 [warning] [GitFileSystemProvider][readFile] File not found - git:/home/kraddy/homelab/plan.md.git?%7B%22path%22%3A%22%2Fhome%2Fkraddy%2Fhomelab%2Fplan.md%22%2C%22ref%22%3A%22HEAD%22%7D
2026-06-27 02:09:26.790 [info] > git cat-file -s b542728a10a9b20c8b15c72f529e300de94b41b0 [7ms]
2026-06-27 02:09:26.791 [info] > git ls-tree -l HEAD -- plan.md [15ms]
2026-06-27 02:09:26.792 [warning] [GitFileSystemProvider][stat] File not found - git:/home/kraddy/homelab/plan.md.git?%7B%22path%22%3A%22%2Fhome%2Fkraddy%2Fhomelab%2Fplan.md%22%2C%22ref%22%3A%22HEAD%22%7D
2026-06-27 02:09:27.044 [info] > git ls-files --stage -- plan.md [4ms]
2026-06-27 02:09:27.051 [info] > git cat-file -s b542728a10a9b20c8b15c72f529e300de94b41b0 [2ms]
2026-06-27 02:13:21.229 [info] > git -c user.useConfigOnly=true commit --quiet --allow-empty-message --file - [61ms]
2026-06-27 02:13:21.238 [info] > git config --get commit.template [2ms]
2026-06-27 02:13:21.258 [info] > git config --get commit.template [9ms]
2026-06-27 02:13:21.259 [info] > git for-each-ref --format=%(refname)%00%(upstream:short)%00%(objectname)%00%(upstream:track)%00%(upstream:remotename)%00%(upstream:remoteref) refs/heads/master refs/remotes/master [3ms]
2026-06-27 02:13:21.276 [info] > git for-each-ref --sort -committerdate --format %(refname)%00%(objectname)%00%(*objectname) [2ms]
2026-06-27 02:13:21.278 [info] > git status -z -uall [13ms]
2026-06-27 02:13:21.305 [info] > git merge-base refs/heads/master refs/remotes/origin/master [4ms]
2026-06-27 02:13:21.311 [info] > git blame --root --incremental 033f21250a73a04af595ba8ddc4582f34b891e04 -- plan.md [22ms]
2026-06-27 02:13:21.315 [info] > git diff --name-status -z --diff-filter=ADMR af56fc5fa72047d9dd5348df51ce47913cef5f54...refs/remotes/origin/master [5ms]
2026-06-27 02:13:21.802 [info] > git config --get commit.template [7ms]
2026-06-27 02:13:21.805 [info] > git for-each-ref --format=%(refname)%00%(upstream:short)%00%(objectname)%00%(upstream:track)%00%(upstream:remotename)%00%(upstream:remoteref) refs/heads/master refs/remotes/master [3ms]
2026-06-27 02:13:21.823 [info] > git for-each-ref --sort -committerdate --format %(refname)%00%(objectname)%00%(*objectname) [4ms]
2026-06-27 02:13:21.825 [info] > git status -z -uall [15ms]
2026-06-27 02:13:21.919 [info] > git log --format=%H%n%aN%n%aE%n%at%n%ct%n%P%n%D%n%B -z --shortstat --diff-merges=first-parent -n50 --skip=0 --topo-order --decorate=full --stdin [143ms]
2026-06-27 02:13:22.054 [info] > git config --get commit.template [9ms]
2026-06-27 02:13:22.055 [info] > git for-each-ref --format=%(refname)%00%(upstream:short)%00%(objectname)%00%(upstream:track)%00%(upstream:remotename)%00%(upstream:remoteref) refs/heads/master refs/remotes/master [4ms]
2026-06-27 02:13:22.072 [info] > git for-each-ref --sort -committerdate --format %(refname)%00%(objectname)%00%(*objectname) [3ms]
2026-06-27 02:13:22.075 [info] > git status -z -uall [13ms]
2026-06-27 02:13:22.338 [info] > git check-ignore -v -z --stdin [5ms]
2026-06-27 02:13:22.916 [info] > git ls-files --stage -- plan.md [2ms]
2026-06-27 02:13:22.923 [info] > git cat-file -s b542728a10a9b20c8b15c72f529e300de94b41b0 [2ms]
2026-06-27 02:13:23.148 [info] > git show --textconv :plan.md [2ms]
2026-06-27 02:13:36.029 [info] > git add -A -- . [13ms]
2026-06-27 02:13:37.446 [info] > git check-ignore -v -z --stdin [3ms]
2026-06-27 02:13:37.511 [info] > git show --textconv :.git/COMMIT_EDITMSG [6ms]
2026-06-27 02:13:37.512 [warning] [GitFileSystemProvider][readFile] File not found - git:/home/kraddy/homelab/.git/COMMIT_EDITMSG.git?%7B%22path%22%3A%22%2Fhome%2Fkraddy%2Fhomelab%2F.git%2FCOMMIT_EDITMSG%22%2C%22ref%22%3A%22%22%7D
2026-06-27 02:13:37.514 [info] > git ls-files --stage -- .git/COMMIT_EDITMSG [4ms]
2026-06-27 02:13:37.514 [warning] [GitFileSystemProvider][stat] File not found - git:/home/kraddy/homelab/.git/COMMIT_EDITMSG.git?%7B%22path%22%3A%22%2Fhome%2Fkraddy%2Fhomelab%2F.git%2FCOMMIT_EDITMSG%22%2C%22ref%22%3A%22%22%7D
2026-06-27 02:13:45.822 [info] > git -c user.useConfigOnly=true commit --quiet [9788ms]
2026-06-27 02:13:45.822 [info] Aborting commit due to empty commit message.
2026-06-27 02:13:45.834 [info] > git config --get commit.template [7ms]
2026-06-27 02:13:45.836 [info] > git for-each-ref --format=%(refname)%00%(upstream:short)%00%(objectname)%00%(upstream:track)%00%(upstream:remotename)%00%(upstream:remoteref) refs/heads/master refs/remotes/master [2ms]
2026-06-27 02:13:45.850 [info] > git for-each-ref --sort -committerdate --format %(refname)%00%(objectname)%00%(*objectname) [3ms]
2026-06-27 02:13:45.854 [info] > git status -z -uall [13ms]
2026-06-27 02:13:45.878 [info] > git config --get commit.template [9ms]
2026-06-27 02:13:45.879 [info] > git for-each-ref --format=%(refname)%00%(upstream:short)%00%(objectname)%00%(upstream:track)%00%(upstream:remotename)%00%(upstream:remoteref) refs/heads/master refs/remotes/master [5ms]
2026-06-27 02:13:45.893 [info] > git for-each-ref --sort -committerdate --format %(refname)%00%(objectname)%00%(*objectname) [2ms]
2026-06-27 02:13:45.896 [info] > git status -z -uall [11ms]
2026-06-27 02:13:46.529 [info] > git show --textconv :plan.md [6ms]
2026-06-27 02:13:46.532 [info] > git ls-files --stage -- plan.md [4ms]
2026-06-27 02:13:46.541 [info] > git cat-file -s b542728a10a9b20c8b15c72f529e300de94b41b0 [3ms]
2026-06-27 02:13:54.675 [info] > git -c user.useConfigOnly=true commit --quiet --allow-empty-message --file - [11ms]
2026-06-27 02:13:54.682 [info] > git config --get commit.template [2ms]
2026-06-27 02:13:54.693 [info] > git config --get commit.template [3ms]
2026-06-27 02:13:54.703 [info] > git for-each-ref --format=%(refname)%00%(upstream:short)%00%(objectname)%00%(upstream:track)%00%(upstream:remotename)%00%(upstream:remoteref) refs/heads/master refs/remotes/master [4ms]
2026-06-27 02:13:54.723 [info] > git status -z -uall [12ms]
2026-06-27 02:13:54.724 [info] > git for-each-ref --sort -committerdate --format %(refname)%00%(objectname)%00%(*objectname) [4ms]
2026-06-27 02:13:54.756 [info] > git blame --root --incremental 4f3f34b08283a971f317c92f8bcdff561e947049 -- plan.md [23ms]
2026-06-27 02:13:54.757 [info] > git merge-base refs/heads/master refs/remotes/origin/master [10ms]
2026-06-27 02:13:54.766 [info] > git diff --name-status -z --diff-filter=ADMR af56fc5fa72047d9dd5348df51ce47913cef5f54...refs/remotes/origin/master [3ms]
2026-06-27 02:13:55.023 [info] > git config --get commit.template [10ms]
2026-06-27 02:13:55.024 [info] > git for-each-ref --format=%(refname)%00%(upstream:short)%00%(objectname)%00%(upstream:track)%00%(upstream:remotename)%00%(upstream:remoteref) refs/heads/master refs/remotes/master [4ms]
2026-06-27 02:13:55.041 [info] > git for-each-ref --sort -committerdate --format %(refname)%00%(objectname)%00%(*objectname) [3ms]
2026-06-27 02:13:55.042 [info] > git status -z -uall [12ms]
2026-06-27 02:13:55.142 [info] > git log --format=%H%n%aN%n%aE%n%at%n%ct%n%P%n%D%n%B -z --shortstat --diff-merges=first-parent -n50 --skip=0 --topo-order --decorate=full --stdin [149ms]
2026-06-27 02:13:56.340 [info] > git ls-files --stage -- plan.md [3ms]
2026-06-27 02:13:56.348 [info] > git cat-file -s b542728a10a9b20c8b15c72f529e300de94b41b0 [2ms]
2026-06-27 02:13:56.569 [info] > git show --textconv :plan.md [4ms]
2026-06-27 02:14:19.077 [info] > git add -A -- . [14ms]
2026-06-27 02:14:19.096 [info] > git -c user.useConfigOnly=true commit --quiet --allow-empty-message --file - [14ms]
2026-06-27 02:14:19.104 [info] > git config --get commit.template [2ms]
2026-06-27 02:14:19.117 [info] > git config --get commit.template [6ms]
2026-06-27 02:14:19.120 [info] > git for-each-ref --format=%(refname)%00%(upstream:short)%00%(objectname)%00%(upstream:track)%00%(upstream:remotename)%00%(upstream:remoteref) refs/heads/master refs/remotes/master [3ms]
2026-06-27 02:14:19.134 [info] > git for-each-ref --sort -committerdate --format %(refname)%00%(objectname)%00%(*objectname) [3ms]
2026-06-27 02:14:19.138 [info] > git status -z -uall [12ms]
2026-06-27 02:14:19.179 [info] > git merge-base refs/heads/master refs/remotes/origin/master [15ms]
2026-06-27 02:14:19.188 [info] > git blame --root --incremental f038b83a9c80d7cefa138b529b44fb1a6a9e7bae -- plan.md [37ms]
2026-06-27 02:14:19.192 [info] > git diff --name-status -z --diff-filter=ADMR af56fc5fa72047d9dd5348df51ce47913cef5f54...refs/remotes/origin/master [5ms]
2026-06-27 02:14:19.455 [info] > git config --get commit.template [8ms]
2026-06-27 02:14:19.456 [info] > git for-each-ref --format=%(refname)%00%(upstream:short)%00%(objectname)%00%(upstream:track)%00%(upstream:remotename)%00%(upstream:remoteref) refs/heads/master refs/remotes/master [3ms]
2026-06-27 02:14:19.472 [info] > git for-each-ref --sort -committerdate --format %(refname)%00%(objectname)%00%(*objectname) [3ms]
2026-06-27 02:14:19.473 [info] > git status -z -uall [12ms]
2026-06-27 02:14:19.496 [info] > git config --get commit.template [7ms]
2026-06-27 02:14:19.498 [info] > git for-each-ref --format=%(refname)%00%(upstream:short)%00%(objectname)%00%(upstream:track)%00%(upstream:remotename)%00%(upstream:remoteref) refs/heads/master refs/remotes/master [3ms]
2026-06-27 02:14:19.514 [info] > git for-each-ref --sort -committerdate --format %(refname)%00%(objectname)%00%(*objectname) [3ms]
2026-06-27 02:14:19.515 [info] > git status -z -uall [12ms]
2026-06-27 02:14:19.579 [info] > git log --format=%H%n%aN%n%aE%n%at%n%ct%n%P%n%D%n%B -z --shortstat --diff-merges=first-parent -n50 --skip=0 --topo-order --decorate=full --stdin [140ms]
2026-06-27 02:14:20.897 [info] > git ls-files --stage -- plan.md [3ms]
2026-06-27 02:14:20.906 [info] > git cat-file -s b542728a10a9b20c8b15c72f529e300de94b41b0 [2ms]
2026-06-27 02:14:21.165 [info] > git show --textconv :plan.md [3ms]
2026-06-27 02:14:40.306 [info] > git log --format=%H%n%aN%n%aE%n%at%n%ct%n%P%n%D%n%B -z --shortstat --diff-merges=first-parent -n50 --skip=0 --topo-order --decorate=full --stdin [129ms]
2026-06-27 02:16:10.073 [info] > git check-ignore -v -z --stdin [3ms]
2026-06-27 02:16:13.415 [info] > git show --textconv :apps/code-server/docker-compose.yml [8ms]
2026-06-27 02:16:13.416 [info] > git ls-files --stage -- apps/code-server/docker-compose.yml [3ms]
2026-06-27 02:16:13.424 [info] > git cat-file -s 2b27472fcd0ae783e93ecba1b508d2c8ef95661c [3ms]
2026-06-27 02:16:15.501 [info] > git blame --root --incremental f038b83a9c80d7cefa138b529b44fb1a6a9e7bae -- apps/code-server/docker-compose.yml [4ms]
2026-06-27 02:16:16.873 [info] > git config --get commit.template [11ms]
2026-06-27 02:16:16.879 [info] > git for-each-ref --format=%(refname)%00%(upstream:short)%00%(objectname)%00%(upstream:track)%00%(upstream:remotename)%00%(upstream:remoteref) refs/heads/master refs/remotes/master [7ms]
2026-06-27 02:16:16.926 [info] > git status -z -uall [31ms]
2026-06-27 02:16:16.927 [info] > git for-each-ref --sort -committerdate --format %(refname)%00%(objectname)%00%(*objectname) [10ms]
