2026-06-26 21:33:07.052 [info] [main] Log level: Info
2026-06-26 21:33:07.052 [info] [main] Validating found git in: "git"
2026-06-26 21:33:07.052 [info] [main] Using git "2.43.0" from "git"
2026-06-26 21:33:07.052 [info] [Model][doInitialScan] Initial repository scan started
2026-06-26 21:33:07.052 [info] > git rev-parse --show-toplevel [17ms]
2026-06-26 21:33:07.052 [info] > git rev-parse --git-dir --git-common-dir --show-superproject-working-tree [4ms]
2026-06-26 21:33:07.052 [info] [Model][openRepository] Opened repository (path): /home/kraddy/homelab
2026-06-26 21:33:07.052 [info] [Model][openRepository] Opened repository (real path): /home/kraddy/homelab
2026-06-26 21:33:07.052 [info] [Model][openRepository] Opened repository (kind): repository
2026-06-26 21:33:07.052 [info] > git config --get commit.template [7ms]
2026-06-26 21:33:07.052 [info] > git rev-parse --show-toplevel [4ms]
2026-06-26 21:33:07.052 [info] > git for-each-ref --format=%(refname)%00%(upstream:short)%00%(objectname)%00%(upstream:track)%00%(upstream:remotename)%00%(upstream:remoteref) refs/heads/master refs/remotes/master [8ms]
2026-06-26 21:33:07.052 [info] > git rev-parse --show-toplevel [3ms]
2026-06-26 21:33:07.052 [info] > git status -z -uall [10ms]
2026-06-26 21:33:07.052 [info] > git rev-parse --show-toplevel [16ms]
2026-06-26 21:33:07.052 [info] [Model][doInitialScan] Initial repository scan completed - repositories (1), closed repositories (0), parent repositories (0), unsafe repositories (0)
2026-06-26 21:33:07.052 [info] > git for-each-ref --sort -committerdate --format %(refname)%00%(objectname)%00%(*objectname) [7ms]
2026-06-26 21:33:07.052 [info] > git for-each-ref --format=%(refname)%00%(upstream:short)%00%(objectname)%00%(upstream:track)%00%(upstream:remotename)%00%(upstream:remoteref) refs/heads/master refs/remotes/master [57ms]
2026-06-26 21:33:07.052 [info] > git config --get commit.template [14ms]
2026-06-26 21:33:07.052 [info] > git config --get --local branch.master.vscode-merge-base [3ms]
2026-06-26 21:33:07.052 [warning] [Git][config] git config failed: Failed to execute git
2026-06-26 21:33:07.052 [info] > git reflog master --grep-reflog=branch: Created from *. [8ms]
2026-06-26 21:33:07.052 [info] > git for-each-ref --format=%(refname)%00%(upstream:short)%00%(objectname)%00%(upstream:track)%00%(upstream:remotename)%00%(upstream:remoteref) refs/heads/master refs/remotes/master [9ms]
2026-06-26 21:33:07.052 [info] > git symbolic-ref --short refs/remotes/origin/HEAD [3ms]
2026-06-26 21:33:07.052 [info] fatal: ref refs/remotes/origin/HEAD is not a symbolic ref
2026-06-26 21:33:07.052 [warning] [Repository][getDefaultBranch] Failed to get default branch details: Failed to execute git.
2026-06-26 21:33:07.052 [info] > git merge-base refs/heads/master refs/remotes/origin/master [7ms]
2026-06-26 21:33:07.052 [info] > git diff --name-status -z --diff-filter=ADMR af56fc5fa72047d9dd5348df51ce47913cef5f54...refs/remotes/origin/master [15ms]
2026-06-26 21:33:07.052 [info] > git for-each-ref --sort -committerdate --format %(refname)%00%(objectname)%00%(*objectname) [4ms]
2026-06-26 21:33:07.052 [info] > git status -z -uall [12ms]
2026-06-26 21:33:07.271 [info] > git show --textconv :infra/portainer/docker-compose.yml [10ms]
2026-06-26 21:33:07.272 [info] > git ls-files --stage -- infra/portainer/docker-compose.yml [3ms]
2026-06-26 21:33:07.280 [info] > git cat-file -s 64f67250757fae0cfa4644dc4e9eac7be858f27b [2ms]
2026-06-26 21:33:07.460 [info] > git blame --root --incremental af56fc5fa72047d9dd5348df51ce47913cef5f54 -- infra/portainer/docker-compose.yml [7ms]
2026-06-26 21:33:07.566 [info] > git check-ignore -v -z --stdin [3ms]
2026-06-26 21:33:09.678 [info] > git config --get commit.template [13ms]
2026-06-26 21:33:09.678 [info] > git for-each-ref --format=%(refname)%00%(upstream:short)%00%(objectname)%00%(upstream:track)%00%(upstream:remotename)%00%(upstream:remoteref) refs/heads/master refs/remotes/master [8ms]
2026-06-26 21:33:09.693 [info] > git status -z -uall [8ms]
2026-06-26 21:33:09.696 [info] > git for-each-ref --sort -committerdate --format %(refname)%00%(objectname)%00%(*objectname) [3ms]
2026-06-26 21:33:14.726 [info] > git config --get commit.template [11ms]
2026-06-26 21:33:14.728 [info] > git for-each-ref --format=%(refname)%00%(upstream:short)%00%(objectname)%00%(upstream:track)%00%(upstream:remotename)%00%(upstream:remoteref) refs/heads/master refs/remotes/master [4ms]
2026-06-26 21:33:14.747 [info] > git status -z -uall [11ms]
2026-06-26 21:33:14.749 [info] > git for-each-ref --sort -committerdate --format %(refname)%00%(objectname)%00%(*objectname) [5ms]
2026-06-26 21:33:19.772 [info] > git config --get commit.template [10ms]
2026-06-26 21:33:19.774 [info] > git for-each-ref --format=%(refname)%00%(upstream:short)%00%(objectname)%00%(upstream:track)%00%(upstream:remotename)%00%(upstream:remoteref) refs/heads/master refs/remotes/master [3ms]
2026-06-26 21:33:19.793 [info] > git status -z -uall [11ms]
2026-06-26 21:33:19.795 [info] > git for-each-ref --sort -committerdate --format %(refname)%00%(objectname)%00%(*objectname) [5ms]
2026-06-26 21:33:24.822 [info] > git config --get commit.template [9ms]
2026-06-26 21:33:24.824 [info] > git for-each-ref --format=%(refname)%00%(upstream:short)%00%(objectname)%00%(upstream:track)%00%(upstream:remotename)%00%(upstream:remoteref) refs/heads/master refs/remotes/master [3ms]
2026-06-26 21:33:24.839 [info] > git status -z -uall [8ms]
2026-06-26 21:33:24.840 [info] > git for-each-ref --sort -committerdate --format %(refname)%00%(objectname)%00%(*objectname) [3ms]
2026-06-26 21:33:29.871 [info] > git config --get commit.template [10ms]
2026-06-26 21:33:29.872 [info] > git for-each-ref --format=%(refname)%00%(upstream:short)%00%(objectname)%00%(upstream:track)%00%(upstream:remotename)%00%(upstream:remoteref) refs/heads/master refs/remotes/master [4ms]
2026-06-26 21:33:29.890 [info] > git status -z -uall [10ms]
2026-06-26 21:33:29.893 [info] > git for-each-ref --sort -committerdate --format %(refname)%00%(objectname)%00%(*objectname) [6ms]
2026-06-26 21:33:34.926 [info] > git config --get commit.template [9ms]
2026-06-26 21:33:34.927 [info] > git for-each-ref --format=%(refname)%00%(upstream:short)%00%(objectname)%00%(upstream:track)%00%(upstream:remotename)%00%(upstream:remoteref) refs/heads/master refs/remotes/master [3ms]
2026-06-26 21:33:34.946 [info] > git status -z -uall [11ms]
2026-06-26 21:33:34.946 [info] > git for-each-ref --sort -committerdate --format %(refname)%00%(objectname)%00%(*objectname) [4ms]
2026-06-26 21:36:04.818 [info] > git config --get commit.template [7ms]
2026-06-26 21:36:04.819 [info] > git for-each-ref --format=%(refname)%00%(upstream:short)%00%(objectname)%00%(upstream:track)%00%(upstream:remotename)%00%(upstream:remoteref) refs/heads/master refs/remotes/master [2ms]
2026-06-26 21:36:04.836 [info] > git status -z -uall [10ms]
2026-06-26 21:36:04.836 [info] > git for-each-ref --sort -committerdate --format %(refname)%00%(objectname)%00%(*objectname) [5ms]
2026-06-26 21:40:36.123 [info] > git config --get commit.template [7ms]
2026-06-26 21:40:36.124 [info] > git for-each-ref --format=%(refname)%00%(upstream:short)%00%(objectname)%00%(upstream:track)%00%(upstream:remotename)%00%(upstream:remoteref) refs/heads/master refs/remotes/master [2ms]
2026-06-26 21:40:36.139 [info] > git status -z -uall [9ms]
2026-06-26 21:40:36.140 [info] > git for-each-ref --sort -committerdate --format %(refname)%00%(objectname)%00%(*objectname) [4ms]
2026-06-26 21:40:41.163 [info] > git config --get commit.template [8ms]
2026-06-26 21:40:41.165 [info] > git for-each-ref --format=%(refname)%00%(upstream:short)%00%(objectname)%00%(upstream:track)%00%(upstream:remotename)%00%(upstream:remoteref) refs/heads/master refs/remotes/master [3ms]
2026-06-26 21:40:41.184 [info] > git status -z -uall [11ms]
2026-06-26 21:40:41.184 [info] > git for-each-ref --sort -committerdate --format %(refname)%00%(objectname)%00%(*objectname) [3ms]
2026-06-26 21:44:02.904 [info] > git config --get commit.template [9ms]
2026-06-26 21:44:02.905 [info] > git for-each-ref --format=%(refname)%00%(upstream:short)%00%(objectname)%00%(upstream:track)%00%(upstream:remotename)%00%(upstream:remoteref) refs/heads/master refs/remotes/master [2ms]
2026-06-26 21:44:02.929 [info] > git status -z -uall [18ms]
2026-06-26 21:44:02.932 [info] > git for-each-ref --sort -committerdate --format %(refname)%00%(objectname)%00%(*objectname) [5ms]
2026-06-26 21:48:22.722 [info] > git config --get commit.template [8ms]
2026-06-26 21:48:22.723 [info] > git for-each-ref --format=%(refname)%00%(upstream:short)%00%(objectname)%00%(upstream:track)%00%(upstream:remotename)%00%(upstream:remoteref) refs/heads/master refs/remotes/master [2ms]
2026-06-26 21:48:22.739 [info] > git status -z -uall [10ms]
2026-06-26 21:48:22.740 [info] > git for-each-ref --sort -committerdate --format %(refname)%00%(objectname)%00%(*objectname) [5ms]
2026-06-26 21:48:27.766 [info] > git config --get commit.template [8ms]
2026-06-26 21:48:27.768 [info] > git for-each-ref --format=%(refname)%00%(upstream:short)%00%(objectname)%00%(upstream:track)%00%(upstream:remotename)%00%(upstream:remoteref) refs/heads/master refs/remotes/master [3ms]
2026-06-26 21:48:27.785 [info] > git status -z -uall [9ms]
2026-06-26 21:48:27.786 [info] > git for-each-ref --sort -committerdate --format %(refname)%00%(objectname)%00%(*objectname) [4ms]
2026-06-26 21:48:32.810 [info] > git config --get commit.template [8ms]
2026-06-26 21:48:32.812 [info] > git for-each-ref --format=%(refname)%00%(upstream:short)%00%(objectname)%00%(upstream:track)%00%(upstream:remotename)%00%(upstream:remoteref) refs/heads/master refs/remotes/master [3ms]
2026-06-26 21:48:32.831 [info] > git for-each-ref --sort -committerdate --format %(refname)%00%(objectname)%00%(*objectname) [3ms]
2026-06-26 21:48:32.832 [info] > git status -z -uall [12ms]
2026-06-26 21:48:37.859 [info] > git config --get commit.template [9ms]
2026-06-26 21:48:37.861 [info] > git for-each-ref --format=%(refname)%00%(upstream:short)%00%(objectname)%00%(upstream:track)%00%(upstream:remotename)%00%(upstream:remoteref) refs/heads/master refs/remotes/master [3ms]
2026-06-26 21:48:37.879 [info] > git status -z -uall [11ms]
2026-06-26 21:48:37.881 [info] > git for-each-ref --sort -committerdate --format %(refname)%00%(objectname)%00%(*objectname) [5ms]
2026-06-26 21:48:42.907 [info] > git config --get commit.template [9ms]
2026-06-26 21:48:42.909 [info] > git for-each-ref --format=%(refname)%00%(upstream:short)%00%(objectname)%00%(upstream:track)%00%(upstream:remotename)%00%(upstream:remoteref) refs/heads/master refs/remotes/master [3ms]
2026-06-26 21:48:42.928 [info] > git for-each-ref --sort -committerdate --format %(refname)%00%(objectname)%00%(*objectname) [2ms]
2026-06-26 21:48:42.929 [info] > git status -z -uall [11ms]
2026-06-26 21:48:47.957 [info] > git config --get commit.template [11ms]
2026-06-26 21:48:47.959 [info] > git for-each-ref --format=%(refname)%00%(upstream:short)%00%(objectname)%00%(upstream:track)%00%(upstream:remotename)%00%(upstream:remoteref) refs/heads/master refs/remotes/master [2ms]
2026-06-26 21:48:47.973 [info] > git status -z -uall [8ms]
2026-06-26 21:48:47.974 [info] > git for-each-ref --sort -committerdate --format %(refname)%00%(objectname)%00%(*objectname) [4ms]
2026-06-26 21:48:52.998 [info] > git config --get commit.template [8ms]
2026-06-26 21:48:53.000 [info] > git for-each-ref --format=%(refname)%00%(upstream:short)%00%(objectname)%00%(upstream:track)%00%(upstream:remotename)%00%(upstream:remoteref) refs/heads/master refs/remotes/master [3ms]
2026-06-26 21:48:53.021 [info] > git for-each-ref --sort -committerdate --format %(refname)%00%(objectname)%00%(*objectname) [3ms]
2026-06-26 21:48:53.021 [info] > git status -z -uall [13ms]
2026-06-26 21:48:58.047 [info] > git config --get commit.template [8ms]
2026-06-26 21:48:58.050 [info] > git for-each-ref --format=%(refname)%00%(upstream:short)%00%(objectname)%00%(upstream:track)%00%(upstream:remotename)%00%(upstream:remoteref) refs/heads/master refs/remotes/master [4ms]
2026-06-26 21:48:58.070 [info] > git for-each-ref --sort -committerdate --format %(refname)%00%(objectname)%00%(*objectname) [2ms]
2026-06-26 21:48:58.071 [info] > git status -z -uall [12ms]
2026-06-26 21:49:03.097 [info] > git config --get commit.template [8ms]
2026-06-26 21:49:03.099 [info] > git for-each-ref --format=%(refname)%00%(upstream:short)%00%(objectname)%00%(upstream:track)%00%(upstream:remotename)%00%(upstream:remoteref) refs/heads/master refs/remotes/master [3ms]
2026-06-26 21:49:03.113 [info] > git status -z -uall [8ms]
2026-06-26 21:49:03.114 [info] > git for-each-ref --sort -committerdate --format %(refname)%00%(objectname)%00%(*objectname) [3ms]
2026-06-26 21:49:08.139 [info] > git config --get commit.template [9ms]
2026-06-26 21:49:08.141 [info] > git for-each-ref --format=%(refname)%00%(upstream:short)%00%(objectname)%00%(upstream:track)%00%(upstream:remotename)%00%(upstream:remoteref) refs/heads/master refs/remotes/master [3ms]
2026-06-26 21:49:08.159 [info] > git status -z -uall [10ms]
2026-06-26 21:49:08.159 [info] > git for-each-ref --sort -committerdate --format %(refname)%00%(objectname)%00%(*objectname) [3ms]
2026-06-26 21:49:13.183 [info] > git config --get commit.template [8ms]
2026-06-26 21:49:13.184 [info] > git for-each-ref --format=%(refname)%00%(upstream:short)%00%(objectname)%00%(upstream:track)%00%(upstream:remotename)%00%(upstream:remoteref) refs/heads/master refs/remotes/master [2ms]
2026-06-26 21:49:13.198 [info] > git status -z -uall [8ms]
2026-06-26 21:49:13.200 [info] > git for-each-ref --sort -committerdate --format %(refname)%00%(objectname)%00%(*objectname) [4ms]
2026-06-26 21:49:18.222 [info] > git config --get commit.template [9ms]
2026-06-26 21:49:18.224 [info] > git for-each-ref --format=%(refname)%00%(upstream:short)%00%(objectname)%00%(upstream:track)%00%(upstream:remotename)%00%(upstream:remoteref) refs/heads/master refs/remotes/master [3ms]
2026-06-26 21:49:18.244 [info] > git for-each-ref --sort -committerdate --format %(refname)%00%(objectname)%00%(*objectname) [3ms]
2026-06-26 21:49:18.246 [info] > git status -z -uall [14ms]
2026-06-26 21:49:23.277 [info] > git config --get commit.template [8ms]
2026-06-26 21:49:23.279 [info] > git for-each-ref --format=%(refname)%00%(upstream:short)%00%(objectname)%00%(upstream:track)%00%(upstream:remotename)%00%(upstream:remoteref) refs/heads/master refs/remotes/master [3ms]
2026-06-26 21:49:23.294 [info] > git status -z -uall [8ms]
2026-06-26 21:49:23.295 [info] > git for-each-ref --sort -committerdate --format %(refname)%00%(objectname)%00%(*objectname) [3ms]
2026-06-26 21:49:28.320 [info] > git config --get commit.template [9ms]
2026-06-26 21:49:28.322 [info] > git for-each-ref --format=%(refname)%00%(upstream:short)%00%(objectname)%00%(upstream:track)%00%(upstream:remotename)%00%(upstream:remoteref) refs/heads/master refs/remotes/master [3ms]
2026-06-26 21:49:28.341 [info] > git status -z -uall [11ms]
2026-06-26 21:49:28.342 [info] > git for-each-ref --sort -committerdate --format %(refname)%00%(objectname)%00%(*objectname) [4ms]
2026-06-26 21:49:33.368 [info] > git config --get commit.template [9ms]
2026-06-26 21:49:33.370 [info] > git for-each-ref --format=%(refname)%00%(upstream:short)%00%(objectname)%00%(upstream:track)%00%(upstream:remotename)%00%(upstream:remoteref) refs/heads/master refs/remotes/master [3ms]
2026-06-26 21:49:33.390 [info] > git status -z -uall [12ms]
2026-06-26 21:49:33.391 [info] > git for-each-ref --sort -committerdate --format %(refname)%00%(objectname)%00%(*objectname) [5ms]
2026-06-26 21:49:38.413 [info] > git config --get commit.template [4ms]
2026-06-26 21:49:38.423 [info] > git for-each-ref --format=%(refname)%00%(upstream:short)%00%(objectname)%00%(upstream:track)%00%(upstream:remotename)%00%(upstream:remoteref) refs/heads/master refs/remotes/master [2ms]
2026-06-26 21:49:38.438 [info] > git status -z -uall [8ms]
2026-06-26 21:49:38.439 [info] > git for-each-ref --sort -committerdate --format %(refname)%00%(objectname)%00%(*objectname) [3ms]
2026-06-26 21:49:43.463 [info] > git config --get commit.template [9ms]
2026-06-26 21:49:43.465 [info] > git for-each-ref --format=%(refname)%00%(upstream:short)%00%(objectname)%00%(upstream:track)%00%(upstream:remotename)%00%(upstream:remoteref) refs/heads/master refs/remotes/master [3ms]
2026-06-26 21:49:43.484 [info] > git for-each-ref --sort -committerdate --format %(refname)%00%(objectname)%00%(*objectname) [3ms]
2026-06-26 21:49:43.485 [info] > git status -z -uall [12ms]
2026-06-26 21:49:48.507 [info] > git config --get commit.template [9ms]
2026-06-26 21:49:48.509 [info] > git for-each-ref --format=%(refname)%00%(upstream:short)%00%(objectname)%00%(upstream:track)%00%(upstream:remotename)%00%(upstream:remoteref) refs/heads/master refs/remotes/master [3ms]
2026-06-26 21:49:48.528 [info] > git status -z -uall [11ms]
2026-06-26 21:49:48.529 [info] > git for-each-ref --sort -committerdate --format %(refname)%00%(objectname)%00%(*objectname) [4ms]
2026-06-26 21:49:53.555 [info] > git config --get commit.template [9ms]
2026-06-26 21:49:53.557 [info] > git for-each-ref --format=%(refname)%00%(upstream:short)%00%(objectname)%00%(upstream:track)%00%(upstream:remotename)%00%(upstream:remoteref) refs/heads/master refs/remotes/master [3ms]
2026-06-26 21:49:53.575 [info] > git status -z -uall [10ms]
2026-06-26 21:49:53.575 [info] > git for-each-ref --sort -committerdate --format %(refname)%00%(objectname)%00%(*objectname) [3ms]
