2026-06-26 21:02:13.631 [info] [main] Log level: Info
2026-06-26 21:02:13.632 [info] [main] Validating found git in: "git"
2026-06-26 21:02:13.632 [info] [main] Using git "2.43.0" from "git"
2026-06-26 21:02:13.632 [info] [Model][doInitialScan] Initial repository scan started
2026-06-26 21:02:13.632 [info] > git rev-parse --show-toplevel [130ms]
2026-06-26 21:02:13.632 [info] > git rev-parse --git-dir --git-common-dir --show-superproject-working-tree [7ms]
2026-06-26 21:02:13.632 [info] [Model][openRepository] Opened repository (path): /home/kraddy/homelab
2026-06-26 21:02:13.632 [info] [Model][openRepository] Opened repository (real path): /home/kraddy/homelab
2026-06-26 21:02:13.632 [info] [Model][openRepository] Opened repository (kind): repository
2026-06-26 21:02:13.632 [info] > git config --get commit.template [15ms]
2026-06-26 21:02:13.632 [info] > git rev-parse --show-toplevel [12ms]
2026-06-26 21:02:13.632 [info] > git for-each-ref --format=%(refname)%00%(upstream:short)%00%(objectname)%00%(upstream:track)%00%(upstream:remotename)%00%(upstream:remoteref) refs/heads/master refs/remotes/master [20ms]
2026-06-26 21:02:13.632 [info] > git rev-parse --show-toplevel [15ms]
2026-06-26 21:02:13.632 [info] > git status -z -uall [10ms]
2026-06-26 21:02:13.632 [info] > git rev-parse --show-toplevel [21ms]
2026-06-26 21:02:13.632 [info] [Model][doInitialScan] Initial repository scan completed - repositories (1), closed repositories (0), parent repositories (0), unsafe repositories (0)
2026-06-26 21:02:13.632 [info] > git for-each-ref --sort -committerdate --format %(refname)%00%(objectname)%00%(*objectname) [10ms]
2026-06-26 21:02:13.632 [info] > git for-each-ref --format=%(refname)%00%(upstream:short)%00%(objectname)%00%(upstream:track)%00%(upstream:remotename)%00%(upstream:remoteref) refs/heads/master refs/remotes/master [50ms]
2026-06-26 21:02:13.632 [info] > git config --get commit.template [31ms]
2026-06-26 21:02:13.632 [info] > git config --get --local branch.master.vscode-merge-base [18ms]
2026-06-26 21:02:13.632 [warning] [Git][config] git config failed: Failed to execute git
2026-06-26 21:02:13.632 [info] > git reflog master --grep-reflog=branch: Created from *. [7ms]
2026-06-26 21:02:13.632 [info] > git for-each-ref --format=%(refname)%00%(upstream:short)%00%(objectname)%00%(upstream:track)%00%(upstream:remotename)%00%(upstream:remoteref) refs/heads/master refs/remotes/master [8ms]
2026-06-26 21:02:13.632 [info] > git symbolic-ref --short refs/remotes/origin/HEAD [3ms]
2026-06-26 21:02:13.632 [info] fatal: ref refs/remotes/origin/HEAD is not a symbolic ref
2026-06-26 21:02:13.632 [warning] [Repository][getDefaultBranch] Failed to get default branch details: Failed to execute git.
2026-06-26 21:02:13.632 [info] > git status -z -uall [20ms]
2026-06-26 21:02:13.632 [info] > git merge-base refs/heads/master refs/remotes/origin/master [27ms]
2026-06-26 21:02:13.632 [info] > git for-each-ref --sort -committerdate --format %(refname)%00%(objectname)%00%(*objectname) [23ms]
2026-06-26 21:02:13.632 [info] > git merge-base refs/heads/master refs/remotes/origin/master [4ms]
2026-06-26 21:02:13.632 [info] > git diff --name-status -z --diff-filter=ADMR af56fc5fa72047d9dd5348df51ce47913cef5f54...refs/remotes/origin/master [29ms]
2026-06-26 21:02:13.632 [info] > git diff --name-status -z --diff-filter=ADMR af56fc5fa72047d9dd5348df51ce47913cef5f54...refs/remotes/origin/master [4ms]
2026-06-26 21:02:13.920 [info] > git show --textconv :infra/portainer/docker-compose.yml [7ms]
2026-06-26 21:02:13.921 [info] > git ls-files --stage -- infra/portainer/docker-compose.yml [2ms]
2026-06-26 21:02:13.929 [info] > git cat-file -s 64f67250757fae0cfa4644dc4e9eac7be858f27b [3ms]
2026-06-26 21:02:14.088 [info] > git blame --root --incremental af56fc5fa72047d9dd5348df51ce47913cef5f54 -- infra/portainer/docker-compose.yml [4ms]
2026-06-26 21:02:14.188 [info] > git check-ignore -v -z --stdin [2ms]
2026-06-26 21:02:17.395 [info] > git config --get commit.template [7ms]
2026-06-26 21:02:17.396 [info] > git for-each-ref --format=%(refname)%00%(upstream:short)%00%(objectname)%00%(upstream:track)%00%(upstream:remotename)%00%(upstream:remoteref) refs/heads/master refs/remotes/master [2ms]
2026-06-26 21:02:17.410 [info] > git status -z -uall [8ms]
2026-06-26 21:02:17.412 [info] > git for-each-ref --sort -committerdate --format %(refname)%00%(objectname)%00%(*objectname) [4ms]
2026-06-26 21:02:22.436 [info] > git config --get commit.template [8ms]
2026-06-26 21:02:22.438 [info] > git for-each-ref --format=%(refname)%00%(upstream:short)%00%(objectname)%00%(upstream:track)%00%(upstream:remotename)%00%(upstream:remoteref) refs/heads/master refs/remotes/master [2ms]
2026-06-26 21:02:22.456 [info] > git status -z -uall [10ms]
2026-06-26 21:02:22.457 [info] > git for-each-ref --sort -committerdate --format %(refname)%00%(objectname)%00%(*objectname) [5ms]
2026-06-26 21:03:14.255 [info] > git config --get commit.template [7ms]
2026-06-26 21:03:14.257 [info] > git for-each-ref --format=%(refname)%00%(upstream:short)%00%(objectname)%00%(upstream:track)%00%(upstream:remotename)%00%(upstream:remoteref) refs/heads/master refs/remotes/master [3ms]
2026-06-26 21:03:14.278 [info] > git status -z -uall [12ms]
2026-06-26 21:03:14.280 [info] > git for-each-ref --sort -committerdate --format %(refname)%00%(objectname)%00%(*objectname) [5ms]
2026-06-26 21:05:12.446 [info] > git config --get commit.template [11ms]
2026-06-26 21:05:12.447 [info] > git for-each-ref --format=%(refname)%00%(upstream:short)%00%(objectname)%00%(upstream:track)%00%(upstream:remotename)%00%(upstream:remoteref) refs/heads/master refs/remotes/master [2ms]
2026-06-26 21:05:12.465 [info] > git status -z -uall [11ms]
2026-06-26 21:05:12.465 [info] > git for-each-ref --sort -committerdate --format %(refname)%00%(objectname)%00%(*objectname) [3ms]
2026-06-26 21:05:17.512 [info] > git config --get commit.template [7ms]
2026-06-26 21:05:17.513 [info] > git for-each-ref --format=%(refname)%00%(upstream:short)%00%(objectname)%00%(upstream:track)%00%(upstream:remotename)%00%(upstream:remoteref) refs/heads/master refs/remotes/master [2ms]
2026-06-26 21:05:17.527 [info] > git status -z -uall [8ms]
2026-06-26 21:05:17.529 [info] > git for-each-ref --sort -committerdate --format %(refname)%00%(objectname)%00%(*objectname) [4ms]
2026-06-26 21:05:22.551 [info] > git config --get commit.template [7ms]
2026-06-26 21:05:22.552 [info] > git for-each-ref --format=%(refname)%00%(upstream:short)%00%(objectname)%00%(upstream:track)%00%(upstream:remotename)%00%(upstream:remoteref) refs/heads/master refs/remotes/master [2ms]
2026-06-26 21:05:22.570 [info] > git status -z -uall [12ms]
2026-06-26 21:05:22.572 [info] > git for-each-ref --sort -committerdate --format %(refname)%00%(objectname)%00%(*objectname) [6ms]
2026-06-26 21:05:27.601 [info] > git config --get commit.template [9ms]
2026-06-26 21:05:27.603 [info] > git for-each-ref --format=%(refname)%00%(upstream:short)%00%(objectname)%00%(upstream:track)%00%(upstream:remotename)%00%(upstream:remoteref) refs/heads/master refs/remotes/master [3ms]
2026-06-26 21:05:27.620 [info] > git status -z -uall [9ms]
2026-06-26 21:05:27.620 [info] > git for-each-ref --sort -committerdate --format %(refname)%00%(objectname)%00%(*objectname) [3ms]
2026-06-26 21:05:32.647 [info] > git config --get commit.template [9ms]
2026-06-26 21:05:32.649 [info] > git for-each-ref --format=%(refname)%00%(upstream:short)%00%(objectname)%00%(upstream:track)%00%(upstream:remotename)%00%(upstream:remoteref) refs/heads/master refs/remotes/master [3ms]
2026-06-26 21:05:32.663 [info] > git status -z -uall [8ms]
2026-06-26 21:05:32.664 [info] > git for-each-ref --sort -committerdate --format %(refname)%00%(objectname)%00%(*objectname) [3ms]
2026-06-26 21:05:37.693 [info] > git config --get commit.template [9ms]
2026-06-26 21:05:37.694 [info] > git for-each-ref --format=%(refname)%00%(upstream:short)%00%(objectname)%00%(upstream:track)%00%(upstream:remotename)%00%(upstream:remoteref) refs/heads/master refs/remotes/master [3ms]
2026-06-26 21:05:37.709 [info] > git status -z -uall [9ms]
2026-06-26 21:05:37.710 [info] > git for-each-ref --sort -committerdate --format %(refname)%00%(objectname)%00%(*objectname) [4ms]
2026-06-26 21:05:42.735 [info] > git config --get commit.template [7ms]
2026-06-26 21:05:42.737 [info] > git for-each-ref --format=%(refname)%00%(upstream:short)%00%(objectname)%00%(upstream:track)%00%(upstream:remotename)%00%(upstream:remoteref) refs/heads/master refs/remotes/master [3ms]
2026-06-26 21:05:42.751 [info] > git status -z -uall [8ms]
2026-06-26 21:05:42.753 [info] > git for-each-ref --sort -committerdate --format %(refname)%00%(objectname)%00%(*objectname) [4ms]
2026-06-26 21:09:03.400 [info] > git config --get commit.template [11ms]
2026-06-26 21:09:03.402 [info] > git for-each-ref --format=%(refname)%00%(upstream:short)%00%(objectname)%00%(upstream:track)%00%(upstream:remotename)%00%(upstream:remoteref) refs/heads/master refs/remotes/master [3ms]
2026-06-26 21:09:03.417 [info] > git status -z -uall [8ms]
2026-06-26 21:09:03.418 [info] > git for-each-ref --sort -committerdate --format %(refname)%00%(objectname)%00%(*objectname) [3ms]
2026-06-26 21:09:08.438 [info] > git config --get commit.template [3ms]
2026-06-26 21:09:08.448 [info] > git for-each-ref --format=%(refname)%00%(upstream:short)%00%(objectname)%00%(upstream:track)%00%(upstream:remotename)%00%(upstream:remoteref) refs/heads/master refs/remotes/master [3ms]
2026-06-26 21:09:08.467 [info] > git for-each-ref --sort -committerdate --format %(refname)%00%(objectname)%00%(*objectname) [2ms]
2026-06-26 21:09:08.468 [info] > git status -z -uall [12ms]
2026-06-26 21:09:13.495 [info] > git config --get commit.template [9ms]
2026-06-26 21:09:13.497 [info] > git for-each-ref --format=%(refname)%00%(upstream:short)%00%(objectname)%00%(upstream:track)%00%(upstream:remotename)%00%(upstream:remoteref) refs/heads/master refs/remotes/master [3ms]
2026-06-26 21:09:13.517 [info] > git status -z -uall [12ms]
2026-06-26 21:09:13.519 [info] > git for-each-ref --sort -committerdate --format %(refname)%00%(objectname)%00%(*objectname) [5ms]
2026-06-26 21:11:04.018 [info] > git config --get commit.template [8ms]
2026-06-26 21:11:04.019 [info] > git for-each-ref --format=%(refname)%00%(upstream:short)%00%(objectname)%00%(upstream:track)%00%(upstream:remotename)%00%(upstream:remoteref) refs/heads/master refs/remotes/master [3ms]
2026-06-26 21:11:04.034 [info] > git for-each-ref --sort -committerdate --format %(refname)%00%(objectname)%00%(*objectname) [2ms]
2026-06-26 21:11:04.035 [info] > git status -z -uall [10ms]
2026-06-26 21:11:04.691 [info] > git check-ignore -v -z --stdin [3ms]
2026-06-26 21:11:09.058 [info] > git config --get commit.template [5ms]
2026-06-26 21:11:09.071 [info] > git for-each-ref --format=%(refname)%00%(upstream:short)%00%(objectname)%00%(upstream:track)%00%(upstream:remotename)%00%(upstream:remoteref) refs/heads/master refs/remotes/master [2ms]
2026-06-26 21:11:09.093 [info] > git status -z -uall [11ms]
2026-06-26 21:11:09.098 [info] > git for-each-ref --sort -committerdate --format %(refname)%00%(objectname)%00%(*objectname) [7ms]
2026-06-26 21:11:14.128 [info] > git config --get commit.template [10ms]
2026-06-26 21:11:14.130 [info] > git for-each-ref --format=%(refname)%00%(upstream:short)%00%(objectname)%00%(upstream:track)%00%(upstream:remotename)%00%(upstream:remoteref) refs/heads/master refs/remotes/master [4ms]
2026-06-26 21:11:14.144 [info] > git status -z -uall [8ms]
2026-06-26 21:11:14.145 [info] > git for-each-ref --sort -committerdate --format %(refname)%00%(objectname)%00%(*objectname) [3ms]
2026-06-26 21:11:19.174 [info] > git config --get commit.template [11ms]
2026-06-26 21:11:19.175 [info] > git for-each-ref --format=%(refname)%00%(upstream:short)%00%(objectname)%00%(upstream:track)%00%(upstream:remotename)%00%(upstream:remoteref) refs/heads/master refs/remotes/master [4ms]
2026-06-26 21:11:19.195 [info] > git status -z -uall [11ms]
2026-06-26 21:11:19.196 [info] > git for-each-ref --sort -committerdate --format %(refname)%00%(objectname)%00%(*objectname) [4ms]
2026-06-26 21:11:24.218 [info] > git config --get commit.template [6ms]
2026-06-26 21:11:24.219 [info] > git for-each-ref --format=%(refname)%00%(upstream:short)%00%(objectname)%00%(upstream:track)%00%(upstream:remotename)%00%(upstream:remoteref) refs/heads/master refs/remotes/master [2ms]
2026-06-26 21:11:24.233 [info] > git status -z -uall [8ms]
2026-06-26 21:11:24.234 [info] > git for-each-ref --sort -committerdate --format %(refname)%00%(objectname)%00%(*objectname) [3ms]
2026-06-26 21:11:29.260 [info] > git config --get commit.template [9ms]
2026-06-26 21:11:29.262 [info] > git for-each-ref --format=%(refname)%00%(upstream:short)%00%(objectname)%00%(upstream:track)%00%(upstream:remotename)%00%(upstream:remoteref) refs/heads/master refs/remotes/master [3ms]
2026-06-26 21:11:29.282 [info] > git for-each-ref --sort -committerdate --format %(refname)%00%(objectname)%00%(*objectname) [4ms]
2026-06-26 21:11:29.282 [info] > git status -z -uall [12ms]
2026-06-26 21:11:34.311 [info] > git config --get commit.template [8ms]
2026-06-26 21:11:34.313 [info] > git for-each-ref --format=%(refname)%00%(upstream:short)%00%(objectname)%00%(upstream:track)%00%(upstream:remotename)%00%(upstream:remoteref) refs/heads/master refs/remotes/master [4ms]
2026-06-26 21:11:34.327 [info] > git status -z -uall [8ms]
2026-06-26 21:11:34.328 [info] > git for-each-ref --sort -committerdate --format %(refname)%00%(objectname)%00%(*objectname) [3ms]
2026-06-26 21:11:39.354 [info] > git config --get commit.template [9ms]
2026-06-26 21:11:39.356 [info] > git for-each-ref --format=%(refname)%00%(upstream:short)%00%(objectname)%00%(upstream:track)%00%(upstream:remotename)%00%(upstream:remoteref) refs/heads/master refs/remotes/master [3ms]
2026-06-26 21:11:39.375 [info] > git status -z -uall [10ms]
2026-06-26 21:11:39.376 [info] > git for-each-ref --sort -committerdate --format %(refname)%00%(objectname)%00%(*objectname) [4ms]
2026-06-26 21:13:00.739 [info] > git config --get commit.template [9ms]
2026-06-26 21:13:00.740 [info] > git for-each-ref --format=%(refname)%00%(upstream:short)%00%(objectname)%00%(upstream:track)%00%(upstream:remotename)%00%(upstream:remoteref) refs/heads/master refs/remotes/master [2ms]
2026-06-26 21:13:00.754 [info] > git status -z -uall [8ms]
2026-06-26 21:13:00.755 [info] > git for-each-ref --sort -committerdate --format %(refname)%00%(objectname)%00%(*objectname) [3ms]
2026-06-26 21:16:43.199 [info] > git config --get commit.template [8ms]
2026-06-26 21:16:43.200 [info] > git for-each-ref --format=%(refname)%00%(upstream:short)%00%(objectname)%00%(upstream:track)%00%(upstream:remotename)%00%(upstream:remoteref) refs/heads/master refs/remotes/master [2ms]
2026-06-26 21:16:43.219 [info] > git for-each-ref --sort -committerdate --format %(refname)%00%(objectname)%00%(*objectname) [2ms]
2026-06-26 21:16:43.220 [info] > git status -z -uall [13ms]
2026-06-26 21:25:31.557 [info] > git config --get commit.template [9ms]
2026-06-26 21:25:31.559 [info] > git for-each-ref --format=%(refname)%00%(upstream:short)%00%(objectname)%00%(upstream:track)%00%(upstream:remotename)%00%(upstream:remoteref) refs/heads/master refs/remotes/master [3ms]
2026-06-26 21:25:31.576 [info] > git status -z -uall [9ms]
2026-06-26 21:25:31.577 [info] > git for-each-ref --sort -committerdate --format %(refname)%00%(objectname)%00%(*objectname) [3ms]
2026-06-26 21:25:36.611 [info] > git config --get commit.template [16ms]
2026-06-26 21:25:36.612 [info] > git for-each-ref --format=%(refname)%00%(upstream:short)%00%(objectname)%00%(upstream:track)%00%(upstream:remotename)%00%(upstream:remoteref) refs/heads/master refs/remotes/master [8ms]
2026-06-26 21:25:36.636 [info] > git status -z -uall [12ms]
2026-06-26 21:25:36.640 [info] > git for-each-ref --sort -committerdate --format %(refname)%00%(objectname)%00%(*objectname) [7ms]
2026-06-26 21:25:41.667 [info] > git config --get commit.template [8ms]
2026-06-26 21:25:41.668 [info] > git for-each-ref --format=%(refname)%00%(upstream:short)%00%(objectname)%00%(upstream:track)%00%(upstream:remotename)%00%(upstream:remoteref) refs/heads/master refs/remotes/master [2ms]
2026-06-26 21:25:41.683 [info] > git status -z -uall [9ms]
2026-06-26 21:25:41.685 [info] > git for-each-ref --sort -committerdate --format %(refname)%00%(objectname)%00%(*objectname) [5ms]
2026-06-26 21:26:18.489 [info] > git config --get commit.template [8ms]
2026-06-26 21:26:18.490 [info] > git for-each-ref --format=%(refname)%00%(upstream:short)%00%(objectname)%00%(upstream:track)%00%(upstream:remotename)%00%(upstream:remoteref) refs/heads/master refs/remotes/master [3ms]
2026-06-26 21:26:18.504 [info] > git status -z -uall [8ms]
2026-06-26 21:26:18.506 [info] > git for-each-ref --sort -committerdate --format %(refname)%00%(objectname)%00%(*objectname) [4ms]
2026-06-26 21:27:11.604 [info] > git config --get commit.template [8ms]
2026-06-26 21:27:11.605 [info] > git for-each-ref --format=%(refname)%00%(upstream:short)%00%(objectname)%00%(upstream:track)%00%(upstream:remotename)%00%(upstream:remoteref) refs/heads/master refs/remotes/master [2ms]
2026-06-26 21:27:11.621 [info] > git status -z -uall [9ms]
2026-06-26 21:27:11.622 [info] > git for-each-ref --sort -committerdate --format %(refname)%00%(objectname)%00%(*objectname) [4ms]
2026-06-26 21:27:16.651 [info] > git config --get commit.template [9ms]
2026-06-26 21:27:16.653 [info] > git for-each-ref --format=%(refname)%00%(upstream:short)%00%(objectname)%00%(upstream:track)%00%(upstream:remotename)%00%(upstream:remoteref) refs/heads/master refs/remotes/master [3ms]
2026-06-26 21:27:16.670 [info] > git status -z -uall [9ms]
2026-06-26 21:27:16.671 [info] > git for-each-ref --sort -committerdate --format %(refname)%00%(objectname)%00%(*objectname) [4ms]
2026-06-26 21:27:17.928 [info] > git show --textconv :infra/portainer/docker-compose.yml [9ms]
2026-06-26 21:27:17.931 [info] > git ls-files --stage -- infra/portainer/docker-compose.yml [4ms]
2026-06-26 21:27:17.941 [info] > git cat-file -s 64f67250757fae0cfa4644dc4e9eac7be858f27b [2ms]
2026-06-26 21:27:21.690 [info] > git config --get commit.template [3ms]
2026-06-26 21:27:21.702 [info] > git for-each-ref --format=%(refname)%00%(upstream:short)%00%(objectname)%00%(upstream:track)%00%(upstream:remotename)%00%(upstream:remoteref) refs/heads/master refs/remotes/master [3ms]
2026-06-26 21:27:21.718 [info] > git status -z -uall [10ms]
2026-06-26 21:27:21.719 [info] > git for-each-ref --sort -committerdate --format %(refname)%00%(objectname)%00%(*objectname) [4ms]
2026-06-26 21:27:26.745 [info] > git config --get commit.template [9ms]
2026-06-26 21:27:26.747 [info] > git for-each-ref --format=%(refname)%00%(upstream:short)%00%(objectname)%00%(upstream:track)%00%(upstream:remotename)%00%(upstream:remoteref) refs/heads/master refs/remotes/master [3ms]
2026-06-26 21:27:26.766 [info] > git status -z -uall [11ms]
2026-06-26 21:27:26.767 [info] > git for-each-ref --sort -committerdate --format %(refname)%00%(objectname)%00%(*objectname) [4ms]
2026-06-26 21:27:31.791 [info] > git config --get commit.template [9ms]
2026-06-26 21:27:31.793 [info] > git for-each-ref --format=%(refname)%00%(upstream:short)%00%(objectname)%00%(upstream:track)%00%(upstream:remotename)%00%(upstream:remoteref) refs/heads/master refs/remotes/master [3ms]
2026-06-26 21:27:31.813 [info] > git status -z -uall [12ms]
2026-06-26 21:27:31.814 [info] > git for-each-ref --sort -committerdate --format %(refname)%00%(objectname)%00%(*objectname) [4ms]
2026-06-26 21:27:36.839 [info] > git config --get commit.template [11ms]
2026-06-26 21:27:36.840 [info] > git for-each-ref --format=%(refname)%00%(upstream:short)%00%(objectname)%00%(upstream:track)%00%(upstream:remotename)%00%(upstream:remoteref) refs/heads/master refs/remotes/master [4ms]
2026-06-26 21:27:36.854 [info] > git status -z -uall [8ms]
2026-06-26 21:27:36.855 [info] > git for-each-ref --sort -committerdate --format %(refname)%00%(objectname)%00%(*objectname) [3ms]
2026-06-26 21:27:44.729 [info] > git config --get commit.template [11ms]
2026-06-26 21:27:44.730 [info] > git for-each-ref --format=%(refname)%00%(upstream:short)%00%(objectname)%00%(upstream:track)%00%(upstream:remotename)%00%(upstream:remoteref) refs/heads/master refs/remotes/master [4ms]
2026-06-26 21:27:44.744 [info] > git status -z -uall [8ms]
2026-06-26 21:27:44.745 [info] > git for-each-ref --sort -committerdate --format %(refname)%00%(objectname)%00%(*objectname) [3ms]
2026-06-26 21:27:49.758 [info] > git config --get commit.template [3ms]
2026-06-26 21:27:49.768 [info] > git for-each-ref --format=%(refname)%00%(upstream:short)%00%(objectname)%00%(upstream:track)%00%(upstream:remotename)%00%(upstream:remoteref) refs/heads/master refs/remotes/master [3ms]
2026-06-26 21:27:49.785 [info] > git status -z -uall [9ms]
2026-06-26 21:27:49.786 [info] > git for-each-ref --sort -committerdate --format %(refname)%00%(objectname)%00%(*objectname) [4ms]
2026-06-26 21:27:55.214 [info] > git config --get commit.template [3ms]
2026-06-26 21:27:55.223 [info] > git for-each-ref --format=%(refname)%00%(upstream:short)%00%(objectname)%00%(upstream:track)%00%(upstream:remotename)%00%(upstream:remoteref) refs/heads/master refs/remotes/master [2ms]
2026-06-26 21:27:55.238 [info] > git status -z -uall [8ms]
2026-06-26 21:27:55.239 [info] > git for-each-ref --sort -committerdate --format %(refname)%00%(objectname)%00%(*objectname) [3ms]
2026-06-26 21:28:00.257 [info] > git config --get commit.template [3ms]
2026-06-26 21:28:00.267 [info] > git for-each-ref --format=%(refname)%00%(upstream:short)%00%(objectname)%00%(upstream:track)%00%(upstream:remotename)%00%(upstream:remoteref) refs/heads/master refs/remotes/master [3ms]
2026-06-26 21:28:00.286 [info] > git status -z -uall [10ms]
2026-06-26 21:28:00.288 [info] > git for-each-ref --sort -committerdate --format %(refname)%00%(objectname)%00%(*objectname) [5ms]
2026-06-26 21:28:17.239 [info] > git config --get commit.template [10ms]
2026-06-26 21:28:17.240 [info] > git for-each-ref --format=%(refname)%00%(upstream:short)%00%(objectname)%00%(upstream:track)%00%(upstream:remotename)%00%(upstream:remoteref) refs/heads/master refs/remotes/master [4ms]
2026-06-26 21:28:17.258 [info] > git status -z -uall [10ms]
2026-06-26 21:28:17.259 [info] > git for-each-ref --sort -committerdate --format %(refname)%00%(objectname)%00%(*objectname) [3ms]
2026-06-26 21:28:22.283 [info] > git config --get commit.template [9ms]
2026-06-26 21:28:22.285 [info] > git for-each-ref --format=%(refname)%00%(upstream:short)%00%(objectname)%00%(upstream:track)%00%(upstream:remotename)%00%(upstream:remoteref) refs/heads/master refs/remotes/master [3ms]
2026-06-26 21:28:22.301 [info] > git status -z -uall [8ms]
2026-06-26 21:28:22.302 [info] > git for-each-ref --sort -committerdate --format %(refname)%00%(objectname)%00%(*objectname) [3ms]
2026-06-26 21:28:27.327 [info] > git config --get commit.template [9ms]
2026-06-26 21:28:27.329 [info] > git for-each-ref --format=%(refname)%00%(upstream:short)%00%(objectname)%00%(upstream:track)%00%(upstream:remotename)%00%(upstream:remoteref) refs/heads/master refs/remotes/master [3ms]
2026-06-26 21:28:27.347 [info] > git status -z -uall [10ms]
2026-06-26 21:28:27.350 [info] > git for-each-ref --sort -committerdate --format %(refname)%00%(objectname)%00%(*objectname) [5ms]
2026-06-26 21:28:39.499 [info] > git config --get commit.template [10ms]
2026-06-26 21:28:39.501 [info] > git for-each-ref --format=%(refname)%00%(upstream:short)%00%(objectname)%00%(upstream:track)%00%(upstream:remotename)%00%(upstream:remoteref) refs/heads/master refs/remotes/master [3ms]
2026-06-26 21:28:39.519 [info] > git status -z -uall [10ms]
2026-06-26 21:28:39.520 [info] > git for-each-ref --sort -committerdate --format %(refname)%00%(objectname)%00%(*objectname) [4ms]
2026-06-26 21:28:40.177 [info] > git check-ignore -v -z --stdin [2ms]
2026-06-26 21:28:41.115 [info] > git show --textconv :apps/code-server/docker-compose.yml [8ms]
2026-06-26 21:28:41.118 [info] > git ls-files --stage -- apps/code-server/docker-compose.yml [4ms]
2026-06-26 21:28:41.128 [info] > git cat-file -s 85d5b480d45af3cf6071d676193d78b5ac1cf59d [3ms]
2026-06-26 21:28:41.312 [info] > git blame --root --incremental af56fc5fa72047d9dd5348df51ce47913cef5f54 -- apps/code-server/docker-compose.yml [2ms]
2026-06-26 21:28:43.428 [info] > git show --textconv :infra/portainer/docker-compose.yml [8ms]
2026-06-26 21:28:43.430 [info] > git ls-files --stage -- infra/portainer/docker-compose.yml [3ms]
2026-06-26 21:28:43.439 [info] > git cat-file -s 64f67250757fae0cfa4644dc4e9eac7be858f27b [2ms]
2026-06-26 21:28:44.546 [info] > git config --get commit.template [8ms]
2026-06-26 21:28:44.548 [info] > git for-each-ref --format=%(refname)%00%(upstream:short)%00%(objectname)%00%(upstream:track)%00%(upstream:remotename)%00%(upstream:remoteref) refs/heads/master refs/remotes/master [3ms]
2026-06-26 21:28:44.565 [info] > git for-each-ref --sort -committerdate --format %(refname)%00%(objectname)%00%(*objectname) [3ms]
2026-06-26 21:28:44.568 [info] > git status -z -uall [13ms]
2026-06-26 21:28:49.592 [info] > git config --get commit.template [9ms]
2026-06-26 21:28:49.594 [info] > git for-each-ref --format=%(refname)%00%(upstream:short)%00%(objectname)%00%(upstream:track)%00%(upstream:remotename)%00%(upstream:remoteref) refs/heads/master refs/remotes/master [3ms]
2026-06-26 21:28:49.614 [info] > git for-each-ref --sort -committerdate --format %(refname)%00%(objectname)%00%(*objectname) [3ms]
2026-06-26 21:28:49.616 [info] > git status -z -uall [14ms]
2026-06-26 21:29:09.589 [info] > git config --get commit.template [9ms]
2026-06-26 21:29:09.592 [info] > git for-each-ref --format=%(refname)%00%(upstream:short)%00%(objectname)%00%(upstream:track)%00%(upstream:remotename)%00%(upstream:remoteref) refs/heads/master refs/remotes/master [4ms]
2026-06-26 21:29:09.606 [info] > git status -z -uall [8ms]
2026-06-26 21:29:09.607 [info] > git for-each-ref --sort -committerdate --format %(refname)%00%(objectname)%00%(*objectname) [3ms]
2026-06-26 21:29:47.678 [info] > git config --get commit.template [8ms]
2026-06-26 21:29:47.679 [info] > git for-each-ref --format=%(refname)%00%(upstream:short)%00%(objectname)%00%(upstream:track)%00%(upstream:remotename)%00%(upstream:remoteref) refs/heads/master refs/remotes/master [2ms]
2026-06-26 21:29:47.694 [info] > git status -z -uall [9ms]
2026-06-26 21:29:47.695 [info] > git for-each-ref --sort -committerdate --format %(refname)%00%(objectname)%00%(*objectname) [4ms]
2026-06-26 21:29:52.720 [info] > git config --get commit.template [9ms]
2026-06-26 21:29:52.722 [info] > git for-each-ref --format=%(refname)%00%(upstream:short)%00%(objectname)%00%(upstream:track)%00%(upstream:remotename)%00%(upstream:remoteref) refs/heads/master refs/remotes/master [3ms]
2026-06-26 21:29:52.737 [info] > git status -z -uall [8ms]
2026-06-26 21:29:52.738 [info] > git for-each-ref --sort -committerdate --format %(refname)%00%(objectname)%00%(*objectname) [3ms]
2026-06-26 21:29:57.758 [info] > git config --get commit.template [4ms]
2026-06-26 21:29:57.776 [info] > git for-each-ref --format=%(refname)%00%(upstream:short)%00%(objectname)%00%(upstream:track)%00%(upstream:remotename)%00%(upstream:remoteref) refs/heads/master refs/remotes/master [5ms]
2026-06-26 21:29:57.800 [info] > git status -z -uall [11ms]
2026-06-26 21:29:57.801 [info] > git for-each-ref --sort -committerdate --format %(refname)%00%(objectname)%00%(*objectname) [3ms]
2026-06-26 21:30:02.830 [info] > git config --get commit.template [9ms]
2026-06-26 21:30:02.832 [info] > git for-each-ref --format=%(refname)%00%(upstream:short)%00%(objectname)%00%(upstream:track)%00%(upstream:remotename)%00%(upstream:remoteref) refs/heads/master refs/remotes/master [3ms]
2026-06-26 21:30:02.852 [info] > git status -z -uall [12ms]
2026-06-26 21:30:02.854 [info] > git for-each-ref --sort -committerdate --format %(refname)%00%(objectname)%00%(*objectname) [6ms]
2026-06-26 21:30:07.887 [info] > git config --get commit.template [18ms]
2026-06-26 21:30:07.887 [info] > git for-each-ref --format=%(refname)%00%(upstream:short)%00%(objectname)%00%(upstream:track)%00%(upstream:remotename)%00%(upstream:remoteref) refs/heads/master refs/remotes/master [11ms]
2026-06-26 21:30:07.906 [info] > git status -z -uall [9ms]
2026-06-26 21:30:07.907 [info] > git for-each-ref --sort -committerdate --format %(refname)%00%(objectname)%00%(*objectname) [4ms]
2026-06-26 21:30:43.941 [info] > git config --get commit.template [8ms]
2026-06-26 21:30:43.943 [info] > git for-each-ref --format=%(refname)%00%(upstream:short)%00%(objectname)%00%(upstream:track)%00%(upstream:remotename)%00%(upstream:remoteref) refs/heads/master refs/remotes/master [2ms]
2026-06-26 21:30:43.959 [info] > git status -z -uall [9ms]
2026-06-26 21:30:43.961 [info] > git for-each-ref --sort -committerdate --format %(refname)%00%(objectname)%00%(*objectname) [5ms]
2026-06-26 21:30:44.357 [info] > git show --textconv :apps/code-server/docker-compose.yml [7ms]
2026-06-26 21:30:44.359 [info] > git ls-files --stage -- apps/code-server/docker-compose.yml [2ms]
2026-06-26 21:30:44.367 [info] > git cat-file -s 85d5b480d45af3cf6071d676193d78b5ac1cf59d [2ms]
2026-06-26 21:30:48.983 [info] > git config --get commit.template [7ms]
2026-06-26 21:30:48.984 [info] > git for-each-ref --format=%(refname)%00%(upstream:short)%00%(objectname)%00%(upstream:track)%00%(upstream:remotename)%00%(upstream:remoteref) refs/heads/master refs/remotes/master [2ms]
2026-06-26 21:30:48.999 [info] > git status -z -uall [9ms]
2026-06-26 21:30:49.000 [info] > git for-each-ref --sort -committerdate --format %(refname)%00%(objectname)%00%(*objectname) [3ms]
2026-06-26 21:30:54.023 [info] > git config --get commit.template [9ms]
2026-06-26 21:30:54.025 [info] > git for-each-ref --format=%(refname)%00%(upstream:short)%00%(objectname)%00%(upstream:track)%00%(upstream:remotename)%00%(upstream:remoteref) refs/heads/master refs/remotes/master [3ms]
2026-06-26 21:30:54.044 [info] > git status -z -uall [11ms]
2026-06-26 21:30:54.045 [info] > git for-each-ref --sort -committerdate --format %(refname)%00%(objectname)%00%(*objectname) [4ms]
2026-06-26 21:31:08.034 [info] > git config --get commit.template [7ms]
2026-06-26 21:31:08.036 [info] > git for-each-ref --format=%(refname)%00%(upstream:short)%00%(objectname)%00%(upstream:track)%00%(upstream:remotename)%00%(upstream:remoteref) refs/heads/master refs/remotes/master [3ms]
2026-06-26 21:31:08.049 [info] > git status -z -uall [7ms]
2026-06-26 21:31:08.051 [info] > git for-each-ref --sort -committerdate --format %(refname)%00%(objectname)%00%(*objectname) [3ms]
2026-06-26 21:31:13.076 [info] > git config --get commit.template [10ms]
2026-06-26 21:31:13.078 [info] > git for-each-ref --format=%(refname)%00%(upstream:short)%00%(objectname)%00%(upstream:track)%00%(upstream:remotename)%00%(upstream:remoteref) refs/heads/master refs/remotes/master [3ms]
2026-06-26 21:31:13.098 [info] > git status -z -uall [12ms]
2026-06-26 21:31:13.101 [info] > git for-each-ref --sort -committerdate --format %(refname)%00%(objectname)%00%(*objectname) [4ms]
2026-06-26 21:31:18.125 [info] > git config --get commit.template [9ms]
2026-06-26 21:31:18.127 [info] > git for-each-ref --format=%(refname)%00%(upstream:short)%00%(objectname)%00%(upstream:track)%00%(upstream:remotename)%00%(upstream:remoteref) refs/heads/master refs/remotes/master [4ms]
2026-06-26 21:31:18.146 [info] > git status -z -uall [11ms]
2026-06-26 21:31:18.147 [info] > git for-each-ref --sort -committerdate --format %(refname)%00%(objectname)%00%(*objectname) [5ms]
2026-06-26 21:31:23.174 [info] > git config --get commit.template [10ms]
2026-06-26 21:31:23.176 [info] > git for-each-ref --format=%(refname)%00%(upstream:short)%00%(objectname)%00%(upstream:track)%00%(upstream:remotename)%00%(upstream:remoteref) refs/heads/master refs/remotes/master [3ms]
2026-06-26 21:31:23.196 [info] > git for-each-ref --sort -committerdate --format %(refname)%00%(objectname)%00%(*objectname) [2ms]
2026-06-26 21:31:23.196 [info] > git status -z -uall [11ms]
2026-06-26 21:31:28.222 [info] > git config --get commit.template [10ms]
2026-06-26 21:31:28.224 [info] > git for-each-ref --format=%(refname)%00%(upstream:short)%00%(objectname)%00%(upstream:track)%00%(upstream:remotename)%00%(upstream:remoteref) refs/heads/master refs/remotes/master [4ms]
2026-06-26 21:31:28.243 [info] > git status -z -uall [11ms]
2026-06-26 21:31:28.244 [info] > git for-each-ref --sort -committerdate --format %(refname)%00%(objectname)%00%(*objectname) [4ms]
2026-06-26 21:31:33.266 [info] > git config --get commit.template [9ms]
2026-06-26 21:31:33.268 [info] > git for-each-ref --format=%(refname)%00%(upstream:short)%00%(objectname)%00%(upstream:track)%00%(upstream:remotename)%00%(upstream:remoteref) refs/heads/master refs/remotes/master [3ms]
2026-06-26 21:31:33.287 [info] > git status -z -uall [11ms]
2026-06-26 21:31:33.288 [info] > git for-each-ref --sort -committerdate --format %(refname)%00%(objectname)%00%(*objectname) [4ms]
2026-06-26 21:31:38.315 [info] > git config --get commit.template [10ms]
2026-06-26 21:31:38.317 [info] > git for-each-ref --format=%(refname)%00%(upstream:short)%00%(objectname)%00%(upstream:track)%00%(upstream:remotename)%00%(upstream:remoteref) refs/heads/master refs/remotes/master [4ms]
2026-06-26 21:31:38.336 [info] > git status -z -uall [11ms]
2026-06-26 21:31:38.336 [info] > git for-each-ref --sort -committerdate --format %(refname)%00%(objectname)%00%(*objectname) [3ms]
2026-06-26 21:31:42.109 [info] > git show --textconv :infra/portainer/docker-compose.yml [9ms]
2026-06-26 21:31:42.111 [info] > git ls-files --stage -- infra/portainer/docker-compose.yml [3ms]
2026-06-26 21:31:42.120 [info] > git cat-file -s 64f67250757fae0cfa4644dc4e9eac7be858f27b [2ms]
2026-06-26 21:31:43.362 [info] > git config --get commit.template [9ms]
2026-06-26 21:31:43.364 [info] > git for-each-ref --format=%(refname)%00%(upstream:short)%00%(objectname)%00%(upstream:track)%00%(upstream:remotename)%00%(upstream:remoteref) refs/heads/master refs/remotes/master [3ms]
2026-06-26 21:31:43.382 [info] > git status -z -uall [10ms]
2026-06-26 21:31:43.384 [info] > git for-each-ref --sort -committerdate --format %(refname)%00%(objectname)%00%(*objectname) [5ms]
